Archive member included to satisfy reference by file (symbol)

G:/stm32cubeide/Install/STM32CubeIDE_1.18.0/STM32CubeIDE/plugins/com.st.stm32cube.ide.mcu.externaltools.gnu-tools-for-stm32.13.3.rel1.win32_1.0.0.202411081344/tools/bin/../lib/gcc/arm-none-eabi/13.3.1/../../../../arm-none-eabi/lib/thumb/v7e-m+fp/hard\libc_nano.a(libc_a-exit.o)
                              G:/stm32cubeide/Install/STM32CubeIDE_1.18.0/STM32CubeIDE/plugins/com.st.stm32cube.ide.mcu.externaltools.gnu-tools-for-stm32.13.3.rel1.win32_1.0.0.202411081344/tools/bin/../lib/gcc/arm-none-eabi/13.3.1/../../../../arm-none-eabi/lib/thumb/v7e-m+fp/hard/crt0.o (exit)
G:/stm32cubeide/Install/STM32CubeIDE_1.18.0/STM32CubeIDE/plugins/com.st.stm32cube.ide.mcu.externaltools.gnu-tools-for-stm32.13.3.rel1.win32_1.0.0.202411081344/tools/bin/../lib/gcc/arm-none-eabi/13.3.1/../../../../arm-none-eabi/lib/thumb/v7e-m+fp/hard\libc_nano.a(libc_a-findfp.o)
                              G:/stm32cubeide/Install/STM32CubeIDE_1.18.0/STM32CubeIDE/plugins/com.st.stm32cube.ide.mcu.externaltools.gnu-tools-for-stm32.13.3.rel1.win32_1.0.0.202411081344/tools/bin/../lib/gcc/arm-none-eabi/13.3.1/../../../../arm-none-eabi/lib/thumb/v7e-m+fp/hard\libc_nano.a(libc_a-exit.o) (__stdio_exit_handler)
G:/stm32cubeide/Install/STM32CubeIDE_1.18.0/STM32CubeIDE/plugins/com.st.stm32cube.ide.mcu.externaltools.gnu-tools-for-stm32.13.3.rel1.win32_1.0.0.202411081344/tools/bin/../lib/gcc/arm-none-eabi/13.3.1/../../../../arm-none-eabi/lib/thumb/v7e-m+fp/hard\libc_nano.a(libc_a-fwalk.o)
                              G:/stm32cubeide/Install/STM32CubeIDE_1.18.0/STM32CubeIDE/plugins/com.st.stm32cube.ide.mcu.externaltools.gnu-tools-for-stm32.13.3.rel1.win32_1.0.0.202411081344/tools/bin/../lib/gcc/arm-none-eabi/13.3.1/../../../../arm-none-eabi/lib/thumb/v7e-m+fp/hard\libc_nano.a(libc_a-findfp.o) (_fwalk_sglue)
G:/stm32cubeide/Install/STM32CubeIDE_1.18.0/STM32CubeIDE/plugins/com.st.stm32cube.ide.mcu.externaltools.gnu-tools-for-stm32.13.3.rel1.win32_1.0.0.202411081344/tools/bin/../lib/gcc/arm-none-eabi/13.3.1/../../../../arm-none-eabi/lib/thumb/v7e-m+fp/hard\libc_nano.a(libc_a-stdio.o)
                              G:/stm32cubeide/Install/STM32CubeIDE_1.18.0/STM32CubeIDE/plugins/com.st.stm32cube.ide.mcu.externaltools.gnu-tools-for-stm32.13.3.rel1.win32_1.0.0.202411081344/tools/bin/../lib/gcc/arm-none-eabi/13.3.1/../../../../arm-none-eabi/lib/thumb/v7e-m+fp/hard\libc_nano.a(libc_a-findfp.o) (__sread)
G:/stm32cubeide/Install/STM32CubeIDE_1.18.0/STM32CubeIDE/plugins/com.st.stm32cube.ide.mcu.externaltools.gnu-tools-for-stm32.13.3.rel1.win32_1.0.0.202411081344/tools/bin/../lib/gcc/arm-none-eabi/13.3.1/../../../../arm-none-eabi/lib/thumb/v7e-m+fp/hard\libc_nano.a(libc_a-memset.o)
                              G:/stm32cubeide/Install/STM32CubeIDE_1.18.0/STM32CubeIDE/plugins/com.st.stm32cube.ide.mcu.externaltools.gnu-tools-for-stm32.13.3.rel1.win32_1.0.0.202411081344/tools/bin/../lib/gcc/arm-none-eabi/13.3.1/../../../../arm-none-eabi/lib/thumb/v7e-m+fp/hard/crt0.o (memset)
G:/stm32cubeide/Install/STM32CubeIDE_1.18.0/STM32CubeIDE/plugins/com.st.stm32cube.ide.mcu.externaltools.gnu-tools-for-stm32.13.3.rel1.win32_1.0.0.202411081344/tools/bin/../lib/gcc/arm-none-eabi/13.3.1/../../../../arm-none-eabi/lib/thumb/v7e-m+fp/hard\libc_nano.a(libc_a-closer.o)
                              G:/stm32cubeide/Install/STM32CubeIDE_1.18.0/STM32CubeIDE/plugins/com.st.stm32cube.ide.mcu.externaltools.gnu-tools-for-stm32.13.3.rel1.win32_1.0.0.202411081344/tools/bin/../lib/gcc/arm-none-eabi/13.3.1/../../../../arm-none-eabi/lib/thumb/v7e-m+fp/hard\libc_nano.a(libc_a-stdio.o) (_close_r)
G:/stm32cubeide/Install/STM32CubeIDE_1.18.0/STM32CubeIDE/plugins/com.st.stm32cube.ide.mcu.externaltools.gnu-tools-for-stm32.13.3.rel1.win32_1.0.0.202411081344/tools/bin/../lib/gcc/arm-none-eabi/13.3.1/../../../../arm-none-eabi/lib/thumb/v7e-m+fp/hard\libc_nano.a(libc_a-reent.o)
                              G:/stm32cubeide/Install/STM32CubeIDE_1.18.0/STM32CubeIDE/plugins/com.st.stm32cube.ide.mcu.externaltools.gnu-tools-for-stm32.13.3.rel1.win32_1.0.0.202411081344/tools/bin/../lib/gcc/arm-none-eabi/13.3.1/../../../../arm-none-eabi/lib/thumb/v7e-m+fp/hard\libc_nano.a(libc_a-closer.o) (errno)
G:/stm32cubeide/Install/STM32CubeIDE_1.18.0/STM32CubeIDE/plugins/com.st.stm32cube.ide.mcu.externaltools.gnu-tools-for-stm32.13.3.rel1.win32_1.0.0.202411081344/tools/bin/../lib/gcc/arm-none-eabi/13.3.1/../../../../arm-none-eabi/lib/thumb/v7e-m+fp/hard\libc_nano.a(libc_a-impure.o)
                              G:/stm32cubeide/Install/STM32CubeIDE_1.18.0/STM32CubeIDE/plugins/com.st.stm32cube.ide.mcu.externaltools.gnu-tools-for-stm32.13.3.rel1.win32_1.0.0.202411081344/tools/bin/../lib/gcc/arm-none-eabi/13.3.1/../../../../arm-none-eabi/lib/thumb/v7e-m+fp/hard\libc_nano.a(libc_a-reent.o) (_impure_ptr)
[...]
Memory Configuration

Name             Origin             Length             Attributes
RAM              0x20000000         0x00020000         xrw
FLASH            0x08010000         0x00040000         xr
*default*        0x00000000         0xffffffff

Linker script and memory map

LOAD G:/stm32cubeide/Install/STM32CubeIDE_1.18.0/STM32CubeIDE/plugins/com.st.stm32cube.ide.mcu.externaltools.gnu-tools-for-stm32.13.3.rel1.win32_1.0.0.202411081344/tools/bin/../lib/gcc/arm-none-eabi/13.3.1/thumb/v7e-m+fp/hard/crti.o
LOAD G:/stm32cubeide/Install/STM32CubeIDE_1.18.0/STM32CubeIDE/plugins/com.st.stm32cube.ide.mcu.externaltools.gnu-tools-for-stm32.13.3.rel1.win32_1.0.0.202411081344/tools/bin/../lib/gcc/arm-none-eabi/13.3.1/thumb/v7e-m+fp/hard/crtbegin.o
LOAD G:/stm32cubeide/Install/STM32CubeIDE_1.18.0/STM32CubeIDE/plugins/com.st.stm32cube.ide.mcu.externaltools.gnu-tools-for-stm32.13.3.rel1.win32_1.0.0.202411081344/tools/bin/../lib/gcc/arm-none-eabi/13.3.1/../../../../arm-none-eabi/lib/thumb/v7e-m+fp/hard/crt0.o
LOAD ./Core/Src/main.o
LOAD ./Core/Src/stm32f4xx_hal_msp.o
LOAD ./Core/Src/stm32f4xx_it.o
LOAD ./Core/Src/syscalls.o
LOAD ./Core/Src/sysmem.o
LOAD ./Core/Src/system_stm32f4xx.o
LOAD ./Core/Startup/startup_stm32f411vetx.o
LOAD ./Drivers/STM32F4xx_HAL_Driver/Src/stm32f4xx_hal.o
LOAD ./Drivers/STM32F4xx_HAL_Driver/Src/stm32f4xx_hal_cortex.o
LOAD ./Drivers/STM32F4xx_HAL_Driver/Src/stm32f4xx_hal_dma.o
LOAD ./Drivers/STM32F4xx_HAL_Driver/Src/stm32f4xx_hal_dma_ex.o
LOAD ./Drivers/STM32F4xx_HAL_Driver/Src/stm32f4xx_hal_exti.o
LOAD ./Drivers/STM32F4xx_HAL_Driver/Src/stm32f4xx_hal_flash.o
LOAD ./Drivers/STM32F4xx_HAL_Driver/Src/stm32f4xx_hal_flash_ex.o
LOAD ./Drivers/STM32F4xx_HAL_Driver/Src/stm32f4xx_hal_flash_ramfunc.o
LOAD ./Drivers/STM32F4xx_HAL_Driver/Src/stm32f4xx_hal_gpio.o
LOAD ./Drivers/STM32F4xx_HAL_Driver/Src/stm32f4xx_hal_pcd.o
LOAD ./Drivers/STM32F4xx_HAL_Driver/Src/stm32f4xx_hal_pcd_ex.o
LOAD ./Drivers/STM32F4xx_HAL_Driver/Src/stm32f4xx_hal_pwr.o
LOAD ./Drivers/STM32F4xx_HAL_Driver/Src/stm32f4xx_hal_pwr_ex.o
LOAD ./Drivers/STM32F4xx_HAL_Driver/Src/stm32f4xx_hal_rcc.o
LOAD ./Drivers/STM32F4xx_HAL_Driver/Src/stm32f4xx_hal_rcc_ex.o
LOAD ./Drivers/STM32F4xx_HAL_Driver/Src/stm32f4xx_hal_uart.o
LOAD ./Drivers/STM32F4xx_HAL_Driver/Src/stm32f4xx_ll_usb.o
LOAD ./Middlewares/ST/STM32_USB_Device_Library/Class/CDC/Src/usbd_cdc.o
LOAD ./Middlewares/ST/STM32_USB_Device_Library/Core/Src/usbd_core.o
LOAD ./Middlewares/ST/STM32_USB_Device_Library/Core/Src/usbd_ctlreq.o
LOAD ./Middlewares/ST/STM32_USB_Device_Library/Core/Src/usbd_ioreq.o
LOAD ./USB_DEVICE/App/usb_device.o
LOAD ./USB_DEVICE/App/usbd_cdc_if.o
LOAD ./USB_DEVICE/App/usbd_desc.o
LOAD ./USB_DEVICE/Target/usbd_conf.o
START GROUP
LOAD G:/stm32cubeide/Install/STM32CubeIDE_1.18.0/STM32CubeIDE/plugins/com.st.stm32cube.ide.mcu.externaltools.gnu-tools-for-stm32.13.3.rel1.win32_1.0.0.202411081344/tools/bin/../lib/gcc/arm-none-eabi/13.3.1/../../../../arm-none-eabi/lib/thumb/v7e-m+fp/hard\libc_nano.a
LOAD G:/stm32cubeide/Install/STM32CubeIDE_1.18.0/STM32CubeIDE/plugins/com.st.stm32cube.ide.mcu.externaltools.gnu-tools-for-stm32.13.3.rel1.win32_1.0.0.202411081344/tools/bin/../lib/gcc/arm-none-eabi/13.3.1/../../../../arm-none-eabi/lib/thumb/v7e-m+fp/hard\libm.a
END GROUP
START GROUP
LOAD G:/stm32cubeide/Install/STM32CubeIDE_1.18.0/STM32CubeIDE/plugins/com.st.stm32cube.ide.mcu.externaltools.gnu-tools-for-stm32.13.3.rel1.win32_1.0.0.202411081344/tools/bin/../lib/gcc/arm-none-eabi/13.3.1/thumb/v7e-m+fp/hard\libgcc.a
LOAD G:/stm32cubeide/Install/STM32CubeIDE_1.18.0/STM32CubeIDE/plugins/com.st.stm32cube.ide.mcu.externaltools.gnu-tools-for-stm32.13.3.rel1.win32_1.0.0.202411081344/tools/bin/../lib/gcc/arm-none-eabi/13.3.1/../../../../arm-none-eabi/lib/thumb/v7e-m+fp/hard\libc_nano.a
END GROUP
START GROUP
LOAD G:/stm32cubeide/Install/STM32CubeIDE_1.18.0/STM32CubeIDE/plugins/com.st.stm32cube.ide.mcu.externaltools.gnu-tools-for-stm32.13.3.rel1.win32_1.0.0.202411081344/tools/bin/../lib/gcc/arm-none-eabi/13.3.1/thumb/v7e-m+fp/hard\libgcc.a
LOAD G:/stm32cubeide/Install/STM32CubeIDE_1.18.0/STM32CubeIDE/plugins/com.st.stm32cube.ide.mcu.externaltools.gnu-tools-for-stm32.13.3.rel1.win32_1.0.0.202411081344/tools/bin/../lib/gcc/arm-none-eabi/13.3.1/../../../../arm-none-eabi/lib/thumb/v7e-m+fp/hard\libc_nano.a
LOAD G:/stm32cubeide/Install/STM32CubeIDE_1.18.0/STM32CubeIDE/plugins/com.st.stm32cube.ide.mcu.externaltools.gnu-tools-for-stm32.13.3.rel1.win32_1.0.0.202411081344/tools/bin/../lib/gcc/arm-none-eabi/13.3.1/../../../../arm-none-eabi/lib/thumb/v7e-m+fp/hard\libnosys.a
END GROUP
START GROUP
LOAD G:/stm32cubeide/Install/STM32CubeIDE_1.18.0/STM32CubeIDE/plugins/com.st.stm32cube.ide.mcu.externaltools.gnu-tools-for-stm32.13.3.rel1.win32_1.0.0.202411081344/tools/bin/../lib/gcc/arm-none-eabi/13.3.1/thumb/v7e-m+fp/hard\libgcc.a
LOAD G:/stm32cubeide/Install/STM32CubeIDE_1.18.0/STM32CubeIDE/plugins/com.st.stm32cube.ide.mcu.externaltools.gnu-tools-for-stm32.13.3.rel1.win32_1.0.0.202411081344/tools/bin/../lib/gcc/arm-none-eabi/13.3.1/../../../../arm-none-eabi/lib/thumb/v7e-m+fp/hard\libc_nano.a
LOAD G:/stm32cubeide/Install/STM32CubeIDE_1.18.0/STM32CubeIDE/plugins/com.st.stm32cube.ide.mcu.externaltools.gnu-tools-for-stm32.13.3.rel1.win32_1.0.0.202411081344/tools/bin/../lib/gcc/arm-none-eabi/13.3.1/../../../../arm-none-eabi/lib/thumb/v7e-m+fp/hard\libnosys.a
END GROUP
LOAD G:/stm32cubeide/Install/STM32CubeIDE_1.18.0/STM32CubeIDE/plugins/com.st.stm32cube.ide.mcu.externaltools.gnu-tools-for-stm32.13.3.rel1.win32_1.0.0.202411081344/tools/bin/../lib/gcc/arm-none-eabi/13.3.1/thumb/v7e-m+fp/hard/crtend.o
LOAD G:/stm32cubeide/Install/STM32CubeIDE_1.18.0/STM32CubeIDE/plugins/com.st.stm32cube.ide.mcu.externaltools.gnu-tools-for-stm32.13.3.rel1.win32_1.0.0.202411081344/tools/bin/../lib/gcc/arm-none-eabi/13.3.1/thumb/v7e-m+fp/hard/crtn.o
                0x20020000                        _estack = (ORIGIN (RAM) + LENGTH (RAM))
                0x00000200                        _Min_Heap_Size = 0x200
                0x00000400                        _Min_Stack_Size = 0x400

.isr_vector     0x08010000      0x198
                0x08010000                        . = ALIGN (0x4)
 *(.isr_vector)
 .isr_vector    0x08010000      0x198 ./Core/Startup/startup_stm32f411vetx.o
                0x08010000                g_pfnVectors
                0x08010198                        . = ALIGN (0x4)

.text           0x08010198     0x7414
                0x08010198                        . = ALIGN (0x4)
 *(.text)
 .text          0x08010198       0x40 G:/stm32cubeide/Install/STM32CubeIDE_1.18.0/STM32CubeIDE/plugins/com.st.stm32cube.ide.mcu.externaltools.gnu-tools-for-stm32.13.3.rel1.win32_1.0.0.202411081344/tools/bin/../lib/gcc/arm-none-eabi/13.3.1/thumb/v7e-m+fp/hard/crtbegin.o
 .text          0x080101d8       0x30 G:/stm32cubeide/Install/STM32CubeIDE_1.18.0/STM32CubeIDE/plugins/com.st.stm32cube.ide.mcu.externaltools.gnu-tools-for-stm32.13.3.rel1.win32_1.0.0.202411081344/tools/bin/../lib/gcc/arm-none-eabi/13.3.1/thumb/v7e-m+fp/hard\libgcc.a(_aeabi_uldivmod.o)
                0x080101d8                __aeabi_uldivmod
 .text          0x08010208      0x2f8 G:/stm32cubeide/Install/STM32CubeIDE_1.18.0/STM32CubeIDE/plugins/com.st.stm32cube.ide.mcu.externaltools.gnu-tools-for-stm32.13.3.rel1.win32_1.0.0.202411081344/tools/bin/../lib/gcc/arm-none-eabi/13.3.1/thumb/v7e-m+fp/hard\libgcc.a(_udivmoddi4.o)
                0x08010208                __udivmoddi4
 .text          0x08010500        0x4 G:/stm32cubeide/Install/STM32CubeIDE_1.18.0/STM32CubeIDE/plugins/com.st.stm32cube.ide.mcu.externaltools.gnu-tools-for-stm32.13.3.rel1.win32_1.0.0.202411081344/tools/bin/../lib/gcc/arm-none-eabi/13.3.1/thumb/v7e-m+fp/hard\libgcc.a(_dvmd_tls.o)
                0x08010500                __aeabi_idiv0
                0x08010500                __aeabi_ldiv0
 *(.text*)
 .text.main     0x08010504       0x5c ./Core/Src/main.o
                0x08010504                main
 .text.SystemClock_Config
                0x08010560       0xd0 ./Core/Src/main.o
                0x08010560                SystemClock_Config
 .text.MX_USART2_UART_Init
                0x08010630       0x54 ./Core/Src/main.o
 .text.MX_GPIO_Init
                0x08010684       0xa4 ./Core/Src/main.o
 .text.Error_Handler
                0x08010728        0xc ./Core/Src/main.o
                0x08010728                Error_Handler
 .text.HAL_MspInit
                0x08010734       0x50 ./Core/Src/stm32f4xx_hal_msp.o
                0x08010734                HAL_MspInit
 .text.HAL_UART_MspInit
                0x08010784       0x90 ./Core/Src/stm32f4xx_hal_msp.o
                0x08010784                HAL_UART_MspInit
 .text.NMI_Handler
                0x08010814        0x8 ./Core/Src/stm32f4xx_it.o
                0x08010814                NMI_Handler
 .text.HardFault_Handler
                0x0801081c        0x8 ./Core/Src/stm32f4xx_it.o
                0x0801081c                HardFault_Handler
 .text.MemManage_Handler
                0x08010824        0x8 ./Core/Src/stm32f4xx_it.o
                0x08010824                MemManage_Handler
 .text.BusFault_Handler
                0x0801082c        0x8 ./Core/Src/stm32f4xx_it.o
                0x0801082c                BusFault_Handler
 .text.UsageFault_Handler
                0x08010834        0x8 ./Core/Src/stm32f4xx_it.o
                0x08010834                UsageFault_Handler
 .text.SVC_Handler
                0x0801083c        0xe ./Core/Src/stm32f4xx_it.o
                0x0801083c                SVC_Handler
 .text.DebugMon_Handler
                0x0801084a        0xe ./Core/Src/stm32f4xx_it.o
                0x0801084a                DebugMon_Handler
 .text.PendSV_Handler
                0x08010858        0xe ./Core/Src/stm32f4xx_it.o
                0x08010858                PendSV_Handler
 .text.SysTick_Handler
                0x08010866        0xc ./Core/Src/stm32f4xx_it.o
                0x08010866                SysTick_Handler
 *fill*         0x08010872        0x2 
 .text.OTG_FS_IRQHandler
                0x08010874       0x14 ./Core/Src/stm32f4xx_it.o
                0x08010874                OTG_FS_IRQHandler
 .text.SystemInit
                0x08010888       0x2c ./Core/Src/system_stm32f4xx.o
                0x08010888                SystemInit
 .text.Reset_Handler
                0x080108b4       0x50 ./Core/Startup/startup_stm32f411vetx.o
                0x080108b4                Reset_Handler
 .text.Default_Handler
                0x08010904        0x2 ./Core/Startup/startup_stm32f411vetx.o
                0x08010904                RTC_Alarm_IRQHandler
                0x08010904                EXTI2_IRQHandler
                0x08010904                SPI4_IRQHandler
                0x08010904                TIM1_CC_IRQHandler
                0x08010904                DMA2_Stream5_IRQHandler
                0x08010904                DMA1_Stream5_IRQHandler
                0x08010904                PVD_IRQHandler
                0x08010904                SDIO_IRQHandler
                0x08010904                TAMP_STAMP_IRQHandler
                0x08010904                EXTI3_IRQHandler
                0x08010904                TIM1_UP_TIM10_IRQHandler
                0x08010904                I2C3_ER_IRQHandler
                0x08010904                EXTI0_IRQHandler
                0x08010904                I2C2_EV_IRQHandler
                0x08010904                DMA1_Stream2_IRQHandler
                0x08010904                FPU_IRQHandler
                0x08010904                DMA2_Stream2_IRQHandler
                0x08010904                SPI1_IRQHandler
                0x08010904                TIM1_BRK_TIM9_IRQHandler
                0x08010904                DMA2_Stream3_IRQHandler
                0x08010904                USART6_IRQHandler
                0x08010904                DMA2_Stream0_IRQHandler
                0x08010904                TIM4_IRQHandler
                0x08010904                I2C1_EV_IRQHandler
                0x08010904                DMA1_Stream6_IRQHandler
                0x08010904                DMA1_Stream1_IRQHandler
                0x08010904                TIM3_IRQHandler
                0x08010904                RCC_IRQHandler
                0x08010904                Default_Handler
                0x08010904                EXTI15_10_IRQHandler
                0x08010904                ADC_IRQHandler
                0x08010904                DMA1_Stream7_IRQHandler
                0x08010904                SPI5_IRQHandler
                0x08010904                TIM5_IRQHandler
                0x08010904                DMA2_Stream7_IRQHandler
                0x08010904                I2C3_EV_IRQHandler
                0x08010904                EXTI9_5_IRQHandler
                0x08010904                RTC_WKUP_IRQHandler
                0x08010904                SPI2_IRQHandler
                0x08010904                DMA1_Stream0_IRQHandler
                0x08010904                EXTI4_IRQHandler
                0x08010904                WWDG_IRQHandler
                0x08010904                TIM2_IRQHandler
                0x08010904                OTG_FS_WKUP_IRQHandler
                0x08010904                TIM1_TRG_COM_TIM11_IRQHandler
                0x08010904                EXTI1_IRQHandler
                0x08010904                USART2_IRQHandler
                0x08010904                I2C2_ER_IRQHandler
                0x08010904                DMA2_Stream1_IRQHandler
                0x08010904                FLASH_IRQHandler
                0x08010904                DMA2_Stream4_IRQHandler
                0x08010904                USART1_IRQHandler
                0x08010904                SPI3_IRQHandler
                0x08010904                DMA1_Stream4_IRQHandler
                0x08010904                I2C1_ER_IRQHandler
                0x08010904                DMA2_Stream6_IRQHandler
                0x08010904                DMA1_Stream3_IRQHandler
 *fill*         0x08010906        0x2 
 .text.HAL_Init
                0x08010908       0x44 ./Drivers/STM32F4xx_HAL_Driver/Src/stm32f4xx_hal.o
                0x08010908                HAL_Init
 .text.HAL_InitTick
                0x0801094c       0x60 ./Drivers/STM32F4xx_HAL_Driver/Src/stm32f4xx_hal.o
                0x0801094c                HAL_InitTick
 .text.HAL_IncTick
                0x080109ac       0x28 ./Drivers/STM32F4xx_HAL_Driver/Src/stm32f4xx_hal.o
                0x080109ac                HAL_IncTick
 .text.HAL_GetTick
                0x080109d4       0x18 ./Drivers/STM32F4xx_HAL_Driver/Src/stm32f4xx_hal.o
                0x080109d4                HAL_GetTick
 .text.HAL_Delay
                0x080109ec       0x48 ./Drivers/STM32F4xx_HAL_Driver/Src/stm32f4xx_hal.o
                0x080109ec                HAL_Delay
 .text.__NVIC_SetPriorityGrouping
                0x08010a34       0x48 ./Drivers/STM32F4xx_HAL_Driver/Src/stm32f4xx_hal_cortex.o
 .text.__NVIC_GetPriorityGrouping
                0x08010a7c       0x1c ./Drivers/STM32F4xx_HAL_Driver/Src/stm32f4xx_hal_cortex.o
 .text.__NVIC_EnableIRQ
                0x08010a98       0x3c ./Drivers/STM32F4xx_HAL_Driver/Src/stm32f4xx_hal_cortex.o
 .text.__NVIC_SetPriority
                0x08010ad4       0x54 ./Drivers/STM32F4xx_HAL_Driver/Src/stm32f4xx_hal_cortex.o
 .text.NVIC_EncodePriority
                0x08010b28       0x66 ./Drivers/STM32F4xx_HAL_Driver/Src/stm32f4xx_hal_cortex.o
 *fill*         0x08010b8e        0x2 
 .text.SysTick_Config
                0x08010b90       0x44 ./Drivers/STM32F4xx_HAL_Driver/Src/stm32f4xx_hal_cortex.o
 .text.HAL_NVIC_SetPriorityGrouping
                0x08010bd4       0x16 ./Drivers/STM32F4xx_HAL_Driver/Src/stm32f4xx_hal_cortex.o
                0x08010bd4                HAL_NVIC_SetPriorityGrouping
 .text.HAL_NVIC_SetPriority
                0x08010bea       0x38 ./Drivers/STM32F4xx_HAL_Driver/Src/stm32f4xx_hal_cortex.o
                0x08010bea                HAL_NVIC_SetPriority
 .text.HAL_NVIC_EnableIRQ
                0x08010c22       0x1c ./Drivers/STM32F4xx_HAL_Driver/Src/stm32f4xx_hal_cortex.o
                0x08010c22                HAL_NVIC_EnableIRQ
 .text.HAL_SYSTICK_Config
                0x08010c3e       0x18 ./Drivers/STM32F4xx_HAL_Driver/Src/stm32f4xx_hal_cortex.o
                0x08010c3e                HAL_SYSTICK_Config
 *fill*         0x08010c56        0x2 
 .text.HAL_GPIO_Init
                0x08010c58      0x308 ./Drivers/STM32F4xx_HAL_Driver/Src/stm32f4xx_hal_gpio.o
                0x08010c58                HAL_GPIO_Init
 .text.HAL_GPIO_WritePin
                0x08010f60       0x32 ./Drivers/STM32F4xx_HAL_Driver/Src/stm32f4xx_hal_gpio.o
                0x08010f60                HAL_GPIO_WritePin
 .text.HAL_GPIO_TogglePin
                0x08010f92       0x34 ./Drivers/STM32F4xx_HAL_Driver/Src/stm32f4xx_hal_gpio.o
                0x08010f92                HAL_GPIO_TogglePin
 .text.HAL_PCD_Init
                0x08010fc6      0x21e ./Drivers/STM32F4xx_HAL_Driver/Src/stm32f4xx_hal_pcd.o
                0x08010fc6                HAL_PCD_Init
 .text.HAL_PCD_Start
                0x080111e4       0x6a ./Drivers/STM32F4xx_HAL_Driver/Src/stm32f4xx_hal_pcd.o
                0x080111e4                HAL_PCD_Start
 .text.HAL_PCD_IRQHandler
                0x0801124e      0x942 ./Drivers/STM32F4xx_HAL_Driver/Src/stm32f4xx_hal_pcd.o
                0x0801124e                HAL_PCD_IRQHandler
 .text.HAL_PCD_SetAddress
                0x08011b90       0x48 ./Drivers/STM32F4xx_HAL_Driver/Src/stm32f4xx_hal_pcd.o
                0x08011b90                HAL_PCD_SetAddress
 .text.HAL_PCD_EP_Open
                0x08011bd8       0xd4 ./Drivers/STM32F4xx_HAL_Driver/Src/stm32f4xx_hal_pcd.o
                0x08011bd8                HAL_PCD_EP_Open
 .text.HAL_PCD_EP_Close
                0x08011cac       0x94 ./Drivers/STM32F4xx_HAL_Driver/Src/stm32f4xx_hal_pcd.o
                0x08011cac                HAL_PCD_EP_Close
 .text.HAL_PCD_EP_Receive
                0x08011d40       0x76 ./Drivers/STM32F4xx_HAL_Driver/Src/stm32f4xx_hal_pcd.o
                0x08011d40                HAL_PCD_EP_Receive
 .text.HAL_PCD_EP_GetRxCount
                0x08011db6       0x30 ./Drivers/STM32F4xx_HAL_Driver/Src/stm32f4xx_hal_pcd.o
                0x08011db6                HAL_PCD_EP_GetRxCount
 .text.HAL_PCD_EP_Transmit
                0x08011de6       0x74 ./Drivers/STM32F4xx_HAL_Driver/Src/stm32f4xx_hal_pcd.o
                0x08011de6                HAL_PCD_EP_Transmit
 .text.HAL_PCD_EP_SetStall
                0x08011e5a       0xc6 ./Drivers/STM32F4xx_HAL_Driver/Src/stm32f4xx_hal_pcd.o
                0x08011e5a                HAL_PCD_EP_SetStall
 .text.HAL_PCD_EP_ClrStall
                0x08011f20       0xac ./Drivers/STM32F4xx_HAL_Driver/Src/stm32f4xx_hal_pcd.o
                0x08011f20                HAL_PCD_EP_ClrStall
 .text.HAL_PCD_EP_Abort
                0x08011fcc       0x62 ./Drivers/STM32F4xx_HAL_Driver/Src/stm32f4xx_hal_pcd.o
                0x08011fcc                HAL_PCD_EP_Abort
 .text.PCD_WriteEmptyTxFifo
                0x0801202e      0x118 ./Drivers/STM32F4xx_HAL_Driver/Src/stm32f4xx_hal_pcd.o
 *fill*         0x08012146        0x2 
 .text.PCD_EP_OutXfrComplete_int
                0x08012148      0x1d0 ./Drivers/STM32F4xx_HAL_Driver/Src/stm32f4xx_hal_pcd.o
 .text.PCD_EP_OutSetupPacket_int
                0x08012318       0x8c ./Drivers/STM32F4xx_HAL_Driver/Src/stm32f4xx_hal_pcd.o
 .text.HAL_PCDEx_SetTxFiFo
                0x080123a4       0x8e ./Drivers/STM32F4xx_HAL_Driver/Src/stm32f4xx_hal_pcd_ex.o
                0x080123a4                HAL_PCDEx_SetTxFiFo
 .text.HAL_PCDEx_SetRxFiFo
                0x08012432       0x22 ./Drivers/STM32F4xx_HAL_Driver/Src/stm32f4xx_hal_pcd_ex.o
                0x08012432                HAL_PCDEx_SetRxFiFo
 .text.HAL_PCDEx_LPM_Callback
                0x08012454       0x18 ./Drivers/STM32F4xx_HAL_Driver/Src/stm32f4xx_hal_pcd_ex.o
                0x08012454                HAL_PCDEx_LPM_Callback
 .text.HAL_RCC_OscConfig
                0x0801246c      0x4f0 ./Drivers/STM32F4xx_HAL_Driver/Src/stm32f4xx_hal_rcc.o
                0x0801246c                HAL_RCC_OscConfig
 .text.HAL_RCC_ClockConfig
                0x0801295c      0x1cc ./Drivers/STM32F4xx_HAL_Driver/Src/stm32f4xx_hal_rcc.o
                0x0801295c                HAL_RCC_ClockConfig
 .text.HAL_RCC_GetSysClockFreq
                0x08012b28      0x20c ./Drivers/STM32F4xx_HAL_Driver/Src/stm32f4xx_hal_rcc.o
                0x08012b28                HAL_RCC_GetSysClockFreq
 .text.HAL_RCC_GetHCLKFreq
                0x08012d34       0x18 ./Drivers/STM32F4xx_HAL_Driver/Src/stm32f4xx_hal_rcc.o
                0x08012d34                HAL_RCC_GetHCLKFreq
 .text.HAL_RCC_GetPCLK1Freq
                0x08012d4c       0x28 ./Drivers/STM32F4xx_HAL_Driver/Src/stm32f4xx_hal_rcc.o
                0x08012d4c                HAL_RCC_GetPCLK1Freq
 .text.HAL_RCC_GetPCLK2Freq
                0x08012d74       0x28 ./Drivers/STM32F4xx_HAL_Driver/Src/stm32f4xx_hal_rcc.o
                0x08012d74                HAL_RCC_GetPCLK2Freq
 .text.HAL_UART_Init
                0x08012d9c       0xa0 ./Drivers/STM32F4xx_HAL_Driver/Src/stm32f4xx_hal_uart.o
                0x08012d9c                HAL_UART_Init
 .text.HAL_UART_Transmit
                0x08012e3c      0x116 ./Drivers/STM32F4xx_HAL_Driver/Src/stm32f4xx_hal_uart.o
                0x08012e3c                HAL_UART_Transmit
 .text.UART_WaitOnFlagUntilTimeout
                0x08012f52       0xb2 ./Drivers/STM32F4xx_HAL_Driver/Src/stm32f4xx_hal_uart.o
 .text.UART_EndRxTransfer
                0x08013004       0xc6 ./Drivers/STM32F4xx_HAL_Driver/Src/stm32f4xx_hal_uart.o
 *fill*         0x080130ca        0x2 
 .text.UART_SetConfig
                0x080130cc      0x4e8 ./Drivers/STM32F4xx_HAL_Driver/Src/stm32f4xx_hal_uart.o
 .text.USB_CoreInit
                0x080135b4       0xc8 ./Drivers/STM32F4xx_HAL_Driver/Src/stm32f4xx_ll_usb.o
                0x080135b4                USB_CoreInit
 .text.USB_SetTurnaroundTime
                0x0801367c      0x144 ./Drivers/STM32F4xx_HAL_Driver/Src/stm32f4xx_ll_usb.o
                0x0801367c                USB_SetTurnaroundTime
 .text.USB_EnableGlobalInt
                0x080137c0       0x22 ./Drivers/STM32F4xx_HAL_Driver/Src/stm32f4xx_ll_usb.o
                0x080137c0                USB_EnableGlobalInt
 .text.USB_DisableGlobalInt
                0x080137e2       0x22 ./Drivers/STM32F4xx_HAL_Driver/Src/stm32f4xx_ll_usb.o
                0x080137e2                USB_DisableGlobalInt
 .text.USB_SetCurrentMode
                0x08013804       0x98 ./Drivers/STM32F4xx_HAL_Driver/Src/stm32f4xx_ll_usb.o
                0x08013804                USB_SetCurrentMode
 .text.USB_DevInit
                0x0801389c      0x2c8 ./Drivers/STM32F4xx_HAL_Driver/Src/stm32f4xx_ll_usb.o
                0x0801389c                USB_DevInit
 .text.USB_FlushTxFifo
                0x08013b64       0x64 ./Drivers/STM32F4xx_HAL_Driver/Src/stm32f4xx_ll_usb.o
                0x08013b64                USB_FlushTxFifo
 .text.USB_FlushRxFifo
                0x08013bc8       0x5c ./Drivers/STM32F4xx_HAL_Driver/Src/stm32f4xx_ll_usb.o
                0x08013bc8                USB_FlushRxFifo
 .text.USB_SetDevSpeed
                0x08013c24       0x32 ./Drivers/STM32F4xx_HAL_Driver/Src/stm32f4xx_ll_usb.o
                0x08013c24                USB_SetDevSpeed
 .text.USB_GetDevSpeed
                0x08013c56       0x4a ./Drivers/STM32F4xx_HAL_Driver/Src/stm32f4xx_ll_usb.o
                0x08013c56                USB_GetDevSpeed
 .text.USB_ActivateEndpoint
                0x08013ca0      0x10e ./Drivers/STM32F4xx_HAL_Driver/Src/stm32f4xx_ll_usb.o
                0x08013ca0                USB_ActivateEndpoint
 *fill*         0x08013dae        0x2 
 .text.USB_DeactivateEndpoint
                0x08013db0      0x1b8 ./Drivers/STM32F4xx_HAL_Driver/Src/stm32f4xx_ll_usb.o
                0x08013db0                USB_DeactivateEndpoint
 .text.USB_EPStartXfer
                0x08013f68      0x53c ./Drivers/STM32F4xx_HAL_Driver/Src/stm32f4xx_ll_usb.o
                0x08013f68                USB_EPStartXfer
 .text.USB_EPStopXfer
                0x080144a4      0x154 ./Drivers/STM32F4xx_HAL_Driver/Src/stm32f4xx_ll_usb.o
                0x080144a4                USB_EPStopXfer
 .text.USB_WritePacket
                0x080145f8       0x7c ./Drivers/STM32F4xx_HAL_Driver/Src/stm32f4xx_ll_usb.o
                0x080145f8                USB_WritePacket
 .text.USB_ReadPacket
                0x08014674       0xb0 ./Drivers/STM32F4xx_HAL_Driver/Src/stm32f4xx_ll_usb.o
                0x08014674                USB_ReadPacket
 .text.USB_EPSetStall
                0x08014724       0xdc ./Drivers/STM32F4xx_HAL_Driver/Src/stm32f4xx_ll_usb.o
                0x08014724                USB_EPSetStall
 .text.USB_EPClearStall
                0x08014800       0xcc ./Drivers/STM32F4xx_HAL_Driver/Src/stm32f4xx_ll_usb.o
                0x08014800                USB_EPClearStall
 .text.USB_SetDevAddress
                0x080148cc       0x4c ./Drivers/STM32F4xx_HAL_Driver/Src/stm32f4xx_ll_usb.o
                0x080148cc                USB_SetDevAddress
 .text.USB_DevConnect
                0x08014918       0x42 ./Drivers/STM32F4xx_HAL_Driver/Src/stm32f4xx_ll_usb.o
                0x08014918                USB_DevConnect
 .text.USB_DevDisconnect
                0x0801495a       0x42 ./Drivers/STM32F4xx_HAL_Driver/Src/stm32f4xx_ll_usb.o
                0x0801495a                USB_DevDisconnect
 .text.USB_ReadInterrupts
                0x0801499c       0x26 ./Drivers/STM32F4xx_HAL_Driver/Src/stm32f4xx_ll_usb.o
                0x0801499c                USB_ReadInterrupts
 .text.USB_ReadDevAllOutEpInterrupt
                0x080149c2       0x34 ./Drivers/STM32F4xx_HAL_Driver/Src/stm32f4xx_ll_usb.o
                0x080149c2                USB_ReadDevAllOutEpInterrupt
 .text.USB_ReadDevAllInEpInterrupt
                0x080149f6       0x34 ./Drivers/STM32F4xx_HAL_Driver/Src/stm32f4xx_ll_usb.o
                0x080149f6                USB_ReadDevAllInEpInterrupt
 .text.USB_ReadDevOutEPInterrupt
                0x08014a2a       0x3c ./Drivers/STM32F4xx_HAL_Driver/Src/stm32f4xx_ll_usb.o
                0x08014a2a                USB_ReadDevOutEPInterrupt
 .text.USB_ReadDevInEPInterrupt
                0x08014a66       0x5c ./Drivers/STM32F4xx_HAL_Driver/Src/stm32f4xx_ll_usb.o
                0x08014a66                USB_ReadDevInEPInterrupt
 .text.USB_GetMode
                0x08014ac2       0x1c ./Drivers/STM32F4xx_HAL_Driver/Src/stm32f4xx_ll_usb.o
                0x08014ac2                USB_GetMode
 .text.USB_ActivateSetup
                0x08014ade       0x46 ./Drivers/STM32F4xx_HAL_Driver/Src/stm32f4xx_ll_usb.o
                0x08014ade                USB_ActivateSetup
 .text.USB_EP0_OutStart
                0x08014b24       0xbc ./Drivers/STM32F4xx_HAL_Driver/Src/stm32f4xx_ll_usb.o
                0x08014b24                USB_EP0_OutStart
 .text.USB_CoreReset
                0x08014be0       0x62 ./Drivers/STM32F4xx_HAL_Driver/Src/stm32f4xx_ll_usb.o
 *fill*         0x08014c42        0x2 
 .text.USBD_CDC_Init
                0x08014c44      0x1f0 ./Middlewares/ST/STM32_USB_Device_Library/Class/CDC/Src/usbd_cdc.o
 .text.USBD_CDC_DeInit
                0x08014e34      0x104 ./Middlewares/ST/STM32_USB_Device_Library/Class/CDC/Src/usbd_cdc.o
 .text.USBD_CDC_Setup
                0x08014f38      0x1b8 ./Middlewares/ST/STM32_USB_Device_Library/Class/CDC/Src/usbd_cdc.o
 .text.USBD_CDC_DataIn
                0x080150f0       0xfe ./Middlewares/ST/STM32_USB_Device_Library/Class/CDC/Src/usbd_cdc.o
 .text.USBD_CDC_DataOut
                0x080151ee       0x70 ./Middlewares/ST/STM32_USB_Device_Library/Class/CDC/Src/usbd_cdc.o
 .text.USBD_CDC_EP0_RxReady
                0x0801525e       0x74 ./Middlewares/ST/STM32_USB_Device_Library/Class/CDC/Src/usbd_cdc.o
 *fill*         0x080152d2        0x2 
 .text.USBD_CDC_GetFSCfgDesc
                0x080152d4       0x70 ./Middlewares/ST/STM32_USB_Device_Library/Class/CDC/Src/usbd_cdc.o
 .text.USBD_CDC_GetHSCfgDesc
                0x08015344       0x70 ./Middlewares/ST/STM32_USB_Device_Library/Class/CDC/Src/usbd_cdc.o
 .text.USBD_CDC_GetOtherSpeedCfgDesc
                0x080153b4       0x70 ./Middlewares/ST/STM32_USB_Device_Library/Class/CDC/Src/usbd_cdc.o
 .text.USBD_CDC_GetDeviceQualifierDescriptor
                0x08015424       0x20 ./Middlewares/ST/STM32_USB_Device_Library/Class/CDC/Src/usbd_cdc.o
                0x08015424                USBD_CDC_GetDeviceQualifierDescriptor
 .text.USBD_CDC_RegisterInterface
                0x08015444       0x34 ./Middlewares/ST/STM32_USB_Device_Library/Class/CDC/Src/usbd_cdc.o
                0x08015444                USBD_CDC_RegisterInterface
 .text.USBD_CDC_SetTxBuffer
                0x08015478       0x44 ./Middlewares/ST/STM32_USB_Device_Library/Class/CDC/Src/usbd_cdc.o
                0x08015478                USBD_CDC_SetTxBuffer
 .text.USBD_CDC_SetRxBuffer
                0x080154bc       0x3a ./Middlewares/ST/STM32_USB_Device_Library/Class/CDC/Src/usbd_cdc.o
                0x080154bc                USBD_CDC_SetRxBuffer
 *fill*         0x080154f6        0x2 
 .text.USBD_CDC_ReceivePacket
                0x080154f8       0x6c ./Middlewares/ST/STM32_USB_Device_Library/Class/CDC/Src/usbd_cdc.o
                0x080154f8                USBD_CDC_ReceivePacket
 .text.USBD_Init
                0x08015564       0x60 ./Middlewares/ST/STM32_USB_Device_Library/Core/Src/usbd_core.o
                0x08015564                USBD_Init
 .text.USBD_RegisterClass
                0x080155c4       0x6c ./Middlewares/ST/STM32_USB_Device_Library/Core/Src/usbd_core.o
                0x080155c4                USBD_RegisterClass
 .text.USBD_Start
                0x08015630       0x18 ./Middlewares/ST/STM32_USB_Device_Library/Core/Src/usbd_core.o
                0x08015630                USBD_Start
 .text.USBD_RunTestMode
                0x08015648       0x16 ./Middlewares/ST/STM32_USB_Device_Library/Core/Src/usbd_core.o
                0x08015648                USBD_RunTestMode
 .text.USBD_SetClassConfig
                0x0801565e       0x38 ./Middlewares/ST/STM32_USB_Device_Library/Core/Src/usbd_core.o
                0x0801565e                USBD_SetClassConfig
 .text.USBD_ClrClassConfig
                0x08015696       0x34 ./Middlewares/ST/STM32_USB_Device_Library/Core/Src/usbd_core.o
                0x08015696                USBD_ClrClassConfig
 .text.USBD_LL_SetupStage
                0x080156ca       0xaa ./Middlewares/ST/STM32_USB_Device_Library/Core/Src/usbd_core.o
                0x080156ca                USBD_LL_SetupStage
 .text.USBD_LL_DataOutStage
                0x08015774      0x166 ./Middlewares/ST/STM32_USB_Device_Library/Core/Src/usbd_core.o
                0x08015774                USBD_LL_DataOutStage
 .text.USBD_LL_DataInStage
                0x080158da      0x164 ./Middlewares/ST/STM32_USB_Device_Library/Core/Src/usbd_core.o
                0x080158da                USBD_LL_DataInStage
 .text.USBD_LL_Reset
                0x08015a3e       0xa4 ./Middlewares/ST/STM32_USB_Device_Library/Core/Src/usbd_core.o
                0x08015a3e                USBD_LL_Reset
 .text.USBD_LL_SetSpeed
                0x08015ae2       0x20 ./Middlewares/ST/STM32_USB_Device_Library/Core/Src/usbd_core.o
                0x08015ae2                USBD_LL_SetSpeed
 .text.USBD_LL_Suspend
                0x08015b02       0x38 ./Middlewares/ST/STM32_USB_Device_Library/Core/Src/usbd_core.o
                0x08015b02                USBD_LL_Suspend
 .text.USBD_LL_Resume
                0x08015b3a       0x30 ./Middlewares/ST/STM32_USB_Device_Library/Core/Src/usbd_core.o
                0x08015b3a                USBD_LL_Resume
 .text.USBD_LL_SOF
                0x08015b6a       0x40 ./Middlewares/ST/STM32_USB_Device_Library/Core/Src/usbd_core.o
                0x08015b6a                USBD_LL_SOF
 .text.USBD_LL_IsoINIncomplete
                0x08015baa       0x64 ./Middlewares/ST/STM32_USB_Device_Library/Core/Src/usbd_core.o
                0x08015baa                USBD_LL_IsoINIncomplete
 .text.USBD_LL_IsoOUTIncomplete
                0x08015c0e       0x64 ./Middlewares/ST/STM32_USB_Device_Library/Core/Src/usbd_core.o
                0x08015c0e                USBD_LL_IsoOUTIncomplete
 .text.USBD_LL_DevConnected
                0x08015c72       0x16 ./Middlewares/ST/STM32_USB_Device_Library/Core/Src/usbd_core.o
                0x08015c72                USBD_LL_DevConnected
 .text.USBD_LL_DevDisconnected
                0x08015c88       0x46 ./Middlewares/ST/STM32_USB_Device_Library/Core/Src/usbd_core.o
                0x08015c88                USBD_LL_DevDisconnected
 .text.USBD_CoreFindIF
                0x08015cce       0x1a ./Middlewares/ST/STM32_USB_Device_Library/Core/Src/usbd_core.o
                0x08015cce                USBD_CoreFindIF
 .text.USBD_CoreFindEP
                0x08015ce8       0x1a ./Middlewares/ST/STM32_USB_Device_Library/Core/Src/usbd_core.o
                0x08015ce8                USBD_CoreFindEP
 .text.USBD_GetEpDesc
                0x08015d02       0x70 ./Middlewares/ST/STM32_USB_Device_Library/Core/Src/usbd_core.o
                0x08015d02                USBD_GetEpDesc
 .text.USBD_GetNextDesc
                0x08015d72       0x38 ./Middlewares/ST/STM32_USB_Device_Library/Core/Src/usbd_core.o
                0x08015d72                USBD_GetNextDesc
 .text.SWAPBYTE
                0x08015daa       0x3e ./Middlewares/ST/STM32_USB_Device_Library/Core/Src/usbd_ctlreq.o
 .text.USBD_StdDevReq
                0x08015de8       0xe4 ./Middlewares/ST/STM32_USB_Device_Library/Core/Src/usbd_ctlreq.o
                0x08015de8                USBD_StdDevReq
 .text.USBD_StdItfReq
                0x08015ecc       0xd8 ./Middlewares/ST/STM32_USB_Device_Library/Core/Src/usbd_ctlreq.o
                0x08015ecc                USBD_StdItfReq
 .text.USBD_StdEPReq
                0x08015fa4      0x33a ./Middlewares/ST/STM32_USB_Device_Library/Core/Src/usbd_ctlreq.o
                0x08015fa4                USBD_StdEPReq
 *fill*         0x080162de        0x2 
 .text.USBD_GetDescriptor
                0x080162e0      0x2d4 ./Middlewares/ST/STM32_USB_Device_Library/Core/Src/usbd_ctlreq.o
 .text.USBD_SetAddress
                0x080165b4       0x88 ./Middlewares/ST/STM32_USB_Device_Library/Core/Src/usbd_ctlreq.o
 .text.USBD_SetConfig
                0x0801663c      0x154 ./Middlewares/ST/STM32_USB_Device_Library/Core/Src/usbd_ctlreq.o
 .text.USBD_GetConfig
                0x08016790       0x6c ./Middlewares/ST/STM32_USB_Device_Library/Core/Src/usbd_ctlreq.o
 .text.USBD_GetStatus
                0x080167fc       0x68 ./Middlewares/ST/STM32_USB_Device_Library/Core/Src/usbd_ctlreq.o
 .text.USBD_SetFeature
                0x08016864       0x52 ./Middlewares/ST/STM32_USB_Device_Library/Core/Src/usbd_ctlreq.o
 .text.USBD_ClrFeature
                0x080168b6       0x44 ./Middlewares/ST/STM32_USB_Device_Library/Core/Src/usbd_ctlreq.o
 .text.USBD_ParseSetupRequest
                0x080168fa       0x74 ./Middlewares/ST/STM32_USB_Device_Library/Core/Src/usbd_ctlreq.o
                0x080168fa                USBD_ParseSetupRequest
 .text.USBD_CtlError
                0x0801696e       0x22 ./Middlewares/ST/STM32_USB_Device_Library/Core/Src/usbd_ctlreq.o
                0x0801696e                USBD_CtlError
 .text.USBD_GetString
                0x08016990       0xa4 ./Middlewares/ST/STM32_USB_Device_Library/Core/Src/usbd_ctlreq.o
                0x08016990                USBD_GetString
 .text.USBD_GetLen
                0x08016a34       0x34 ./Middlewares/ST/STM32_USB_Device_Library/Core/Src/usbd_ctlreq.o
 .text.USBD_CtlSendData
                0x08016a68       0x36 ./Middlewares/ST/STM32_USB_Device_Library/Core/Src/usbd_ioreq.o
                0x08016a68                USBD_CtlSendData
 .text.USBD_CtlContinueSendData
                0x08016a9e       0x22 ./Middlewares/ST/STM32_USB_Device_Library/Core/Src/usbd_ioreq.o
                0x08016a9e                USBD_CtlContinueSendData
 .text.USBD_CtlPrepareRx
                0x08016ac0       0x3a ./Middlewares/ST/STM32_USB_Device_Library/Core/Src/usbd_ioreq.o
                0x08016ac0                USBD_CtlPrepareRx
 .text.USBD_CtlContinueRx
                0x08016afa       0x22 ./Middlewares/ST/STM32_USB_Device_Library/Core/Src/usbd_ioreq.o
                0x08016afa                USBD_CtlContinueRx
 .text.USBD_CtlSendStatus
                0x08016b1c       0x26 ./Middlewares/ST/STM32_USB_Device_Library/Core/Src/usbd_ioreq.o
                0x08016b1c                USBD_CtlSendStatus
 .text.USBD_CtlReceiveStatus
                0x08016b42       0x26 ./Middlewares/ST/STM32_USB_Device_Library/Core/Src/usbd_ioreq.o
                0x08016b42                USBD_CtlReceiveStatus
 .text.MX_USB_DEVICE_Init
                0x08016b68       0x60 ./USB_DEVICE/App/usb_device.o
                0x08016b68                MX_USB_DEVICE_Init
 .text.CDC_Init_FS
                0x08016bc8       0x28 ./USB_DEVICE/App/usbd_cdc_if.o
 .text.CDC_DeInit_FS
                0x08016bf0       0x10 ./USB_DEVICE/App/usbd_cdc_if.o
 .text.CDC_Control_FS
                0x08016c00       0xbc ./USB_DEVICE/App/usbd_cdc_if.o
 .text.CDC_Receive_FS
                0x08016cbc       0x28 ./USB_DEVICE/App/usbd_cdc_if.o
 .text.CDC_TransmitCplt_FS
                0x08016ce4       0x22 ./USB_DEVICE/App/usbd_cdc_if.o
 *fill*         0x08016d06        0x2 
 .text.USBD_FS_DeviceDescriptor
                0x08016d08       0x24 ./USB_DEVICE/App/usbd_desc.o
                0x08016d08                USBD_FS_DeviceDescriptor
 .text.USBD_FS_LangIDStrDescriptor
                0x08016d2c       0x24 ./USB_DEVICE/App/usbd_desc.o
                0x08016d2c                USBD_FS_LangIDStrDescriptor
 .text.USBD_FS_ProductStrDescriptor
                0x08016d50       0x3c ./USB_DEVICE/App/usbd_desc.o
                0x08016d50                USBD_FS_ProductStrDescriptor
 .text.USBD_FS_ManufacturerStrDescriptor
                0x08016d8c       0x28 ./USB_DEVICE/App/usbd_desc.o
                0x08016d8c                USBD_FS_ManufacturerStrDescriptor
 .text.USBD_FS_SerialStrDescriptor
                0x08016db4       0x24 ./USB_DEVICE/App/usbd_desc.o
                0x08016db4                USBD_FS_SerialStrDescriptor
 .text.USBD_FS_ConfigStrDescriptor
                0x08016dd8       0x3c ./USB_DEVICE/App/usbd_desc.o
                0x08016dd8                USBD_FS_ConfigStrDescriptor
 .text.USBD_FS_InterfaceStrDescriptor
                0x08016e14       0x3c ./USB_DEVICE/App/usbd_desc.o
                0x08016e14                USBD_FS_InterfaceStrDescriptor
 .text.Get_SerialNum
                0x08016e50       0x58 ./USB_DEVICE/App/usbd_desc.o
 .text.IntToUnicode
                0x08016ea8       0x7e ./USB_DEVICE/App/usbd_desc.o
 *fill*         0x08016f26        0x2 
 .text.HAL_PCD_MspInit
                0x08016f28       0xa8 ./USB_DEVICE/Target/usbd_conf.o
                0x08016f28                HAL_PCD_MspInit
 .text.HAL_PCD_SetupStageCallback
                0x08016fd0       0x24 ./USB_DEVICE/Target/usbd_conf.o
                0x08016fd0                HAL_PCD_SetupStageCallback
 .text.HAL_PCD_DataOutStageCallback
                0x08016ff4       0x36 ./USB_DEVICE/Target/usbd_conf.o
                0x08016ff4                HAL_PCD_DataOutStageCallback
 .text.HAL_PCD_DataInStageCallback
                0x0801702a       0x34 ./USB_DEVICE/Target/usbd_conf.o
                0x0801702a                HAL_PCD_DataInStageCallback
 .text.HAL_PCD_SOFCallback
                0x0801705e       0x1c ./USB_DEVICE/Target/usbd_conf.o
                0x0801705e                HAL_PCD_SOFCallback
 .text.HAL_PCD_ResetCallback
                0x0801707a       0x3c ./USB_DEVICE/Target/usbd_conf.o
                0x0801707a                HAL_PCD_ResetCallback
 *fill*         0x080170b6        0x2 
 .text.HAL_PCD_SuspendCallback
                0x080170b8       0x4c ./USB_DEVICE/Target/usbd_conf.o
                0x080170b8                HAL_PCD_SuspendCallback
 .text.HAL_PCD_ResumeCallback
                0x08017104       0x1c ./USB_DEVICE/Target/usbd_conf.o
                0x08017104                HAL_PCD_ResumeCallback
 .text.HAL_PCD_ISOOUTIncompleteCallback
                0x08017120       0x24 ./USB_DEVICE/Target/usbd_conf.o
                0x08017120                HAL_PCD_ISOOUTIncompleteCallback
 .text.HAL_PCD_ISOINIncompleteCallback
                0x08017144       0x24 ./USB_DEVICE/Target/usbd_conf.o
                0x08017144                HAL_PCD_ISOINIncompleteCallback
 .text.HAL_PCD_ConnectCallback
                0x08017168       0x1c ./USB_DEVICE/Target/usbd_conf.o
                0x08017168                HAL_PCD_ConnectCallback
 .text.HAL_PCD_DisconnectCallback
                0x08017184       0x1c ./USB_DEVICE/Target/usbd_conf.o
                0x08017184                HAL_PCD_DisconnectCallback
 .text.USBD_LL_Init
                0x080171a0       0x98 ./USB_DEVICE/Target/usbd_conf.o
                0x080171a0                USBD_LL_Init
 .text.USBD_LL_Start
                0x08017238       0x36 ./USB_DEVICE/Target/usbd_conf.o
                0x08017238                USBD_LL_Start
 .text.USBD_LL_OpenEP
                0x0801726e       0x4c ./USB_DEVICE/Target/usbd_conf.o
                0x0801726e                USBD_LL_OpenEP
 .text.USBD_LL_CloseEP
                0x080172ba       0x3e ./USB_DEVICE/Target/usbd_conf.o
                0x080172ba                USBD_LL_CloseEP
 .text.USBD_LL_StallEP
                0x080172f8       0x3e ./USB_DEVICE/Target/usbd_conf.o
                0x080172f8                USBD_LL_StallEP
 .text.USBD_LL_ClearStallEP
                0x08017336       0x3e ./USB_DEVICE/Target/usbd_conf.o
                0x08017336                USBD_LL_ClearStallEP
 .text.USBD_LL_IsStallEP
                0x08017374       0x58 ./USB_DEVICE/Target/usbd_conf.o
                0x08017374                USBD_LL_IsStallEP
 .text.USBD_LL_SetUSBAddress
                0x080173cc       0x3e ./USB_DEVICE/Target/usbd_conf.o
                0x080173cc                USBD_LL_SetUSBAddress
 .text.USBD_LL_Transmit
                0x0801740a       0x42 ./USB_DEVICE/Target/usbd_conf.o
                0x0801740a                USBD_LL_Transmit
 .text.USBD_LL_PrepareReceive
                0x0801744c       0x42 ./USB_DEVICE/Target/usbd_conf.o
                0x0801744c                USBD_LL_PrepareReceive
 .text.USBD_LL_GetRxDataSize
                0x0801748e       0x26 ./USB_DEVICE/Target/usbd_conf.o
                0x0801748e                USBD_LL_GetRxDataSize
 .text.USBD_static_malloc
                0x080174b4       0x1c ./USB_DEVICE/Target/usbd_conf.o
                0x080174b4                USBD_static_malloc
 .text.USBD_static_free
                0x080174d0       0x14 ./USB_DEVICE/Target/usbd_conf.o
                0x080174d0                USBD_static_free
 .text.USBD_Get_USB_Status
                0x080174e4       0x58 ./USB_DEVICE/Target/usbd_conf.o
                0x080174e4                USBD_Get_USB_Status
 .text.memset   0x0801753c       0x10 G:/stm32cubeide/Install/STM32CubeIDE_1.18.0/STM32CubeIDE/plugins/com.st.stm32cube.ide.mcu.externaltools.gnu-tools-for-stm32.13.3.rel1.win32_1.0.0.202411081344/tools/bin/../lib/gcc/arm-none-eabi/13.3.1/../../../../arm-none-eabi/lib/thumb/v7e-m+fp/hard\libc_nano.a(libc_a-memset.o)
                0x0801753c                memset
 .text.__libc_init_array
                0x0801754c       0x48 G:/stm32cubeide/Install/STM32CubeIDE_1.18.0/STM32CubeIDE/plugins/com.st.stm32cube.ide.mcu.externaltools.gnu-tools-for-stm32.13.3.rel1.win32_1.0.0.202411081344/tools/bin/../lib/gcc/arm-none-eabi/13.3.1/../../../../arm-none-eabi/lib/thumb/v7e-m+fp/hard\libc_nano.a(libc_a-init.o)
                0x0801754c                __libc_init_array
 *(.glue_7)
 .glue_7        0x08017594        0x0 linker stubs
 *(.glue_7t)
 .glue_7t       0x08017594        0x0 linker stubs
 *(.eh_frame)
 .eh_frame      0x08017594        0x0 G:/stm32cubeide/Install/STM32CubeIDE_1.18.0/STM32CubeIDE/plugins/com.st.stm32cube.ide.mcu.externaltools.gnu-tools-for-stm32.13.3.rel1.win32_1.0.0.202411081344/tools/bin/../lib/gcc/arm-none-eabi/13.3.1/thumb/v7e-m+fp/hard/crtbegin.o
 *(.init)
 .init          0x08017594        0x4 G:/stm32cubeide/Install/STM32CubeIDE_1.18.0/STM32CubeIDE/plugins/com.st.stm32cube.ide.mcu.externaltools.gnu-tools-for-stm32.13.3.rel1.win32_1.0.0.202411081344/tools/bin/../lib/gcc/arm-none-eabi/13.3.1/thumb/v7e-m+fp/hard/crti.o
                0x08017594                _init
 .init          0x08017598        0x8 G:/stm32cubeide/Install/STM32CubeIDE_1.18.0/STM32CubeIDE/plugins/com.st.stm32cube.ide.mcu.externaltools.gnu-tools-for-stm32.13.3.rel1.win32_1.0.0.202411081344/tools/bin/../lib/gcc/arm-none-eabi/13.3.1/thumb/v7e-m+fp/hard/crtn.o
 *(.fini)
 .fini          0x080175a0        0x4 G:/stm32cubeide/Install/STM32CubeIDE_1.18.0/STM32CubeIDE/plugins/com.st.stm32cube.ide.mcu.externaltools.gnu-tools-for-stm32.13.3.rel1.win32_1.0.0.202411081344/tools/bin/../lib/gcc/arm-none-eabi/13.3.1/thumb/v7e-m+fp/hard/crti.o
                0x080175a0                _fini
 .fini          0x080175a4        0x8 G:/stm32cubeide/Install/STM32CubeIDE_1.18.0/STM32CubeIDE/plugins/com.st.stm32cube.ide.mcu.externaltools.gnu-tools-for-stm32.13.3.rel1.win32_1.0.0.202411081344/tools/bin/../lib/gcc/arm-none-eabi/13.3.1/thumb/v7e-m+fp/hard/crtn.o
                0x080175ac                        . = ALIGN (0x4)
                0x080175ac                        _etext = .

.vfp11_veneer   0x080175ac        0x0
 .vfp11_veneer  0x080175ac        0x0 linker stubs

.v4_bx          0x080175ac        0x0
 .v4_bx         0x080175ac        0x0 linker stubs

.iplt           0x080175ac        0x0
 .iplt          0x080175ac        0x0 G:/stm32cubeide/Install/STM32CubeIDE_1.18.0/STM32CubeIDE/plugins/com.st.stm32cube.ide.mcu.externaltools.gnu-tools-for-stm32.13.3.rel1.win32_1.0.0.202411081344/tools/bin/../lib/gcc/arm-none-eabi/13.3.1/thumb/v7e-m+fp/hard/crtbegin.o

.rodata         0x080175ac       0x7c
                0x080175ac                        . = ALIGN (0x4)
 *(.rodata)
 .rodata        0x080175ac       0x19 ./Core/Src/main.o
 *fill*         0x080175c5        0x3 
 .rodata        0x080175c8       0x46 ./USB_DEVICE/App/usbd_desc.o
 *(.rodata*)
 *fill*         0x0801760e        0x2 
 .rodata.AHBPrescTable
                0x08017610       0x10 ./Core/Src/system_stm32f4xx.o
                0x08017610                AHBPrescTable
 .rodata.APBPrescTable
                0x08017620        0x8 ./Core/Src/system_stm32f4xx.o
                0x08017620                APBPrescTable
                0x08017628                        . = ALIGN (0x4)

.ARM.extab      0x08017628        0x0
                0x08017628                        . = ALIGN (0x4)
 *(.ARM.extab* .gnu.linkonce.armextab.*)
                0x08017628                        . = ALIGN (0x4)

.ARM            0x08017628        0x8
                0x08017628                        . = ALIGN (0x4)
                0x08017628                        __exidx_start = .
 *(.ARM.exidx*)
 .ARM.exidx     0x08017628        0x8 G:/stm32cubeide/Install/STM32CubeIDE_1.18.0/STM32CubeIDE/plugins/com.st.stm32cube.ide.mcu.externaltools.gnu-tools-for-stm32.13.3.rel1.win32_1.0.0.202411081344/tools/bin/../lib/gcc/arm-none-eabi/13.3.1/thumb/v7e-m+fp/hard\libgcc.a(_udivmoddi4.o)
                0x08017630                        __exidx_end = .
                0x08017630                        . = ALIGN (0x4)

.preinit_array  0x08017630        0x0
                0x08017630                        . = ALIGN (0x4)
                0x08017630                        PROVIDE (__preinit_array_start = .)
 *(.preinit_array*)
                0x08017630                        PROVIDE (__preinit_array_end = .)
                0x08017630                        . = ALIGN (0x4)

.init_array     0x08017630        0x4
                0x08017630                        . = ALIGN (0x4)
                0x08017630                        PROVIDE (__init_array_start = .)
 *(SORT_BY_NAME(.init_array.*))
 *(.init_array*)
 .init_array    0x08017630        0x4 G:/stm32cubeide/Install/STM32CubeIDE_1.18.0/STM32CubeIDE/plugins/com.st.stm32cube.ide.mcu.externaltools.gnu-tools-for-stm32.13.3.rel1.win32_1.0.0.202411081344/tools/bin/../lib/gcc/arm-none-eabi/13.3.1/thumb/v7e-m+fp/hard/crtbegin.o
                0x08017634                        PROVIDE (__init_array_end = .)
                0x08017634                        . = ALIGN (0x4)

.fini_array     0x08017634        0x4
                0x08017634                        . = ALIGN (0x4)
                [!provide]                        PROVIDE (__fini_array_start = .)
 *(SORT_BY_NAME(.fini_array.*))
 *(.fini_array*)
 .fini_array    0x08017634        0x4 G:/stm32cubeide/Install/STM32CubeIDE_1.18.0/STM32CubeIDE/plugins/com.st.stm32cube.ide.mcu.externaltools.gnu-tools-for-stm32.13.3.rel1.win32_1.0.0.202411081344/tools/bin/../lib/gcc/arm-none-eabi/13.3.1/thumb/v7e-m+fp/hard/crtbegin.o
                [!provide]                        PROVIDE (__fini_array_end = .)
                0x08017638                        . = ALIGN (0x4)
                0x08017638                        _sidata = LOADADDR (.data)

.rel.dyn        0x08017638        0x0
 .rel.iplt      0x08017638        0x0 G:/stm32cubeide/Install/STM32CubeIDE_1.18.0/STM32CubeIDE/plugins/com.st.stm32cube.ide.mcu.externaltools.gnu-tools-for-stm32.13.3.rel1.win32_1.0.0.202411081344/tools/bin/../lib/gcc/arm-none-eabi/13.3.1/thumb/v7e-m+fp/hard/crtbegin.o

.data           0x20000000       0xfc load address 0x08017638
                0x20000000                        . = ALIGN (0x4)
                0x20000000                        _sdata = .
 *(.data)
 *(.data*)
 .data.SystemCoreClock
                0x20000000        0x4 ./Core/Src/system_stm32f4xx.o
                0x20000000                SystemCoreClock
 .data.uwTickPrio
                0x20000004        0x4 ./Drivers/STM32F4xx_HAL_Driver/Src/stm32f4xx_hal.o
                0x20000004                uwTickPrio
 .data.uwTickFreq
                0x20000008        0x1 ./Drivers/STM32F4xx_HAL_Driver/Src/stm32f4xx_hal.o
                0x20000008                uwTickFreq
 *fill*         0x20000009        0x3 
 .data.USBD_CDC_DeviceQualifierDesc
                0x2000000c        0xa ./Middlewares/ST/STM32_USB_Device_Library/Class/CDC/Src/usbd_cdc.o
 *fill*         0x20000016        0x2 
 .data.USBD_CDC
                0x20000018       0x38 ./Middlewares/ST/STM32_USB_Device_Library/Class/CDC/Src/usbd_cdc.o
                0x20000018                USBD_CDC
 .data.USBD_CDC_CfgDesc
                0x20000050       0x43 ./Middlewares/ST/STM32_USB_Device_Library/Class/CDC/Src/usbd_cdc.o
 .data.CDCInEpAdd
                0x20000093        0x1 ./Middlewares/ST/STM32_USB_Device_Library/Class/CDC/Src/usbd_cdc.o
 .data.CDCOutEpAdd
                0x20000094        0x1 ./Middlewares/ST/STM32_USB_Device_Library/Class/CDC/Src/usbd_cdc.o
 .data.CDCCmdEpAdd
                0x20000095        0x1 ./Middlewares/ST/STM32_USB_Device_Library/Class/CDC/Src/usbd_cdc.o
 *fill*         0x20000096        0x2 
 .data.USBD_Interface_fops_FS
                0x20000098       0x14 ./USB_DEVICE/App/usbd_cdc_if.o
                0x20000098                USBD_Interface_fops_FS
 .data.FS_Desc  0x200000ac       0x1c ./USB_DEVICE/App/usbd_desc.o
                0x200000ac                FS_Desc
 .data.USBD_FS_DeviceDesc
                0x200000c8       0x12 ./USB_DEVICE/App/usbd_desc.o
                0x200000c8                USBD_FS_DeviceDesc
 *fill*         0x200000da        0x2 
 .data.USBD_LangIDDesc
                0x200000dc        0x4 ./USB_DEVICE/App/usbd_desc.o
                0x200000dc                USBD_LangIDDesc
 .data.USBD_StringSerial
                0x200000e0       0x1a ./USB_DEVICE/App/usbd_desc.o
                0x200000e0                USBD_StringSerial
 *(.RamFunc)
 *(.RamFunc*)
                0x200000fc                        . = ALIGN (0x4)
 *fill*         0x200000fa        0x2 
                0x200000fc                        _edata = .

.igot.plt       0x200000fc        0x0 load address 0x08017734
 .igot.plt      0x200000fc        0x0 G:/stm32cubeide/Install/STM32CubeIDE_1.18.0/STM32CubeIDE/plugins/com.st.stm32cube.ide.mcu.externaltools.gnu-tools-for-stm32.13.3.rel1.win32_1.0.0.202411081344/tools/bin/../lib/gcc/arm-none-eabi/13.3.1/thumb/v7e-m+fp/hard/crtbegin.o
                0x200000fc                        . = ALIGN (0x4)

.bss            0x200000fc     0x1c4c load address 0x08017734
                0x200000fc                        _sbss = .
                0x200000fc                        __bss_start__ = _sbss
 *(.bss)
 .bss           0x200000fc       0x1c G:/stm32cubeide/Install/STM32CubeIDE_1.18.0/STM32CubeIDE/plugins/com.st.stm32cube.ide.mcu.externaltools.gnu-tools-for-stm32.13.3.rel1.win32_1.0.0.202411081344/tools/bin/../lib/gcc/arm-none-eabi/13.3.1/thumb/v7e-m+fp/hard/crtbegin.o
 *(.bss*)
 .bss.huart2    0x20000118       0x48 ./Core/Src/main.o
                0x20000118                huart2
 .bss.uwTick    0x20000160        0x4 ./Drivers/STM32F4xx_HAL_Driver/Src/stm32f4xx_hal.o
                0x20000160                uwTick
 .bss.cfgidx.0  0x20000164        0x1 ./Middlewares/ST/STM32_USB_Device_Library/Core/Src/usbd_ctlreq.o
 *fill*         0x20000165        0x3 
 .bss.hUsbDeviceFS
                0x20000168      0x2dc ./USB_DEVICE/App/usb_device.o
                0x20000168                hUsbDeviceFS
 .bss.UserRxBufferFS
                0x20000444      0x800 ./USB_DEVICE/App/usbd_cdc_if.o
                0x20000444                UserRxBufferFS
 .bss.UserTxBufferFS
                0x20000c44      0x800 ./USB_DEVICE/App/usbd_cdc_if.o
                0x20000c44                UserTxBufferFS
 .bss.USBD_StrDesc
                0x20001444      0x200 ./USB_DEVICE/App/usbd_desc.o
                0x20001444                USBD_StrDesc
 .bss.hpcd_USB_OTG_FS
                0x20001644      0x4e4 ./USB_DEVICE/Target/usbd_conf.o
                0x20001644                hpcd_USB_OTG_FS
 .bss.mem.0     0x20001b28      0x220 ./USB_DEVICE/Target/usbd_conf.o
 *(COMMON)
                0x20001d48                        . = ALIGN (0x4)
                0x20001d48                        _ebss = .
                0x20001d48                        __bss_end__ = _ebss

._user_heap_stack
                0x20001d48      0x600 load address 0x08017734
                0x20001d48                        . = ALIGN (0x8)
                [!provide]                        PROVIDE (end = .)
                0x20001d48                        PROVIDE (_end = .)
                0x20001f48                        . = (. + _Min_Heap_Size)
 *fill*         0x20001d48      0x200 
                0x20002348                        . = (. + _Min_Stack_Size)
 *fill*         0x20001f48      0x400 
                0x20002348                        . = ALIGN (0x8)

/DISCARD/
 libc.a(*)
 libm.a(*)
 libgcc.a(*)

.ARM.attributes
                0x00000000       0x30
 *(.ARM.attributes)
 .ARM.attributes
                0x00000000       0x22 G:/stm32cubeide/Install/STM32CubeIDE_1.18.0/STM32CubeIDE/plugins/com.st.stm32cube.ide.mcu.externaltools.gnu-tools-for-stm32.13.3.rel1.win32_1.0.0.202411081344/tools/bin/../lib/gcc/arm-none-eabi/13.3.1/thumb/v7e-m+fp/hard/crti.o
 .ARM.attributes
                0x00000022       0x34 G:/stm32cubeide/Install/STM32CubeIDE_1.18.0/STM32CubeIDE/plugins/com.st.stm32cube.ide.mcu.externaltools.gnu-tools-for-stm32.13.3.rel1.win32_1.0.0.202411081344/tools/bin/../lib/gcc/arm-none-eabi/13.3.1/thumb/v7e-m+fp/hard/crtbegin.o
 .ARM.attributes
                0x00000056       0x34 ./Core/Src/main.o
 .ARM.attributes
                0x0000008a       0x34 ./Core/Src/stm32f4xx_hal_msp.o
 .ARM.attributes
                0x000000be       0x34 ./Core/Src/stm32f4xx_it.o
 .ARM.attributes
                0x000000f2       0x34 ./Core/Src/system_stm32f4xx.o
 .ARM.attributes
                0x00000126       0x21 ./Core/Startup/startup_stm32f411vetx.o
 .ARM.attributes
                0x00000147       0x34 ./Drivers/STM32F4xx_HAL_Driver/Src/stm32f4xx_hal.o
 .ARM.attributes
                0x0000017b       0x34 ./Drivers/STM32F4xx_HAL_Driver/Src/stm32f4xx_hal_cortex.o
 .ARM.attributes
                0x000001af       0x34 ./Drivers/STM32F4xx_HAL_Driver/Src/stm32f4xx_hal_gpio.o
 .ARM.attributes
                0x000001e3       0x34 ./Drivers/STM32F4xx_HAL_Driver/Src/stm32f4xx_hal_pcd.o
 .ARM.attributes
                0x00000217       0x34 ./Drivers/STM32F4xx_HAL_Driver/Src/stm32f4xx_hal_pcd_ex.o
 .ARM.attributes
                0x0000024b       0x34 ./Drivers/STM32F4xx_HAL_Driver/Src/stm32f4xx_hal_rcc.o
 .ARM.attributes
                0x0000027f       0x34 ./Drivers/STM32F4xx_HAL_Driver/Src/stm32f4xx_hal_uart.o
 .ARM.attributes
                0x000002b3       0x34 ./Drivers/STM32F4xx_HAL_Driver/Src/stm32f4xx_ll_usb.o
 .ARM.attributes
                0x000002e7       0x34 ./Middlewares/ST/STM32_USB_Device_Library/Class/CDC/Src/usbd_cdc.o
 .ARM.attributes
                0x0000031b       0x34 ./Middlewares/ST/STM32_USB_Device_Library/Core/Src/usbd_core.o
 .ARM.attributes
                0x0000034f       0x34 ./Middlewares/ST/STM32_USB_Device_Library/Core/Src/usbd_ctlreq.o
 .ARM.attributes
                0x00000383       0x34 ./Middlewares/ST/STM32_USB_Device_Library/Core/Src/usbd_ioreq.o
 .ARM.attributes
                0x000003b7       0x34 ./USB_DEVICE/App/usb_device.o
 .ARM.attributes
                0x000003eb       0x34 ./USB_DEVICE/App/usbd_cdc_if.o
 .ARM.attributes
                0x0000041f       0x34 ./USB_DEVICE/App/usbd_desc.o
 .ARM.attributes
                0x00000453       0x34 ./USB_DEVICE/Target/usbd_conf.o
 .ARM.attributes
                0x00000487       0x34 G:/stm32cubeide/Install/STM32CubeIDE_1.18.0/STM32CubeIDE/plugins/com.st.stm32cube.ide.mcu.externaltools.gnu-tools-for-stm32.13.3.rel1.win32_1.0.0.202411081344/tools/bin/../lib/gcc/arm-none-eabi/13.3.1/../../../../arm-none-eabi/lib/thumb/v7e-m+fp/hard\libc_nano.a(libc_a-memset.o)
 .ARM.attributes
                0x000004bb       0x34 G:/stm32cubeide/Install/STM32CubeIDE_1.18.0/STM32CubeIDE/plugins/com.st.stm32cube.ide.mcu.externaltools.gnu-tools-for-stm32.13.3.rel1.win32_1.0.0.202411081344/tools/bin/../lib/gcc/arm-none-eabi/13.3.1/../../../../arm-none-eabi/lib/thumb/v7e-m+fp/hard\libc_nano.a(libc_a-init.o)
 .ARM.attributes
                0x000004ef       0x22 G:/stm32cubeide/Install/STM32CubeIDE_1.18.0/STM32CubeIDE/plugins/com.st.stm32cube.ide.mcu.externaltools.gnu-tools-for-stm32.13.3.rel1.win32_1.0.0.202411081344/tools/bin/../lib/gcc/arm-none-eabi/13.3.1/thumb/v7e-m+fp/hard\libgcc.a(_aeabi_uldivmod.o)
 .ARM.attributes
                0x00000511       0x34 G:/stm32cubeide/Install/STM32CubeIDE_1.18.0/STM32CubeIDE/plugins/com.st.stm32cube.ide.mcu.externaltools.gnu-tools-for-stm32.13.3.rel1.win32_1.0.0.202411081344/tools/bin/../lib/gcc/arm-none-eabi/13.3.1/thumb/v7e-m+fp/hard\libgcc.a(_udivmoddi4.o)
 .ARM.attributes
                0x00000545       0x22 G:/stm32cubeide/Install/STM32CubeIDE_1.18.0/STM32CubeIDE/plugins/com.st.stm32cube.ide.mcu.externaltools.gnu-tools-for-stm32.13.3.rel1.win32_1.0.0.202411081344/tools/bin/../lib/gcc/arm-none-eabi/13.3.1/thumb/v7e-m+fp/hard\libgcc.a(_dvmd_tls.o)
 .ARM.attributes
                0x00000567       0x22 G:/stm32cubeide/Install/STM32CubeIDE_1.18.0/STM32CubeIDE/plugins/com.st.stm32cube.ide.mcu.externaltools.gnu-tools-for-stm32.13.3.rel1.win32_1.0.0.202411081344/tools/bin/../lib/gcc/arm-none-eabi/13.3.1/thumb/v7e-m+fp/hard/crtn.o
OUTPUT(APPLICATION.elf elf32-littlearm)
LOAD linker stubs
LOAD G:/stm32cubeide/Install/STM32CubeIDE_1.18.0/STM32CubeIDE/plugins/com.st.stm32cube.ide.mcu.externaltools.gnu-tools-for-stm32.13.3.rel1.win32_1.0.0.202411081344/tools/bin/../lib/gcc/arm-none-eabi/13.3.1/../../../../arm-none-eabi/lib/thumb/v7e-m+fp/hard\libc.a
LOAD G:/stm32cubeide/Install/STM32CubeIDE_1.18.0/STM32CubeIDE/plugins/com.st.stm32cube.ide.mcu.externaltools.gnu-tools-for-stm32.13.3.rel1.win32_1.0.0.202411081344/tools/bin/../lib/gcc/arm-none-eabi/13.3.1/../../../../arm-none-eabi/lib/thumb/v7e-m+fp/hard\libm.a
LOAD G:/stm32cubeide/Install/STM32CubeIDE_1.18.0/STM32CubeIDE/plugins/com.st.stm32cube.ide.mcu.externaltools.gnu-tools-for-stm32.13.3.rel1.win32_1.0.0.202411081344/tools/bin/../lib/gcc/arm-none-eabi/13.3.1/thumb/v7e-m+fp/hard\libgcc.a

.debug_info     0x00000000    0x10ef8
 .debug_info    0x00000000      0xc23 ./Core/Src/main.o
 .debug_info    0x00000c23      0x91a ./Core/Src/stm32f4xx_hal_msp.o
 .debug_info    0x0000153d      0x627 ./Core/Src/stm32f4xx_it.o
 .debug_info    0x00001b64      0x53e ./Core/Src/system_stm32f4xx.o
 .debug_info    0x000020a2       0x30 ./Core/Startup/startup_stm32f411vetx.o
 .debug_info    0x000020d2      0x8c4 ./Drivers/STM32F4xx_HAL_Driver/Src/stm32f4xx_hal.o
 .debug_info    0x00002996      0xcfc ./Drivers/STM32F4xx_HAL_Driver/Src/stm32f4xx_hal_cortex.o
 .debug_info    0x00003692      0x6f9 ./Drivers/STM32F4xx_HAL_Driver/Src/stm32f4xx_hal_gpio.o
 .debug_info    0x00003d8b     0x1577 ./Drivers/STM32F4xx_HAL_Driver/Src/stm32f4xx_hal_pcd.o
 .debug_info    0x00005302      0x6ea ./Drivers/STM32F4xx_HAL_Driver/Src/stm32f4xx_hal_pcd_ex.o
 .debug_info    0x000059ec      0x8f0 ./Drivers/STM32F4xx_HAL_Driver/Src/stm32f4xx_hal_rcc.o
 .debug_info    0x000062dc     0x2f56 ./Drivers/STM32F4xx_HAL_Driver/Src/stm32f4xx_hal_uart.o
 .debug_info    0x00009232     0x1993 ./Drivers/STM32F4xx_HAL_Driver/Src/stm32f4xx_ll_usb.o
 .debug_info    0x0000abc5     0x12a3 ./Middlewares/ST/STM32_USB_Device_Library/Class/CDC/Src/usbd_cdc.o
 .debug_info    0x0000be68      0xe05 ./Middlewares/ST/STM32_USB_Device_Library/Core/Src/usbd_core.o
 .debug_info    0x0000cc6d      0xade ./Middlewares/ST/STM32_USB_Device_Library/Core/Src/usbd_ctlreq.o
 .debug_info    0x0000d74b      0x755 ./Middlewares/ST/STM32_USB_Device_Library/Core/Src/usbd_ioreq.o
 .debug_info    0x0000dea0      0x701 ./USB_DEVICE/App/usb_device.o
 .debug_info    0x0000e5a1      0x8fa ./USB_DEVICE/App/usbd_cdc_if.o
 .debug_info    0x0000ee9b      0x458 ./USB_DEVICE/App/usbd_desc.o
 .debug_info    0x0000f2f3     0x1c05 ./USB_DEVICE/Target/usbd_conf.o

.debug_abbrev   0x00000000     0x2de0
 .debug_abbrev  0x00000000      0x25a ./Core/Src/main.o
 .debug_abbrev  0x0000025a      0x1ac ./Core/Src/stm32f4xx_hal_msp.o
 .debug_abbrev  0x00000406      0x1a4 ./Core/Src/stm32f4xx_it.o
 .debug_abbrev  0x000005aa      0x11a ./Core/Src/system_stm32f4xx.o
 .debug_abbrev  0x000006c4       0x24 ./Core/Startup/startup_stm32f411vetx.o
 .debug_abbrev  0x000006e8      0x24b ./Drivers/STM32F4xx_HAL_Driver/Src/stm32f4xx_hal.o
 .debug_abbrev  0x00000933      0x31d ./Drivers/STM32F4xx_HAL_Driver/Src/stm32f4xx_hal_cortex.o
 .debug_abbrev  0x00000c50      0x1d3 ./Drivers/STM32F4xx_HAL_Driver/Src/stm32f4xx_hal_gpio.o
 .debug_abbrev  0x00000e23      0x2b6 ./Drivers/STM32F4xx_HAL_Driver/Src/stm32f4xx_hal_pcd.o
 .debug_abbrev  0x000010d9      0x1da ./Drivers/STM32F4xx_HAL_Driver/Src/stm32f4xx_hal_pcd_ex.o
 .debug_abbrev  0x000012b3      0x2b6 ./Drivers/STM32F4xx_HAL_Driver/Src/stm32f4xx_hal_rcc.o
 .debug_abbrev  0x00001569      0x31b ./Drivers/STM32F4xx_HAL_Driver/Src/stm32f4xx_hal_uart.o
 .debug_abbrev  0x00001884      0x2b3 ./Drivers/STM32F4xx_HAL_Driver/Src/stm32f4xx_ll_usb.o
 .debug_abbrev  0x00001b37      0x2d2 ./Middlewares/ST/STM32_USB_Device_Library/Class/CDC/Src/usbd_cdc.o
 .debug_abbrev  0x00001e09      0x27c ./Middlewares/ST/STM32_USB_Device_Library/Core/Src/usbd_core.o
 .debug_abbrev  0x00002085      0x26f ./Middlewares/ST/STM32_USB_Device_Library/Core/Src/usbd_ctlreq.o
 .debug_abbrev  0x000022f4      0x19a ./Middlewares/ST/STM32_USB_Device_Library/Core/Src/usbd_ioreq.o
 .debug_abbrev  0x0000248e      0x195 ./USB_DEVICE/App/usb_device.o
 .debug_abbrev  0x00002623      0x29d ./USB_DEVICE/App/usbd_cdc_if.o
 .debug_abbrev  0x000028c0      0x1e1 ./USB_DEVICE/App/usbd_desc.o
 .debug_abbrev  0x00002aa1      0x33f ./USB_DEVICE/Target/usbd_conf.o

.debug_aranges  0x00000000      0xd70
 .debug_aranges
                0x00000000       0x40 ./Core/Src/main.o
 .debug_aranges
                0x00000040       0x30 ./Core/Src/stm32f4xx_hal_msp.o
 .debug_aranges
                0x00000070       0x68 ./Core/Src/stm32f4xx_it.o
 .debug_aranges
                0x000000d8       0x28 ./Core/Src/system_stm32f4xx.o
 .debug_aranges
                0x00000100       0x28 ./Core/Startup/startup_stm32f411vetx.o
 .debug_aranges
                0x00000128       0xf0 ./Drivers/STM32F4xx_HAL_Driver/Src/stm32f4xx_hal.o
 .debug_aranges
                0x00000218      0x130 ./Drivers/STM32F4xx_HAL_Driver/Src/stm32f4xx_hal_cortex.o
 .debug_aranges
                0x00000348       0x58 ./Drivers/STM32F4xx_HAL_Driver/Src/stm32f4xx_hal_gpio.o
 .debug_aranges
                0x000003a0      0x148 ./Drivers/STM32F4xx_HAL_Driver/Src/stm32f4xx_hal_pcd.o
 .debug_aranges
                0x000004e8       0x38 ./Drivers/STM32F4xx_HAL_Driver/Src/stm32f4xx_hal_pcd_ex.o
 .debug_aranges
                0x00000520       0x88 ./Drivers/STM32F4xx_HAL_Driver/Src/stm32f4xx_hal_rcc.o
 .debug_aranges
                0x000005a8      0x208 ./Drivers/STM32F4xx_HAL_Driver/Src/stm32f4xx_hal_uart.o
 .debug_aranges
                0x000007b0      0x1a0 ./Drivers/STM32F4xx_HAL_Driver/Src/stm32f4xx_ll_usb.o
 .debug_aranges
                0x00000950       0x90 ./Middlewares/ST/STM32_USB_Device_Library/Class/CDC/Src/usbd_cdc.o
 .debug_aranges
                0x000009e0       0xd8 ./Middlewares/ST/STM32_USB_Device_Library/Core/Src/usbd_core.o
 .debug_aranges
                0x00000ab8       0x90 ./Middlewares/ST/STM32_USB_Device_Library/Core/Src/usbd_ctlreq.o
 .debug_aranges
                0x00000b48       0x50 ./Middlewares/ST/STM32_USB_Device_Library/Core/Src/usbd_ioreq.o
 .debug_aranges
                0x00000b98       0x20 ./USB_DEVICE/App/usb_device.o
 .debug_aranges
                0x00000bb8       0x48 ./USB_DEVICE/App/usbd_cdc_if.o
 .debug_aranges
                0x00000c00       0x60 ./USB_DEVICE/App/usbd_desc.o
 .debug_aranges
                0x00000c60      0x110 ./USB_DEVICE/Target/usbd_conf.o

.debug_rnglists
                0x00000000      0xa23
 .debug_rnglists
                0x00000000       0x2d ./Core/Src/main.o
 .debug_rnglists
                0x0000002d       0x20 ./Core/Src/stm32f4xx_hal_msp.o
 .debug_rnglists
                0x0000004d       0x49 ./Core/Src/stm32f4xx_it.o
 .debug_rnglists
                0x00000096       0x1a ./Core/Src/system_stm32f4xx.o
 .debug_rnglists
                0x000000b0       0x19 ./Core/Startup/startup_stm32f411vetx.o
 .debug_rnglists
                0x000000c9       0xaf ./Drivers/STM32F4xx_HAL_Driver/Src/stm32f4xx_hal.o
 .debug_rnglists
                0x00000178       0xe0 ./Drivers/STM32F4xx_HAL_Driver/Src/stm32f4xx_hal_cortex.o
 .debug_rnglists
                0x00000258       0x3f ./Drivers/STM32F4xx_HAL_Driver/Src/stm32f4xx_hal_gpio.o
 .debug_rnglists
                0x00000297       0xfa ./Drivers/STM32F4xx_HAL_Driver/Src/stm32f4xx_hal_pcd.o
 .debug_rnglists
                0x00000391       0x26 ./Drivers/STM32F4xx_HAL_Driver/Src/stm32f4xx_hal_pcd_ex.o
 .debug_rnglists
                0x000003b7       0x66 ./Drivers/STM32F4xx_HAL_Driver/Src/stm32f4xx_hal_rcc.o
 .debug_rnglists
                0x0000041d      0x1bc ./Drivers/STM32F4xx_HAL_Driver/Src/stm32f4xx_hal_uart.o
 .debug_rnglists
                0x000005d9      0x147 ./Drivers/STM32F4xx_HAL_Driver/Src/stm32f4xx_ll_usb.o
 .debug_rnglists
                0x00000720       0x6c ./Middlewares/ST/STM32_USB_Device_Library/Class/CDC/Src/usbd_cdc.o
 .debug_rnglists
                0x0000078c       0xa1 ./Middlewares/ST/STM32_USB_Device_Library/Core/Src/usbd_core.o
 .debug_rnglists
                0x0000082d       0x6e ./Middlewares/ST/STM32_USB_Device_Library/Core/Src/usbd_ctlreq.o
 .debug_rnglists
                0x0000089b       0x37 ./Middlewares/ST/STM32_USB_Device_Library/Core/Src/usbd_ioreq.o
 .debug_rnglists
                0x000008d2       0x13 ./USB_DEVICE/App/usb_device.o
 .debug_rnglists
                0x000008e5       0x32 ./USB_DEVICE/App/usbd_cdc_if.o
 .debug_rnglists
                0x00000917       0x43 ./USB_DEVICE/App/usbd_desc.o
 .debug_rnglists
                0x0000095a       0xc9 ./USB_DEVICE/Target/usbd_conf.o

.debug_macro    0x00000000    0x181c3
 .debug_macro   0x00000000      0x39c ./Core/Src/main.o
 .debug_macro   0x0000039c      0xad8 ./Core/Src/main.o
 .debug_macro   0x00000e74      0x29b ./Core/Src/main.o
 .debug_macro   0x0000110f       0x2e ./Core/Src/main.o
 .debug_macro   0x0000113d       0x28 ./Core/Src/main.o
 .debug_macro   0x00001165       0x22 ./Core/Src/main.o
 .debug_macro   0x00001187       0x8e ./Core/Src/main.o
 .debug_macro   0x00001215       0x51 ./Core/Src/main.o
 .debug_macro   0x00001266      0x103 ./Core/Src/main.o
 .debug_macro   0x00001369       0x6a ./Core/Src/main.o
 .debug_macro   0x000013d3      0x1df ./Core/Src/main.o
 .debug_macro   0x000015b2       0x1c ./Core/Src/main.o
 .debug_macro   0x000015ce       0x22 ./Core/Src/main.o
 .debug_macro   0x000015f0       0xfb ./Core/Src/main.o
 .debug_macro   0x000016eb     0x1011 ./Core/Src/main.o
 .debug_macro   0x000026fc      0x11f ./Core/Src/main.o
 .debug_macro   0x0000281b     0xb953 ./Core/Src/main.o
 .debug_macro   0x0000e16e       0x6d ./Core/Src/main.o
 .debug_macro   0x0000e1db     0x369a ./Core/Src/main.o
 .debug_macro   0x00011875      0x190 ./Core/Src/main.o
 .debug_macro   0x00011a05       0x5c ./Core/Src/main.o
 .debug_macro   0x00011a61      0x45c ./Core/Src/main.o
 .debug_macro   0x00011ebd      0x9e9 ./Core/Src/main.o
 .debug_macro   0x000128a6      0x115 ./Core/Src/main.o
 .debug_macro   0x000129bb      0x11b ./Core/Src/main.o
 .debug_macro   0x00012ad6       0xa5 ./Core/Src/main.o
 .debug_macro   0x00012b7b      0x15f ./Core/Src/main.o
 .debug_macro   0x00012cda      0x287 ./Core/Src/main.o
 .debug_macro   0x00012f61       0x5f ./Core/Src/main.o
 .debug_macro   0x00012fc0      0x236 ./Core/Src/main.o
 .debug_macro   0x000131f6      0x132 ./Core/Src/main.o
 .debug_macro   0x00013328      0x264 ./Core/Src/main.o
 .debug_macro   0x0001358c       0x2e ./Core/Src/main.o
 .debug_macro   0x000135ba      0x127 ./Core/Src/main.o
 .debug_macro   0x000136e1       0x85 ./Core/Src/main.o
 .debug_macro   0x00013766       0x89 ./Core/Src/main.o
 .debug_macro   0x000137ef      0x2aa ./Core/Src/main.o
 .debug_macro   0x00013a99      0x293 ./Core/Src/main.o
 .debug_macro   0x00013d2c       0xba ./Core/Src/main.o
 .debug_macro   0x00013de6      0x126 ./Core/Src/main.o
 .debug_macro   0x00013f0c       0x61 ./Core/Src/main.o
 .debug_macro   0x00013f6d       0x2a ./Core/Src/main.o
 .debug_macro   0x00013f97       0x43 ./Core/Src/main.o
 .debug_macro   0x00013fda       0x34 ./Core/Src/main.o
 .debug_macro   0x0001400e       0x16 ./Core/Src/main.o
 .debug_macro   0x00014024       0x3c ./Core/Src/main.o
 .debug_macro   0x00014060      0x370 ./Core/Src/main.o
 .debug_macro   0x000143d0       0x10 ./Core/Src/main.o
 .debug_macro   0x000143e0       0x16 ./Core/Src/main.o
 .debug_macro   0x000143f6       0x4a ./Core/Src/main.o
 .debug_macro   0x00014440       0x34 ./Core/Src/main.o
 .debug_macro   0x00014474       0x10 ./Core/Src/main.o
 .debug_macro   0x00014484       0x58 ./Core/Src/main.o
 .debug_macro   0x000144dc       0x8e ./Core/Src/main.o
 .debug_macro   0x0001456a       0x1c ./Core/Src/main.o
 .debug_macro   0x00014586      0x185 ./Core/Src/main.o
 .debug_macro   0x0001470b       0x16 ./Core/Src/main.o
 .debug_macro   0x00014721       0x16 ./Core/Src/main.o
 .debug_macro   0x00014737      0x146 ./Core/Src/main.o
 .debug_macro   0x0001487d       0x16 ./Core/Src/main.o
 .debug_macro   0x00014893       0x16 ./Core/Src/main.o
 .debug_macro   0x000148a9       0x29 ./Core/Src/main.o
 .debug_macro   0x000148d2       0x16 ./Core/Src/main.o
 .debug_macro   0x000148e8       0x20 ./Core/Src/main.o
 .debug_macro   0x00014908       0x65 ./Core/Src/main.o
 .debug_macro   0x0001496d      0x20f ./Core/Src/main.o
 .debug_macro   0x00014b7c       0x95 ./Core/Src/main.o
 .debug_macro   0x00014c11       0x10 ./Core/Src/main.o
 .debug_macro   0x00014c21      0x1e8 ./Core/Src/stm32f4xx_hal_msp.o
 .debug_macro   0x00014e09      0x1f2 ./Core/Src/stm32f4xx_it.o
 .debug_macro   0x00014ffb      0x1f0 ./Core/Src/system_stm32f4xx.o
 .debug_macro   0x000151eb      0x23e ./Drivers/STM32F4xx_HAL_Driver/Src/stm32f4xx_hal.o
 .debug_macro   0x00015429      0x1de ./Drivers/STM32F4xx_HAL_Driver/Src/stm32f4xx_hal_cortex.o
 .debug_macro   0x00015607      0x1e4 ./Drivers/STM32F4xx_HAL_Driver/Src/stm32f4xx_hal_gpio.o
 .debug_macro   0x000157eb      0x1ea ./Drivers/STM32F4xx_HAL_Driver/Src/stm32f4xx_hal_pcd.o
 .debug_macro   0x000159d5      0x1de ./Drivers/STM32F4xx_HAL_Driver/Src/stm32f4xx_hal_pcd_ex.o
 .debug_macro   0x00015bb3      0x202 ./Drivers/STM32F4xx_HAL_Driver/Src/stm32f4xx_hal_rcc.o
 .debug_macro   0x00015db5      0x1df ./Drivers/STM32F4xx_HAL_Driver/Src/stm32f4xx_hal_uart.o
 .debug_macro   0x00015f94      0x1de ./Drivers/STM32F4xx_HAL_Driver/Src/stm32f4xx_ll_usb.o
 .debug_macro   0x00016172      0x377 ./Middlewares/ST/STM32_USB_Device_Library/Class/CDC/Src/usbd_cdc.o
 .debug_macro   0x000164e9       0x9e ./Middlewares/ST/STM32_USB_Device_Library/Class/CDC/Src/usbd_cdc.o
 .debug_macro   0x00016587      0x112 ./Middlewares/ST/STM32_USB_Device_Library/Class/CDC/Src/usbd_cdc.o
 .debug_macro   0x00016699       0x56 ./Middlewares/ST/STM32_USB_Device_Library/Class/CDC/Src/usbd_cdc.o
 .debug_macro   0x000166ef      0x35e ./Middlewares/ST/STM32_USB_Device_Library/Core/Src/usbd_core.o
 .debug_macro   0x00016a4d      0x215 ./Middlewares/ST/STM32_USB_Device_Library/Core/Src/usbd_core.o
 .debug_macro   0x00016c62      0x368 ./Middlewares/ST/STM32_USB_Device_Library/Core/Src/usbd_ctlreq.o
 .debug_macro   0x00016fca      0x364 ./Middlewares/ST/STM32_USB_Device_Library/Core/Src/usbd_ioreq.o
 .debug_macro   0x0001732e      0x39d ./USB_DEVICE/App/usb_device.o
 .debug_macro   0x000176cb       0x22 ./USB_DEVICE/App/usb_device.o
 .debug_macro   0x000176ed       0x16 ./USB_DEVICE/App/usb_device.o
 .debug_macro   0x00017703      0x382 ./USB_DEVICE/App/usbd_cdc_if.o
 .debug_macro   0x00017a85      0x3a1 ./USB_DEVICE/App/usbd_desc.o
 .debug_macro   0x00017e26       0x1c ./USB_DEVICE/App/usbd_desc.o
 .debug_macro   0x00017e42      0x381 ./USB_DEVICE/Target/usbd_conf.o

.debug_line     0x00000000    0x130d6
 .debug_line    0x00000000      0xc9e ./Core/Src/main.o
 .debug_line    0x00000c9e      0x84c ./Core/Src/stm32f4xx_hal_msp.o
 .debug_line    0x000014ea      0x8c6 ./Core/Src/stm32f4xx_it.o
 .debug_line    0x00001db0      0x88a ./Core/Src/system_stm32f4xx.o
 .debug_line    0x0000263a       0x7a ./Core/Startup/startup_stm32f411vetx.o
 .debug_line    0x000026b4      0xaf1 ./Drivers/STM32F4xx_HAL_Driver/Src/stm32f4xx_hal.o
 .debug_line    0x000031a5      0xdc1 ./Drivers/STM32F4xx_HAL_Driver/Src/stm32f4xx_hal_cortex.o
 .debug_line    0x00003f66      0xc0d ./Drivers/STM32F4xx_HAL_Driver/Src/stm32f4xx_hal_gpio.o
 .debug_line    0x00004b73     0x1536 ./Drivers/STM32F4xx_HAL_Driver/Src/stm32f4xx_hal_pcd.o
 .debug_line    0x000060a9      0x8ba ./Drivers/STM32F4xx_HAL_Driver/Src/stm32f4xx_hal_pcd_ex.o
 .debug_line    0x00006963      0xf00 ./Drivers/STM32F4xx_HAL_Driver/Src/stm32f4xx_hal_rcc.o
 .debug_line    0x00007863     0x2600 ./Drivers/STM32F4xx_HAL_Driver/Src/stm32f4xx_hal_uart.o
 .debug_line    0x00009e63     0x1dbc ./Drivers/STM32F4xx_HAL_Driver/Src/stm32f4xx_ll_usb.o
 .debug_line    0x0000bc1f     0x105f ./Middlewares/ST/STM32_USB_Device_Library/Class/CDC/Src/usbd_cdc.o
 .debug_line    0x0000cc7e     0x1102 ./Middlewares/ST/STM32_USB_Device_Library/Core/Src/usbd_core.o
 .debug_line    0x0000dd80     0x12df ./Middlewares/ST/STM32_USB_Device_Library/Core/Src/usbd_ctlreq.o
 .debug_line    0x0000f05f      0xc18 ./Middlewares/ST/STM32_USB_Device_Library/Core/Src/usbd_ioreq.o
 .debug_line    0x0000fc77      0xbe4 ./USB_DEVICE/App/usb_device.o
 .debug_line    0x0001085b      0xc37 ./USB_DEVICE/App/usbd_cdc_if.o
 .debug_line    0x00011492      0xc8d ./USB_DEVICE/App/usbd_desc.o
 .debug_line    0x0001211f      0xfb7 ./USB_DEVICE/Target/usbd_conf.o

.debug_str      0x00000000    0x89935
 .debug_str     0x00000000    0x89935 ./Core/Src/main.o
                              0x8617e (size before relaxing)
 .debug_str     0x00089935    0x81876 ./Core/Src/stm32f4xx_hal_msp.o
 .debug_str     0x00089935    0x816fe ./Core/Src/stm32f4xx_it.o
 .debug_str     0x00089935    0x8145b ./Core/Src/system_stm32f4xx.o
 .debug_str     0x00089935       0x7b ./Core/Startup/startup_stm32f411vetx.o
 .debug_str     0x00089935    0x81e33 ./Drivers/STM32F4xx_HAL_Driver/Src/stm32f4xx_hal.o
 .debug_str     0x00089935    0x81b9d ./Drivers/STM32F4xx_HAL_Driver/Src/stm32f4xx_hal_cortex.o
 .debug_str     0x00089935    0x81582 ./Drivers/STM32F4xx_HAL_Driver/Src/stm32f4xx_hal_gpio.o
 .debug_str     0x00089935    0x81ed3 ./Drivers/STM32F4xx_HAL_Driver/Src/stm32f4xx_hal_pcd.o
 .debug_str     0x00089935    0x817c3 ./Drivers/STM32F4xx_HAL_Driver/Src/stm32f4xx_hal_pcd_ex.o
 .debug_str     0x00089935    0x8183b ./Drivers/STM32F4xx_HAL_Driver/Src/stm32f4xx_hal_rcc.o
 .debug_str     0x00089935    0x81e0a ./Drivers/STM32F4xx_HAL_Driver/Src/stm32f4xx_hal_uart.o
 .debug_str     0x00089935    0x81dae ./Drivers/STM32F4xx_HAL_Driver/Src/stm32f4xx_ll_usb.o
 .debug_str     0x00089935    0x86469 ./Middlewares/ST/STM32_USB_Device_Library/Class/CDC/Src/usbd_cdc.o
 .debug_str     0x00089935    0x85dc2 ./Middlewares/ST/STM32_USB_Device_Library/Core/Src/usbd_core.o
 .debug_str     0x00089935    0x85bed ./Middlewares/ST/STM32_USB_Device_Library/Core/Src/usbd_ctlreq.o
 .debug_str     0x00089935    0x85ac2 ./Middlewares/ST/STM32_USB_Device_Library/Core/Src/usbd_ioreq.o
 .debug_str     0x00089935    0x85e75 ./USB_DEVICE/App/usb_device.o
 .debug_str     0x00089935    0x85eb5 ./USB_DEVICE/App/usbd_cdc_if.o
 .debug_str     0x00089935    0x859c2 ./USB_DEVICE/App/usbd_desc.o
 .debug_str     0x00089935    0x86b71 ./USB_DEVICE/Target/usbd_conf.o

.comment        0x00000000       0x43
 .comment       0x00000000       0x43 ./Core/Src/main.o
                                 0x44 (size before relaxing)
 .comment       0x00000043       0x44 ./Core/Src/stm32f4xx_hal_msp.o
 .comment       0x00000043       0x44 ./Core/Src/stm32f4xx_it.o
 .comment       0x00000043       0x44 ./Core/Src/system_stm32f4xx.o
 .comment       0x00000043       0x44 ./Drivers/STM32F4xx_HAL_Driver/Src/stm32f4xx_hal.o
 .comment       0x00000043       0x44 ./Drivers/STM32F4xx_HAL_Driver/Src/stm32f4xx_hal_cortex.o
 .comment       0x00000043       0x44 ./Drivers/STM32F4xx_HAL_Driver/Src/stm32f4xx_hal_gpio.o
 .comment       0x00000043       0x44 ./Drivers/STM32F4xx_HAL_Driver/Src/stm32f4xx_hal_pcd.o
 .comment       0x00000043       0x44 ./Drivers/STM32F4xx_HAL_Driver/Src/stm32f4xx_hal_pcd_ex.o
 .comment       0x00000043       0x44 ./Drivers/STM32F4xx_HAL_Driver/Src/stm32f4xx_hal_rcc.o
 .comment       0x00000043       0x44 ./Drivers/STM32F4xx_HAL_Driver/Src/stm32f4xx_hal_uart.o
 .comment       0x00000043       0x44 ./Drivers/STM32F4xx_HAL_Driver/Src/stm32f4xx_ll_usb.o
 .comment       0x00000043       0x44 ./Middlewares/ST/STM32_USB_Device_Library/Class/CDC/Src/usbd_cdc.o
 .comment       0x00000043       0x44 ./Middlewares/ST/STM32_USB_Device_Library/Core/Src/usbd_core.o
 .comment       0x00000043       0x44 ./Middlewares/ST/STM32_USB_Device_Library/Core/Src/usbd_ctlreq.o
 .comment       0x00000043       0x44 ./Middlewares/ST/STM32_USB_Device_Library/Core/Src/usbd_ioreq.o
 .comment       0x00000043       0x44 ./USB_DEVICE/App/usb_device.o
 .comment       0x00000043       0x44 ./USB_DEVICE/App/usbd_cdc_if.o
 .comment       0x00000043       0x44 ./USB_DEVICE/App/usbd_desc.o
 .comment       0x00000043       0x44 ./USB_DEVICE/Target/usbd_conf.o

.debug_frame    0x00000000     0x368c
 .debug_frame   0x00000000       0xb0 ./Core/Src/main.o
 .debug_frame   0x000000b0       0x80 ./Core/Src/stm32f4xx_hal_msp.o
 .debug_frame   0x00000130      0x120 ./Core/Src/stm32f4xx_it.o
 .debug_frame   0x00000250       0x58 ./Core/Src/system_stm32f4xx.o
 .debug_frame   0x000002a8      0x374 ./Drivers/STM32F4xx_HAL_Driver/Src/stm32f4xx_hal.o
 .debug_frame   0x0000061c      0x508 ./Drivers/STM32F4xx_HAL_Driver/Src/stm32f4xx_hal_cortex.o
 .debug_frame   0x00000b24      0x14c ./Drivers/STM32F4xx_HAL_Driver/Src/stm32f4xx_hal_gpio.o
 .debug_frame   0x00000c70      0x5b8 ./Drivers/STM32F4xx_HAL_Driver/Src/stm32f4xx_hal_pcd.o
 .debug_frame   0x00001228       0xb0 ./Drivers/STM32F4xx_HAL_Driver/Src/stm32f4xx_hal_pcd_ex.o
 .debug_frame   0x000012d8      0x1f4 ./Drivers/STM32F4xx_HAL_Driver/Src/stm32f4xx_hal_rcc.o
 .debug_frame   0x000014cc      0x954 ./Drivers/STM32F4xx_HAL_Driver/Src/stm32f4xx_hal_uart.o
 .debug_frame   0x00001e20      0x7c0 ./Drivers/STM32F4xx_HAL_Driver/Src/stm32f4xx_ll_usb.o
 .debug_frame   0x000025e0      0x23c ./Middlewares/ST/STM32_USB_Device_Library/Class/CDC/Src/usbd_cdc.o
 .debug_frame   0x0000281c      0x390 ./Middlewares/ST/STM32_USB_Device_Library/Core/Src/usbd_core.o
 .debug_frame   0x00002bac      0x23c ./Middlewares/ST/STM32_USB_Device_Library/Core/Src/usbd_ctlreq.o
 .debug_frame   0x00002de8      0x10c ./Middlewares/ST/STM32_USB_Device_Library/Core/Src/usbd_ioreq.o
 .debug_frame   0x00002ef4       0x2c ./USB_DEVICE/App/usb_device.o
 .debug_frame   0x00002f20       0xe4 ./USB_DEVICE/App/usbd_cdc_if.o
 .debug_frame   0x00003004      0x160 ./USB_DEVICE/App/usbd_desc.o
 .debug_frame   0x00003164      0x47c ./USB_DEVICE/Target/usbd_conf.o
 .debug_frame   0x000035e0       0x20 G:/stm32cubeide/Install/STM32CubeIDE_1.18.0/STM32CubeIDE/plugins/com.st.stm32cube.ide.mcu.externaltools.gnu-tools-for-stm32.13.3.rel1.win32_1.0.0.202411081344/tools/bin/../lib/gcc/arm-none-eabi/13.3.1/../../../../arm-none-eabi/lib/thumb/v7e-m+fp/hard\libc_nano.a(libc_a-memset.o)
 .debug_frame   0x00003600       0x2c G:/stm32cubeide/Install/STM32CubeIDE_1.18.0/STM32CubeIDE/plugins/com.st.stm32cube.ide.mcu.externaltools.gnu-tools-for-stm32.13.3.rel1.win32_1.0.0.202411081344/tools/bin/../lib/gcc/arm-none-eabi/13.3.1/../../../../arm-none-eabi/lib/thumb/v7e-m+fp/hard\libc_nano.a(libc_a-init.o)
 .debug_frame   0x0000362c       0x2c G:/stm32cubeide/Install/STM32CubeIDE_1.18.0/STM32CubeIDE/plugins/com.st.stm32cube.ide.mcu.externaltools.gnu-tools-for-stm32.13.3.rel1.win32_1.0.0.202411081344/tools/bin/../lib/gcc/arm-none-eabi/13.3.1/thumb/v7e-m+fp/hard\libgcc.a(_aeabi_uldivmod.o)
 .debug_frame   0x00003658       0x34 G:/stm32cubeide/Install/STM32CubeIDE_1.18.0/STM32CubeIDE/plugins/com.st.stm32cube.ide.mcu.externaltools.gnu-tools-for-stm32.13.3.rel1.win32_1.0.0.202411081344/tools/bin/../lib/gcc/arm-none-eabi/13.3.1/thumb/v7e-m+fp/hard\libgcc.a(_udivmoddi4.o)

.debug_line_str
                0x00000000       0x5f
 .debug_line_str
                0x00000000       0x5f ./Core/Startup/startup_stm32f411vetx.o
