Archive member included to satisfy reference by file (symbol)

G:/stm32cubeide/Install/STM32CubeIDE_1.18.0/STM32CubeIDE/plugins/com.st.stm32cube.ide.mcu.externaltools.gnu-tools-for-stm32.13.3.rel1.win32_1.0.0.202411081344/tools/bin/../lib/gcc/arm-none-eabi/13.3.1/../../../../arm-none-eabi/lib/thumb/v7e-m+fp/hard\libc_nano.a(libc_a-exit.o)
                              G:/stm32cubeide/Install/STM32CubeIDE_1.18.0/STM32CubeIDE/plugins/com.st.stm32cube.ide.mcu.externaltools.gnu-tools-for-stm32.13.3.rel1.win32_1.0.0.202411081344/tools/bin/../lib/gcc/arm-none-eabi/13.3.1/../../../../arm-none-eabi/lib/thumb/v7e-m+fp/hard/crt0.o (exit)
G:/stm32cubeide/Install/STM32CubeIDE_1.18.0/STM32CubeIDE/plugins/com.st.stm32cube.ide.mcu.externaltools.gnu-tools-for-stm32.13.3.rel1.win32_1.0.0.202411081344/tools/bin/../lib/gcc/arm-none-eabi/13.3.1/../../../../arm-none-eabi/lib/thumb/v7e-m+fp/hard\libc_nano.a(libc_a-findfp.o)
                              G:/stm32cubeide/Install/STM32CubeIDE_1.18.0/STM32CubeIDE/plugins/com.st.stm32cube.ide.mcu.externaltools.gnu-tools-for-stm32.13.3.rel1.win32_1.0.0.202411081344/tools/bin/../lib/gcc/arm-none-eabi/13.3.1/../../../../arm-none-eabi/lib/thumb/v7e-m+fp/hard\libc_nano.a(libc_a-exit.o) (__stdio_exit_handler)
G:/stm32cubeide/Install/STM32CubeIDE_1.18.0/STM32CubeIDE/plugins/com.st.stm32cube.ide.mcu.externaltools.gnu-tools-for-stm32.13.3.rel1.win32_1.0.0.202411081344/tools/bin/../lib/gcc/arm-none-eabi/13.3.1/../../../../arm-none-eabi/lib/thumb/v7e-m+fp/hard\libc_nano.a(libc_a-fwalk.o)
                              G:/stm32cubeide/Install/STM32CubeIDE_1.18.0/STM32CubeIDE/plugins/com.st.stm32cube.ide.mcu.externaltools.gnu-tools-for-stm32.13.3.rel1.win32_1.0.0.202411081344/tools/bin/../lib/gcc/arm-none-eabi/13.3.1/../../../../arm-none-eabi/lib/thumb/v7e-m+fp/hard\libc_nano.a(libc_a-findfp.o) (_fwalk_sglue)
G:/stm32cubeide/Install/STM32CubeIDE_1.18.0/STM32CubeIDE/plugins/com.st.stm32cube.ide.mcu.externaltools.gnu-tools-for-stm32.13.3.rel1.win32_1.0.0.202411081344/tools/bin/../lib/gcc/arm-none-eabi/13.3.1/../../../../arm-none-eabi/lib/thumb/v7e-m+fp/hard\libc_nano.a(libc_a-stdio.o)
                              G:/stm32cubeide/Install/STM32CubeIDE_1.18.0/STM32CubeIDE/plugins/com.st.stm32cube.ide.mcu.externaltools.gnu-tools-for-stm32.13.3.rel1.win32_1.0.0.202411081344/tools/bin/../lib/gcc/arm-none-eabi/13.3.1/../../../../arm-none-eabi/lib/thumb/v7e-m+fp/hard\libc_nano.a(libc_a-findfp.o) (__sread)
G:/stm32cubeide/Install/STM32CubeIDE_1.18.0/STM32CubeIDE/plugins/com.st.stm32cube.ide.mcu.externaltools.gnu-tools-for-stm32.13.3.rel1.win32_1.0.0.202411081344/tools/bin/../lib/gcc/arm-none-eabi/13.3.1/../../../../arm-none-eabi/lib/thumb/v7e-m+fp/hard\libc_nano.a(libc_a-memset.o)
                              G:/stm32cubeide/Install/STM32CubeIDE_1.18.0/STM32CubeIDE/plugins/com.st.stm32cube.ide.mcu.externaltools.gnu-tools-for-stm32.13.3.rel1.win32_1.0.0.202411081344/tools/bin/../lib/gcc/arm-none-eabi/13.3.1/../../../../arm-none-eabi/lib/thumb/v7e-m+fp/hard/crt0.o (memset)
G:/stm32cubeide/Install/STM32CubeIDE_1.18.0/STM32CubeIDE/plugins/com.st.stm32cube.ide.mcu.externaltools.gnu-tools-for-stm32.13.3.rel1.win32_1.0.0.202411081344/tools/bin/../lib/gcc/arm-none-eabi/13.3.1/../../../../arm-none-eabi/lib/thumb/v7e-m+fp/hard\libc_nano.a(libc_a-closer.o)
                              G:/stm32cubeide/Install/STM32CubeIDE_1.18.0/STM32CubeIDE/plugins/com.st.stm32cube.ide.mcu.externaltools.gnu-tools-for-stm32.13.3.rel1.win32_1.0.0.202411081344/tools/bin/../lib/gcc/arm-none-eabi/13.3.1/../../../../arm-none-eabi/lib/thumb/v7e-m+fp/hard\libc_nano.a(libc_a-stdio.o) (_close_r)
G:/stm32cubeide/Install/STM32CubeIDE_1.18.0/STM32CubeIDE/plugins/com.st.stm32cube.ide.mcu.externaltools.gnu-tools-for-stm32.13.3.rel1.win32_1.0.0.202411081344/tools/bin/../lib/gcc/arm-none-eabi/13.3.1/../../../../arm-none-eabi/lib/thumb/v7e-m+fp/hard\libc_nano.a(libc_a-reent.o)
                              G:/stm32cubeide/Install/STM32CubeIDE_1.18.0/STM32CubeIDE/plugins/com.st.stm32cube.ide.mcu.externaltools.gnu-tools-for-stm32.13.3.rel1.win32_1.0.0.202411081344/tools/bin/../lib/gcc/arm-none-eabi/13.3.1/../../../../arm-none-eabi/lib/thumb/v7e-m+fp/hard\libc_nano.a(libc_a-closer.o) (errno)
G:/stm32cubeide/Install/STM32CubeIDE_1.18.0/STM32CubeIDE/plugins/com.st.stm32cube.ide.mcu.externaltools.gnu-tools-for-stm32.13.3.rel1.win32_1.0.0.202411081344/tools/bin/../lib/gcc/arm-none-eabi/13.3.1/../../../../arm-none-eabi/lib/thumb/v7e-m+fp/hard\libc_nano.a(libc_a-impure.o)
                              G:/stm32cubeide/Install/STM32CubeIDE_1.18.0/STM32CubeIDE/plugins/com.st.stm32cube.ide.mcu.externaltools.gnu-tools-for-stm32.13.3.rel1.win32_1.0.0.202411081344/tools/bin/../lib/gcc/arm-none-eabi/13.3.1/../../../../arm-none-eabi/lib/thumb/v7e-m+fp/hard\libc_nano.a(libc_a-reent.o) (_impure_ptr)
[...]
Memory Configuration

Name             Origin             Length             Attributes
RAM              0x20000000         0x00020000         xrw
FLASH            0x08000000         0x00010000         xr
*default*        0x00000000         0xffffffff

Linker script and memory map

LOAD G:/stm32cubeide/Install/STM32CubeIDE_1.18.0/STM32CubeIDE/plugins/com.st.stm32cube.ide.mcu.externaltools.gnu-tools-for-stm32.13.3.rel1.win32_1.0.0.202411081344/tools/bin/../lib/gcc/arm-none-eabi/13.3.1/thumb/v7e-m+fp/hard/crti.o
LOAD G:/stm32cubeide/Install/STM32CubeIDE_1.18.0/STM32CubeIDE/plugins/com.st.stm32cube.ide.mcu.externaltools.gnu-tools-for-stm32.13.3.rel1.win32_1.0.0.202411081344/tools/bin/../lib/gcc/arm-none-eabi/13.3.1/thumb/v7e-m+fp/hard/crtbegin.o
LOAD G:/stm32cubeide/Install/STM32CubeIDE_1.18.0/STM32CubeIDE/plugins/com.st.stm32cube.ide.mcu.externaltools.gnu-tools-for-stm32.13.3.rel1.win32_1.0.0.202411081344/tools/bin/../lib/gcc/arm-none-eabi/13.3.1/../../../../arm-none-eabi/lib/thumb/v7e-m+fp/hard/crt0.o
LOAD ./Core/Src/main.o
LOAD ./Core/Src/stm32f4xx_hal_msp.o
LOAD ./Core/Src/stm32f4xx_it.o
LOAD ./Core/Src/syscalls.o
LOAD ./Core/Src/sysmem.o
LOAD ./Core/Src/system_stm32f4xx.o
LOAD ./Core/Startup/startup_stm32f411vetx.o
LOAD ./Drivers/STM32F4xx_HAL_Driver/Src/stm32f4xx_hal.o
LOAD ./Drivers/STM32F4xx_HAL_Driver/Src/stm32f4xx_hal_cortex.o
LOAD ./Drivers/STM32F4xx_HAL_Driver/Src/stm32f4xx_hal_dma.o
LOAD ./Drivers/STM32F4xx_HAL_Driver/Src/stm32f4xx_hal_dma_ex.o
LOAD ./Drivers/STM32F4xx_HAL_Driver/Src/stm32f4xx_hal_exti.o
LOAD ./Drivers/STM32F4xx_HAL_Driver/Src/stm32f4xx_hal_flash.o
LOAD ./Drivers/STM32F4xx_HAL_Driver/Src/stm32f4xx_hal_flash_ex.o
LOAD ./Drivers/STM32F4xx_HAL_Driver/Src/stm32f4xx_hal_flash_ramfunc.o
LOAD ./Drivers/STM32F4xx_HAL_Driver/Src/stm32f4xx_hal_gpio.o
LOAD ./Drivers/STM32F4xx_HAL_Driver/Src/stm32f4xx_hal_pcd.o
LOAD ./Drivers/STM32F4xx_HAL_Driver/Src/stm32f4xx_hal_pcd_ex.o
LOAD ./Drivers/STM32F4xx_HAL_Driver/Src/stm32f4xx_hal_pwr.o
LOAD ./Drivers/STM32F4xx_HAL_Driver/Src/stm32f4xx_hal_pwr_ex.o
LOAD ./Drivers/STM32F4xx_HAL_Driver/Src/stm32f4xx_hal_rcc.o
LOAD ./Drivers/STM32F4xx_HAL_Driver/Src/stm32f4xx_hal_rcc_ex.o
LOAD ./Drivers/STM32F4xx_HAL_Driver/Src/stm32f4xx_hal_uart.o
LOAD ./Drivers/STM32F4xx_HAL_Driver/Src/stm32f4xx_ll_usb.o
LOAD ./Middlewares/ST/STM32_USB_Device_Library/Class/CDC/Src/usbd_cdc.o
LOAD ./Middlewares/ST/STM32_USB_Device_Library/Core/Src/usbd_core.o
LOAD ./Middlewares/ST/STM32_USB_Device_Library/Core/Src/usbd_ctlreq.o
LOAD ./Middlewares/ST/STM32_USB_Device_Library/Core/Src/usbd_ioreq.o
LOAD ./USB_DEVICE/App/usb_device.o
LOAD ./USB_DEVICE/App/usbd_cdc_if.o
LOAD ./USB_DEVICE/App/usbd_desc.o
LOAD ./USB_DEVICE/Target/usbd_conf.o
START GROUP
LOAD G:/stm32cubeide/Install/STM32CubeIDE_1.18.0/STM32CubeIDE/plugins/com.st.stm32cube.ide.mcu.externaltools.gnu-tools-for-stm32.13.3.rel1.win32_1.0.0.202411081344/tools/bin/../lib/gcc/arm-none-eabi/13.3.1/../../../../arm-none-eabi/lib/thumb/v7e-m+fp/hard\libc_nano.a
LOAD G:/stm32cubeide/Install/STM32CubeIDE_1.18.0/STM32CubeIDE/plugins/com.st.stm32cube.ide.mcu.externaltools.gnu-tools-for-stm32.13.3.rel1.win32_1.0.0.202411081344/tools/bin/../lib/gcc/arm-none-eabi/13.3.1/../../../../arm-none-eabi/lib/thumb/v7e-m+fp/hard\libm.a
END GROUP
START GROUP
LOAD G:/stm32cubeide/Install/STM32CubeIDE_1.18.0/STM32CubeIDE/plugins/com.st.stm32cube.ide.mcu.externaltools.gnu-tools-for-stm32.13.3.rel1.win32_1.0.0.202411081344/tools/bin/../lib/gcc/arm-none-eabi/13.3.1/thumb/v7e-m+fp/hard\libgcc.a
LOAD G:/stm32cubeide/Install/STM32CubeIDE_1.18.0/STM32CubeIDE/plugins/com.st.stm32cube.ide.mcu.externaltools.gnu-tools-for-stm32.13.3.rel1.win32_1.0.0.202411081344/tools/bin/../lib/gcc/arm-none-eabi/13.3.1/../../../../arm-none-eabi/lib/thumb/v7e-m+fp/hard\libc_nano.a
END GROUP
START GROUP
LOAD G:/stm32cubeide/Install/STM32CubeIDE_1.18.0/STM32CubeIDE/plugins/com.st.stm32cube.ide.mcu.externaltools.gnu-tools-for-stm32.13.3.rel1.win32_1.0.0.202411081344/tools/bin/../lib/gcc/arm-none-eabi/13.3.1/thumb/v7e-m+fp/hard\libgcc.a
LOAD G:/stm32cubeide/Install/STM32CubeIDE_1.18.0/STM32CubeIDE/plugins/com.st.stm32cube.ide.mcu.externaltools.gnu-tools-for-stm32.13.3.rel1.win32_1.0.0.202411081344/tools/bin/../lib/gcc/arm-none-eabi/13.3.1/../../../../arm-none-eabi/lib/thumb/v7e-m+fp/hard\libc_nano.a
LOAD G:/stm32cubeide/Install/STM32CubeIDE_1.18.0/STM32CubeIDE/plugins/com.st.stm32cube.ide.mcu.externaltools.gnu-tools-for-stm32.13.3.rel1.win32_1.0.0.202411081344/tools/bin/../lib/gcc/arm-none-eabi/13.3.1/../../../../arm-none-eabi/lib/thumb/v7e-m+fp/hard\libnosys.a
END GROUP
START GROUP
LOAD G:/stm32cubeide/Install/STM32CubeIDE_1.18.0/STM32CubeIDE/plugins/com.st.stm32cube.ide.mcu.externaltools.gnu-tools-for-stm32.13.3.rel1.win32_1.0.0.202411081344/tools/bin/../lib/gcc/arm-none-eabi/13.3.1/thumb/v7e-m+fp/hard\libgcc.a
LOAD G:/stm32cubeide/Install/STM32CubeIDE_1.18.0/STM32CubeIDE/plugins/com.st.stm32cube.ide.mcu.externaltools.gnu-tools-for-stm32.13.3.rel1.win32_1.0.0.202411081344/tools/bin/../lib/gcc/arm-none-eabi/13.3.1/../../../../arm-none-eabi/lib/thumb/v7e-m+fp/hard\libc_nano.a
LOAD G:/stm32cubeide/Install/STM32CubeIDE_1.18.0/STM32CubeIDE/plugins/com.st.stm32cube.ide.mcu.externaltools.gnu-tools-for-stm32.13.3.rel1.win32_1.0.0.202411081344/tools/bin/../lib/gcc/arm-none-eabi/13.3.1/../../../../arm-none-eabi/lib/thumb/v7e-m+fp/hard\libnosys.a
END GROUP
LOAD G:/stm32cubeide/Install/STM32CubeIDE_1.18.0/STM32CubeIDE/plugins/com.st.stm32cube.ide.mcu.externaltools.gnu-tools-for-stm32.13.3.rel1.win32_1.0.0.202411081344/tools/bin/../lib/gcc/arm-none-eabi/13.3.1/thumb/v7e-m+fp/hard/crtend.o
LOAD G:/stm32cubeide/Install/STM32CubeIDE_1.18.0/STM32CubeIDE/plugins/com.st.stm32cube.ide.mcu.externaltools.gnu-tools-for-stm32.13.3.rel1.win32_1.0.0.202411081344/tools/bin/../lib/gcc/arm-none-eabi/13.3.1/thumb/v7e-m+fp/hard/crtn.o
                0x20020000                        _estack = (ORIGIN (RAM) + LENGTH (RAM))
                0x00000200                        _Min_Heap_Size = 0x200
                0x00000400                        _Min_Stack_Size = 0x400

.isr_vector     0x08000000      0x198
                0x08000000                        . = ALIGN (0x4)
 *(.isr_vector)
 .isr_vector    0x08000000      0x198 ./Core/Startup/startup_stm32f411vetx.o
                0x08000000                g_pfnVectors
                0x08000198                        . = ALIGN (0x4)

.text           0x08000198     0x7bb4
                0x08000198                        . = ALIGN (0x4)
 *(.text)
 .text          0x08000198       0x40 G:/stm32cubeide/Install/STM32CubeIDE_1.18.0/STM32CubeIDE/plugins/com.st.stm32cube.ide.mcu.externaltools.gnu-tools-for-stm32.13.3.rel1.win32_1.0.0.202411081344/tools/bin/../lib/gcc/arm-none-eabi/13.3.1/thumb/v7e-m+fp/hard/crtbegin.o
 .text          0x080001d8       0x30 G:/stm32cubeide/Install/STM32CubeIDE_1.18.0/STM32CubeIDE/plugins/com.st.stm32cube.ide.mcu.externaltools.gnu-tools-for-stm32.13.3.rel1.win32_1.0.0.202411081344/tools/bin/../lib/gcc/arm-none-eabi/13.3.1/thumb/v7e-m+fp/hard\libgcc.a(_aeabi_uldivmod.o)
                0x080001d8                __aeabi_uldivmod
 .text          0x08000208      0x2f8 G:/stm32cubeide/Install/STM32CubeIDE_1.18.0/STM32CubeIDE/plugins/com.st.stm32cube.ide.mcu.externaltools.gnu-tools-for-stm32.13.3.rel1.win32_1.0.0.202411081344/tools/bin/../lib/gcc/arm-none-eabi/13.3.1/thumb/v7e-m+fp/hard\libgcc.a(_udivmoddi4.o)
                0x08000208                __udivmoddi4
 .text          0x08000500        0x4 G:/stm32cubeide/Install/STM32CubeIDE_1.18.0/STM32CubeIDE/plugins/com.st.stm32cube.ide.mcu.externaltools.gnu-tools-for-stm32.13.3.rel1.win32_1.0.0.202411081344/tools/bin/../lib/gcc/arm-none-eabi/13.3.1/thumb/v7e-m+fp/hard\libgcc.a(_dvmd_tls.o)
                0x08000500                __aeabi_idiv0
                0x08000500                __aeabi_ldiv0
 *(.text*)
 .text.main     0x08000504       0x64 ./Core/Src/main.o
                0x08000504                main
 .text.SystemClock_Config
                0x08000568       0xd0 ./Core/Src/main.o
                0x08000568                SystemClock_Config
 .text.MX_USART2_UART_Init
                0x08000638       0x54 ./Core/Src/main.o
 .text.MX_GPIO_Init
                0x0800068c       0xa4 ./Core/Src/main.o
 .text.goToApplication
                0x08000730       0x98 ./Core/Src/main.o
 .text.Error_Handler
                0x080007c8        0xc ./Core/Src/main.o
                0x080007c8                Error_Handler
 .text.HAL_MspInit
                0x080007d4       0x50 ./Core/Src/stm32f4xx_hal_msp.o
                0x080007d4                HAL_MspInit
 .text.HAL_UART_MspInit
                0x08000824       0x90 ./Core/Src/stm32f4xx_hal_msp.o
                0x08000824                HAL_UART_MspInit
 .text.HAL_UART_MspDeInit
                0x080008b4       0x3c ./Core/Src/stm32f4xx_hal_msp.o
                0x080008b4                HAL_UART_MspDeInit
 .text.NMI_Handler
                0x080008f0        0x8 ./Core/Src/stm32f4xx_it.o
                0x080008f0                NMI_Handler
 .text.HardFault_Handler
                0x080008f8        0x8 ./Core/Src/stm32f4xx_it.o
                0x080008f8                HardFault_Handler
 .text.MemManage_Handler
                0x08000900        0x8 ./Core/Src/stm32f4xx_it.o
                0x08000900                MemManage_Handler
 .text.BusFault_Handler
                0x08000908        0x8 ./Core/Src/stm32f4xx_it.o
                0x08000908                BusFault_Handler
 .text.UsageFault_Handler
                0x08000910        0x8 ./Core/Src/stm32f4xx_it.o
                0x08000910                UsageFault_Handler
 .text.SVC_Handler
                0x08000918        0xe ./Core/Src/stm32f4xx_it.o
                0x08000918                SVC_Handler
 .text.DebugMon_Handler
                0x08000926        0xe ./Core/Src/stm32f4xx_it.o
                0x08000926                DebugMon_Handler
 .text.PendSV_Handler
                0x08000934        0xe ./Core/Src/stm32f4xx_it.o
                0x08000934                PendSV_Handler
 .text.SysTick_Handler
                0x08000942        0xc ./Core/Src/stm32f4xx_it.o
                0x08000942                SysTick_Handler
 *fill*         0x0800094e        0x2 
 .text.OTG_FS_IRQHandler
                0x08000950       0x14 ./Core/Src/stm32f4xx_it.o
                0x08000950                OTG_FS_IRQHandler
 .text.SystemInit
                0x08000964       0x24 ./Core/Src/system_stm32f4xx.o
                0x08000964                SystemInit
 .text.Reset_Handler
                0x08000988       0x50 ./Core/Startup/startup_stm32f411vetx.o
                0x08000988                Reset_Handler
 .text.Default_Handler
                0x080009d8        0x2 ./Core/Startup/startup_stm32f411vetx.o
                0x080009d8                RTC_Alarm_IRQHandler
                0x080009d8                EXTI2_IRQHandler
                0x080009d8                SPI4_IRQHandler
                0x080009d8                TIM1_CC_IRQHandler
                0x080009d8                DMA2_Stream5_IRQHandler
                0x080009d8                DMA1_Stream5_IRQHandler
                0x080009d8                PVD_IRQHandler
                0x080009d8                SDIO_IRQHandler
                0x080009d8                TAMP_STAMP_IRQHandler
                0x080009d8                EXTI3_IRQHandler
                0x080009d8                TIM1_UP_TIM10_IRQHandler
                0x080009d8                I2C3_ER_IRQHandler
                0x080009d8                EXTI0_IRQHandler
                0x080009d8                I2C2_EV_IRQHandler
                0x080009d8                DMA1_Stream2_IRQHandler
                0x080009d8                FPU_IRQHandler
                0x080009d8                DMA2_Stream2_IRQHandler
                0x080009d8                SPI1_IRQHandler
                0x080009d8                TIM1_BRK_TIM9_IRQHandler
                0x080009d8                DMA2_Stream3_IRQHandler
                0x080009d8                USART6_IRQHandler
                0x080009d8                DMA2_Stream0_IRQHandler
                0x080009d8                TIM4_IRQHandler
                0x080009d8                I2C1_EV_IRQHandler
                0x080009d8                DMA1_Stream6_IRQHandler
                0x080009d8                DMA1_Stream1_IRQHandler
                0x080009d8                TIM3_IRQHandler
                0x080009d8                RCC_IRQHandler
                0x080009d8                Default_Handler
                0x080009d8                EXTI15_10_IRQHandler
                0x080009d8                ADC_IRQHandler
                0x080009d8                DMA1_Stream7_IRQHandler
                0x080009d8                SPI5_IRQHandler
                0x080009d8                TIM5_IRQHandler
                0x080009d8                DMA2_Stream7_IRQHandler
                0x080009d8                I2C3_EV_IRQHandler
                0x080009d8                EXTI9_5_IRQHandler
                0x080009d8                RTC_WKUP_IRQHandler
                0x080009d8                SPI2_IRQHandler
                0x080009d8                DMA1_Stream0_IRQHandler
                0x080009d8                EXTI4_IRQHandler
                0x080009d8                WWDG_IRQHandler
                0x080009d8                TIM2_IRQHandler
                0x080009d8                OTG_FS_WKUP_IRQHandler
                0x080009d8                TIM1_TRG_COM_TIM11_IRQHandler
                0x080009d8                EXTI1_IRQHandler
                0x080009d8                USART2_IRQHandler
                0x080009d8                I2C2_ER_IRQHandler
                0x080009d8                DMA2_Stream1_IRQHandler
                0x080009d8                FLASH_IRQHandler
                0x080009d8                DMA2_Stream4_IRQHandler
                0x080009d8                USART1_IRQHandler
                0x080009d8                SPI3_IRQHandler
                0x080009d8                DMA1_Stream4_IRQHandler
                0x080009d8                I2C1_ER_IRQHandler
                0x080009d8                DMA2_Stream6_IRQHandler
                0x080009d8                DMA1_Stream3_IRQHandler
 *fill*         0x080009da        0x2 
 .text.HAL_Init
                0x080009dc       0x44 ./Drivers/STM32F4xx_HAL_Driver/Src/stm32f4xx_hal.o
                0x080009dc                HAL_Init
 .text.HAL_DeInit
                0x08000a20       0x5c ./Drivers/STM32F4xx_HAL_Driver/Src/stm32f4xx_hal.o
                0x08000a20                HAL_DeInit
 .text.HAL_MspDeInit
                0x08000a7c        0xe ./Drivers/STM32F4xx_HAL_Driver/Src/stm32f4xx_hal.o
                0x08000a7c                HAL_MspDeInit
 *fill*         0x08000a8a        0x2 
 .text.HAL_InitTick
                0x08000a8c       0x60 ./Drivers/STM32F4xx_HAL_Driver/Src/stm32f4xx_hal.o
                0x08000a8c                HAL_InitTick
 .text.HAL_IncTick
                0x08000aec       0x28 ./Drivers/STM32F4xx_HAL_Driver/Src/stm32f4xx_hal.o
                0x08000aec                HAL_IncTick
 .text.HAL_GetTick
                0x08000b14       0x18 ./Drivers/STM32F4xx_HAL_Driver/Src/stm32f4xx_hal.o
                0x08000b14                HAL_GetTick
 .text.HAL_Delay
                0x08000b2c       0x48 ./Drivers/STM32F4xx_HAL_Driver/Src/stm32f4xx_hal.o
                0x08000b2c                HAL_Delay
 .text.__NVIC_SetPriorityGrouping
                0x08000b74       0x48 ./Drivers/STM32F4xx_HAL_Driver/Src/stm32f4xx_hal_cortex.o
 .text.__NVIC_GetPriorityGrouping
                0x08000bbc       0x1c ./Drivers/STM32F4xx_HAL_Driver/Src/stm32f4xx_hal_cortex.o
 .text.__NVIC_EnableIRQ
                0x08000bd8       0x3c ./Drivers/STM32F4xx_HAL_Driver/Src/stm32f4xx_hal_cortex.o
 .text.__NVIC_DisableIRQ
                0x08000c14       0x48 ./Drivers/STM32F4xx_HAL_Driver/Src/stm32f4xx_hal_cortex.o
 .text.__NVIC_SetPriority
                0x08000c5c       0x54 ./Drivers/STM32F4xx_HAL_Driver/Src/stm32f4xx_hal_cortex.o
 .text.NVIC_EncodePriority
                0x08000cb0       0x66 ./Drivers/STM32F4xx_HAL_Driver/Src/stm32f4xx_hal_cortex.o
 *fill*         0x08000d16        0x2 
 .text.SysTick_Config
                0x08000d18       0x44 ./Drivers/STM32F4xx_HAL_Driver/Src/stm32f4xx_hal_cortex.o
 .text.HAL_NVIC_SetPriorityGrouping
                0x08000d5c       0x16 ./Drivers/STM32F4xx_HAL_Driver/Src/stm32f4xx_hal_cortex.o
                0x08000d5c                HAL_NVIC_SetPriorityGrouping
 .text.HAL_NVIC_SetPriority
                0x08000d72       0x38 ./Drivers/STM32F4xx_HAL_Driver/Src/stm32f4xx_hal_cortex.o
                0x08000d72                HAL_NVIC_SetPriority
 .text.HAL_NVIC_EnableIRQ
                0x08000daa       0x1c ./Drivers/STM32F4xx_HAL_Driver/Src/stm32f4xx_hal_cortex.o
                0x08000daa                HAL_NVIC_EnableIRQ
 .text.HAL_NVIC_DisableIRQ
                0x08000dc6       0x1c ./Drivers/STM32F4xx_HAL_Driver/Src/stm32f4xx_hal_cortex.o
                0x08000dc6                HAL_NVIC_DisableIRQ
 .text.HAL_SYSTICK_Config
                0x08000de2       0x18 ./Drivers/STM32F4xx_HAL_Driver/Src/stm32f4xx_hal_cortex.o
                0x08000de2                HAL_SYSTICK_Config
 *fill*         0x08000dfa        0x2 
 .text.HAL_GPIO_Init
                0x08000dfc      0x308 ./Drivers/STM32F4xx_HAL_Driver/Src/stm32f4xx_hal_gpio.o
                0x08000dfc                HAL_GPIO_Init
 .text.HAL_GPIO_DeInit
                0x08001104      0x1c8 ./Drivers/STM32F4xx_HAL_Driver/Src/stm32f4xx_hal_gpio.o
                0x08001104                HAL_GPIO_DeInit
 .text.HAL_GPIO_WritePin
                0x080012cc       0x32 ./Drivers/STM32F4xx_HAL_Driver/Src/stm32f4xx_hal_gpio.o
                0x080012cc                HAL_GPIO_WritePin
 .text.HAL_PCD_Init
                0x080012fe      0x21e ./Drivers/STM32F4xx_HAL_Driver/Src/stm32f4xx_hal_pcd.o
                0x080012fe                HAL_PCD_Init
 .text.HAL_PCD_DeInit
                0x0800151c       0x46 ./Drivers/STM32F4xx_HAL_Driver/Src/stm32f4xx_hal_pcd.o
                0x0800151c                HAL_PCD_DeInit
 .text.HAL_PCD_Start
                0x08001562       0x6a ./Drivers/STM32F4xx_HAL_Driver/Src/stm32f4xx_hal_pcd.o
                0x08001562                HAL_PCD_Start
 .text.HAL_PCD_Stop
                0x080015cc       0x76 ./Drivers/STM32F4xx_HAL_Driver/Src/stm32f4xx_hal_pcd.o
                0x080015cc                HAL_PCD_Stop
 .text.HAL_PCD_IRQHandler
                0x08001642      0x942 ./Drivers/STM32F4xx_HAL_Driver/Src/stm32f4xx_hal_pcd.o
                0x08001642                HAL_PCD_IRQHandler
 .text.HAL_PCD_SetAddress
                0x08001f84       0x48 ./Drivers/STM32F4xx_HAL_Driver/Src/stm32f4xx_hal_pcd.o
                0x08001f84                HAL_PCD_SetAddress
 .text.HAL_PCD_EP_Open
                0x08001fcc       0xd4 ./Drivers/STM32F4xx_HAL_Driver/Src/stm32f4xx_hal_pcd.o
                0x08001fcc                HAL_PCD_EP_Open
 .text.HAL_PCD_EP_Close
                0x080020a0       0x94 ./Drivers/STM32F4xx_HAL_Driver/Src/stm32f4xx_hal_pcd.o
                0x080020a0                HAL_PCD_EP_Close
 .text.HAL_PCD_EP_Receive
                0x08002134       0x76 ./Drivers/STM32F4xx_HAL_Driver/Src/stm32f4xx_hal_pcd.o
                0x08002134                HAL_PCD_EP_Receive
 .text.HAL_PCD_EP_GetRxCount
                0x080021aa       0x30 ./Drivers/STM32F4xx_HAL_Driver/Src/stm32f4xx_hal_pcd.o
                0x080021aa                HAL_PCD_EP_GetRxCount
 .text.HAL_PCD_EP_Transmit
                0x080021da       0x74 ./Drivers/STM32F4xx_HAL_Driver/Src/stm32f4xx_hal_pcd.o
                0x080021da                HAL_PCD_EP_Transmit
 .text.HAL_PCD_EP_SetStall
                0x0800224e       0xc6 ./Drivers/STM32F4xx_HAL_Driver/Src/stm32f4xx_hal_pcd.o
                0x0800224e                HAL_PCD_EP_SetStall
 .text.HAL_PCD_EP_ClrStall
                0x08002314       0xac ./Drivers/STM32F4xx_HAL_Driver/Src/stm32f4xx_hal_pcd.o
                0x08002314                HAL_PCD_EP_ClrStall
 .text.HAL_PCD_EP_Abort
                0x080023c0       0x62 ./Drivers/STM32F4xx_HAL_Driver/Src/stm32f4xx_hal_pcd.o
                0x080023c0                HAL_PCD_EP_Abort
 .text.PCD_WriteEmptyTxFifo
                0x08002422      0x118 ./Drivers/STM32F4xx_HAL_Driver/Src/stm32f4xx_hal_pcd.o
 *fill*         0x0800253a        0x2 
 .text.PCD_EP_OutXfrComplete_int
                0x0800253c      0x1d0 ./Drivers/STM32F4xx_HAL_Driver/Src/stm32f4xx_hal_pcd.o
 .text.PCD_EP_OutSetupPacket_int
                0x0800270c       0x8c ./Drivers/STM32F4xx_HAL_Driver/Src/stm32f4xx_hal_pcd.o
 .text.HAL_PCDEx_SetTxFiFo
                0x08002798       0x8e ./Drivers/STM32F4xx_HAL_Driver/Src/stm32f4xx_hal_pcd_ex.o
                0x08002798                HAL_PCDEx_SetTxFiFo
 .text.HAL_PCDEx_SetRxFiFo
                0x08002826       0x22 ./Drivers/STM32F4xx_HAL_Driver/Src/stm32f4xx_hal_pcd_ex.o
                0x08002826                HAL_PCDEx_SetRxFiFo
 .text.HAL_PCDEx_LPM_Callback
                0x08002848       0x18 ./Drivers/STM32F4xx_HAL_Driver/Src/stm32f4xx_hal_pcd_ex.o
                0x08002848                HAL_PCDEx_LPM_Callback
 .text.HAL_RCC_OscConfig
                0x08002860      0x4f0 ./Drivers/STM32F4xx_HAL_Driver/Src/stm32f4xx_hal_rcc.o
                0x08002860                HAL_RCC_OscConfig
 .text.HAL_RCC_ClockConfig
                0x08002d50      0x1cc ./Drivers/STM32F4xx_HAL_Driver/Src/stm32f4xx_hal_rcc.o
                0x08002d50                HAL_RCC_ClockConfig
 .text.HAL_RCC_GetSysClockFreq
                0x08002f1c      0x20c ./Drivers/STM32F4xx_HAL_Driver/Src/stm32f4xx_hal_rcc.o
                0x08002f1c                HAL_RCC_GetSysClockFreq
 .text.HAL_RCC_GetHCLKFreq
                0x08003128       0x18 ./Drivers/STM32F4xx_HAL_Driver/Src/stm32f4xx_hal_rcc.o
                0x08003128                HAL_RCC_GetHCLKFreq
 .text.HAL_RCC_GetPCLK1Freq
                0x08003140       0x28 ./Drivers/STM32F4xx_HAL_Driver/Src/stm32f4xx_hal_rcc.o
                0x08003140                HAL_RCC_GetPCLK1Freq
 .text.HAL_RCC_GetPCLK2Freq
                0x08003168       0x28 ./Drivers/STM32F4xx_HAL_Driver/Src/stm32f4xx_hal_rcc.o
                0x08003168                HAL_RCC_GetPCLK2Freq
 .text.HAL_RCC_DeInit
                0x08003190      0x19c ./Drivers/STM32F4xx_HAL_Driver/Src/stm32f4xx_hal_rcc_ex.o
                0x08003190                HAL_RCC_DeInit
 .text.HAL_UART_Init
                0x0800332c       0xa0 ./Drivers/STM32F4xx_HAL_Driver/Src/stm32f4xx_hal_uart.o
                0x0800332c                HAL_UART_Init
 .text.HAL_UART_DeInit
                0x080033cc       0x64 ./Drivers/STM32F4xx_HAL_Driver/Src/stm32f4xx_hal_uart.o
                0x080033cc                HAL_UART_DeInit
 .text.HAL_UART_Transmit
                0x08003430      0x116 ./Drivers/STM32F4xx_HAL_Driver/Src/stm32f4xx_hal_uart.o
                0x08003430                HAL_UART_Transmit
 .text.UART_WaitOnFlagUntilTimeout
                0x08003546       0xb2 ./Drivers/STM32F4xx_HAL_Driver/Src/stm32f4xx_hal_uart.o
 .text.UART_EndRxTransfer
                0x080035f8       0xc6 ./Drivers/STM32F4xx_HAL_Driver/Src/stm32f4xx_hal_uart.o
 *fill*         0x080036be        0x2 
 .text.UART_SetConfig
                0x080036c0      0x4e8 ./Drivers/STM32F4xx_HAL_Driver/Src/stm32f4xx_hal_uart.o
 .text.USB_CoreInit
                0x08003ba8       0xc8 ./Drivers/STM32F4xx_HAL_Driver/Src/stm32f4xx_ll_usb.o
                0x08003ba8                USB_CoreInit
 .text.USB_SetTurnaroundTime
                0x08003c70      0x144 ./Drivers/STM32F4xx_HAL_Driver/Src/stm32f4xx_ll_usb.o
                0x08003c70                USB_SetTurnaroundTime
 .text.USB_EnableGlobalInt
                0x08003db4       0x22 ./Drivers/STM32F4xx_HAL_Driver/Src/stm32f4xx_ll_usb.o
                0x08003db4                USB_EnableGlobalInt
 .text.USB_DisableGlobalInt
                0x08003dd6       0x22 ./Drivers/STM32F4xx_HAL_Driver/Src/stm32f4xx_ll_usb.o
                0x08003dd6                USB_DisableGlobalInt
 .text.USB_SetCurrentMode
                0x08003df8       0x98 ./Drivers/STM32F4xx_HAL_Driver/Src/stm32f4xx_ll_usb.o
                0x08003df8                USB_SetCurrentMode
 .text.USB_DevInit
                0x08003e90      0x2c8 ./Drivers/STM32F4xx_HAL_Driver/Src/stm32f4xx_ll_usb.o
                0x08003e90                USB_DevInit
 .text.USB_FlushTxFifo
                0x08004158       0x64 ./Drivers/STM32F4xx_HAL_Driver/Src/stm32f4xx_ll_usb.o
                0x08004158                USB_FlushTxFifo
 .text.USB_FlushRxFifo
                0x080041bc       0x5c ./Drivers/STM32F4xx_HAL_Driver/Src/stm32f4xx_ll_usb.o
                0x080041bc                USB_FlushRxFifo
 .text.USB_SetDevSpeed
                0x08004218       0x32 ./Drivers/STM32F4xx_HAL_Driver/Src/stm32f4xx_ll_usb.o
                0x08004218                USB_SetDevSpeed
 .text.USB_GetDevSpeed
                0x0800424a       0x4a ./Drivers/STM32F4xx_HAL_Driver/Src/stm32f4xx_ll_usb.o
                0x0800424a                USB_GetDevSpeed
 .text.USB_ActivateEndpoint
                0x08004294      0x10e ./Drivers/STM32F4xx_HAL_Driver/Src/stm32f4xx_ll_usb.o
                0x08004294                USB_ActivateEndpoint
 *fill*         0x080043a2        0x2 
 .text.USB_DeactivateEndpoint
                0x080043a4      0x1b8 ./Drivers/STM32F4xx_HAL_Driver/Src/stm32f4xx_ll_usb.o
                0x080043a4                USB_DeactivateEndpoint
 .text.USB_EPStartXfer
                0x0800455c      0x53c ./Drivers/STM32F4xx_HAL_Driver/Src/stm32f4xx_ll_usb.o
                0x0800455c                USB_EPStartXfer
 .text.USB_EPStopXfer
                0x08004a98      0x154 ./Drivers/STM32F4xx_HAL_Driver/Src/stm32f4xx_ll_usb.o
                0x08004a98                USB_EPStopXfer
 .text.USB_WritePacket
                0x08004bec       0x7c ./Drivers/STM32F4xx_HAL_Driver/Src/stm32f4xx_ll_usb.o
                0x08004bec                USB_WritePacket
 .text.USB_ReadPacket
                0x08004c68       0xb0 ./Drivers/STM32F4xx_HAL_Driver/Src/stm32f4xx_ll_usb.o
                0x08004c68                USB_ReadPacket
 .text.USB_EPSetStall
                0x08004d18       0xdc ./Drivers/STM32F4xx_HAL_Driver/Src/stm32f4xx_ll_usb.o
                0x08004d18                USB_EPSetStall
 .text.USB_EPClearStall
                0x08004df4       0xcc ./Drivers/STM32F4xx_HAL_Driver/Src/stm32f4xx_ll_usb.o
                0x08004df4                USB_EPClearStall
 .text.USB_StopDevice
                0x08004ec0       0x9e ./Drivers/STM32F4xx_HAL_Driver/Src/stm32f4xx_ll_usb.o
                0x08004ec0                USB_StopDevice
 .text.USB_SetDevAddress
                0x08004f5e       0x4c ./Drivers/STM32F4xx_HAL_Driver/Src/stm32f4xx_ll_usb.o
                0x08004f5e                USB_SetDevAddress
 .text.USB_DevConnect
                0x08004faa       0x42 ./Drivers/STM32F4xx_HAL_Driver/Src/stm32f4xx_ll_usb.o
                0x08004faa                USB_DevConnect
 .text.USB_DevDisconnect
                0x08004fec       0x42 ./Drivers/STM32F4xx_HAL_Driver/Src/stm32f4xx_ll_usb.o
                0x08004fec                USB_DevDisconnect
 .text.USB_ReadInterrupts
                0x0800502e       0x26 ./Drivers/STM32F4xx_HAL_Driver/Src/stm32f4xx_ll_usb.o
                0x0800502e                USB_ReadInterrupts
 .text.USB_ReadDevAllOutEpInterrupt
                0x08005054       0x34 ./Drivers/STM32F4xx_HAL_Driver/Src/stm32f4xx_ll_usb.o
                0x08005054                USB_ReadDevAllOutEpInterrupt
 .text.USB_ReadDevAllInEpInterrupt
                0x08005088       0x34 ./Drivers/STM32F4xx_HAL_Driver/Src/stm32f4xx_ll_usb.o
                0x08005088                USB_ReadDevAllInEpInterrupt
 .text.USB_ReadDevOutEPInterrupt
                0x080050bc       0x3c ./Drivers/STM32F4xx_HAL_Driver/Src/stm32f4xx_ll_usb.o
                0x080050bc                USB_ReadDevOutEPInterrupt
 .text.USB_ReadDevInEPInterrupt
                0x080050f8       0x5c ./Drivers/STM32F4xx_HAL_Driver/Src/stm32f4xx_ll_usb.o
                0x080050f8                USB_ReadDevInEPInterrupt
 .text.USB_GetMode
                0x08005154       0x1c ./Drivers/STM32F4xx_HAL_Driver/Src/stm32f4xx_ll_usb.o
                0x08005154                USB_GetMode
 .text.USB_ActivateSetup
                0x08005170       0x46 ./Drivers/STM32F4xx_HAL_Driver/Src/stm32f4xx_ll_usb.o
                0x08005170                USB_ActivateSetup
 *fill*         0x080051b6        0x2 
 .text.USB_EP0_OutStart
                0x080051b8       0xbc ./Drivers/STM32F4xx_HAL_Driver/Src/stm32f4xx_ll_usb.o
                0x080051b8                USB_EP0_OutStart
 .text.USB_CoreReset
                0x08005274       0x62 ./Drivers/STM32F4xx_HAL_Driver/Src/stm32f4xx_ll_usb.o
 *fill*         0x080052d6        0x2 
 .text.USBD_CDC_Init
                0x080052d8      0x1f0 ./Middlewares/ST/STM32_USB_Device_Library/Class/CDC/Src/usbd_cdc.o
 .text.USBD_CDC_DeInit
                0x080054c8      0x104 ./Middlewares/ST/STM32_USB_Device_Library/Class/CDC/Src/usbd_cdc.o
 .text.USBD_CDC_Setup
                0x080055cc      0x1b8 ./Middlewares/ST/STM32_USB_Device_Library/Class/CDC/Src/usbd_cdc.o
 .text.USBD_CDC_DataIn
                0x08005784       0xfe ./Middlewares/ST/STM32_USB_Device_Library/Class/CDC/Src/usbd_cdc.o
 .text.USBD_CDC_DataOut
                0x08005882       0x70 ./Middlewares/ST/STM32_USB_Device_Library/Class/CDC/Src/usbd_cdc.o
 .text.USBD_CDC_EP0_RxReady
                0x080058f2       0x74 ./Middlewares/ST/STM32_USB_Device_Library/Class/CDC/Src/usbd_cdc.o
 *fill*         0x08005966        0x2 
 .text.USBD_CDC_GetFSCfgDesc
                0x08005968       0x70 ./Middlewares/ST/STM32_USB_Device_Library/Class/CDC/Src/usbd_cdc.o
 .text.USBD_CDC_GetHSCfgDesc
                0x080059d8       0x70 ./Middlewares/ST/STM32_USB_Device_Library/Class/CDC/Src/usbd_cdc.o
 .text.USBD_CDC_GetOtherSpeedCfgDesc
                0x08005a48       0x70 ./Middlewares/ST/STM32_USB_Device_Library/Class/CDC/Src/usbd_cdc.o
 .text.USBD_CDC_GetDeviceQualifierDescriptor
                0x08005ab8       0x20 ./Middlewares/ST/STM32_USB_Device_Library/Class/CDC/Src/usbd_cdc.o
                0x08005ab8                USBD_CDC_GetDeviceQualifierDescriptor
 .text.USBD_CDC_RegisterInterface
                0x08005ad8       0x34 ./Middlewares/ST/STM32_USB_Device_Library/Class/CDC/Src/usbd_cdc.o
                0x08005ad8                USBD_CDC_RegisterInterface
 .text.USBD_CDC_SetTxBuffer
                0x08005b0c       0x44 ./Middlewares/ST/STM32_USB_Device_Library/Class/CDC/Src/usbd_cdc.o
                0x08005b0c                USBD_CDC_SetTxBuffer
 .text.USBD_CDC_SetRxBuffer
                0x08005b50       0x3a ./Middlewares/ST/STM32_USB_Device_Library/Class/CDC/Src/usbd_cdc.o
                0x08005b50                USBD_CDC_SetRxBuffer
 *fill*         0x08005b8a        0x2 
 .text.USBD_CDC_ReceivePacket
                0x08005b8c       0x6c ./Middlewares/ST/STM32_USB_Device_Library/Class/CDC/Src/usbd_cdc.o
                0x08005b8c                USBD_CDC_ReceivePacket
 .text.USBD_Init
                0x08005bf8       0x60 ./Middlewares/ST/STM32_USB_Device_Library/Core/Src/usbd_core.o
                0x08005bf8                USBD_Init
 .text.USBD_DeInit
                0x08005c58       0x60 ./Middlewares/ST/STM32_USB_Device_Library/Core/Src/usbd_core.o
                0x08005c58                USBD_DeInit
 .text.USBD_RegisterClass
                0x08005cb8       0x6c ./Middlewares/ST/STM32_USB_Device_Library/Core/Src/usbd_core.o
                0x08005cb8                USBD_RegisterClass
 .text.USBD_Start
                0x08005d24       0x18 ./Middlewares/ST/STM32_USB_Device_Library/Core/Src/usbd_core.o
                0x08005d24                USBD_Start
 .text.USBD_RunTestMode
                0x08005d3c       0x16 ./Middlewares/ST/STM32_USB_Device_Library/Core/Src/usbd_core.o
                0x08005d3c                USBD_RunTestMode
 .text.USBD_SetClassConfig
                0x08005d52       0x38 ./Middlewares/ST/STM32_USB_Device_Library/Core/Src/usbd_core.o
                0x08005d52                USBD_SetClassConfig
 .text.USBD_ClrClassConfig
                0x08005d8a       0x34 ./Middlewares/ST/STM32_USB_Device_Library/Core/Src/usbd_core.o
                0x08005d8a                USBD_ClrClassConfig
 .text.USBD_LL_SetupStage
                0x08005dbe       0xaa ./Middlewares/ST/STM32_USB_Device_Library/Core/Src/usbd_core.o
                0x08005dbe                USBD_LL_SetupStage
 .text.USBD_LL_DataOutStage
                0x08005e68      0x166 ./Middlewares/ST/STM32_USB_Device_Library/Core/Src/usbd_core.o
                0x08005e68                USBD_LL_DataOutStage
 .text.USBD_LL_DataInStage
                0x08005fce      0x164 ./Middlewares/ST/STM32_USB_Device_Library/Core/Src/usbd_core.o
                0x08005fce                USBD_LL_DataInStage
 .text.USBD_LL_Reset
                0x08006132       0xa4 ./Middlewares/ST/STM32_USB_Device_Library/Core/Src/usbd_core.o
                0x08006132                USBD_LL_Reset
 .text.USBD_LL_SetSpeed
                0x080061d6       0x20 ./Middlewares/ST/STM32_USB_Device_Library/Core/Src/usbd_core.o
                0x080061d6                USBD_LL_SetSpeed
 .text.USBD_LL_Suspend
                0x080061f6       0x38 ./Middlewares/ST/STM32_USB_Device_Library/Core/Src/usbd_core.o
                0x080061f6                USBD_LL_Suspend
 .text.USBD_LL_Resume
                0x0800622e       0x30 ./Middlewares/ST/STM32_USB_Device_Library/Core/Src/usbd_core.o
                0x0800622e                USBD_LL_Resume
 .text.USBD_LL_SOF
                0x0800625e       0x40 ./Middlewares/ST/STM32_USB_Device_Library/Core/Src/usbd_core.o
                0x0800625e                USBD_LL_SOF
 .text.USBD_LL_IsoINIncomplete
                0x0800629e       0x64 ./Middlewares/ST/STM32_USB_Device_Library/Core/Src/usbd_core.o
                0x0800629e                USBD_LL_IsoINIncomplete
 .text.USBD_LL_IsoOUTIncomplete
                0x08006302       0x64 ./Middlewares/ST/STM32_USB_Device_Library/Core/Src/usbd_core.o
                0x08006302                USBD_LL_IsoOUTIncomplete
 .text.USBD_LL_DevConnected
                0x08006366       0x16 ./Middlewares/ST/STM32_USB_Device_Library/Core/Src/usbd_core.o
                0x08006366                USBD_LL_DevConnected
 .text.USBD_LL_DevDisconnected
                0x0800637c       0x46 ./Middlewares/ST/STM32_USB_Device_Library/Core/Src/usbd_core.o
                0x0800637c                USBD_LL_DevDisconnected
 .text.USBD_CoreFindIF
                0x080063c2       0x1a ./Middlewares/ST/STM32_USB_Device_Library/Core/Src/usbd_core.o
                0x080063c2                USBD_CoreFindIF
 .text.USBD_CoreFindEP
                0x080063dc       0x1a ./Middlewares/ST/STM32_USB_Device_Library/Core/Src/usbd_core.o
                0x080063dc                USBD_CoreFindEP
 .text.USBD_GetEpDesc
                0x080063f6       0x70 ./Middlewares/ST/STM32_USB_Device_Library/Core/Src/usbd_core.o
                0x080063f6                USBD_GetEpDesc
 .text.USBD_GetNextDesc
                0x08006466       0x38 ./Middlewares/ST/STM32_USB_Device_Library/Core/Src/usbd_core.o
                0x08006466                USBD_GetNextDesc
 .text.SWAPBYTE
                0x0800649e       0x3e ./Middlewares/ST/STM32_USB_Device_Library/Core/Src/usbd_ctlreq.o
 .text.USBD_StdDevReq
                0x080064dc       0xe4 ./Middlewares/ST/STM32_USB_Device_Library/Core/Src/usbd_ctlreq.o
                0x080064dc                USBD_StdDevReq
 .text.USBD_StdItfReq
                0x080065c0       0xd8 ./Middlewares/ST/STM32_USB_Device_Library/Core/Src/usbd_ctlreq.o
                0x080065c0                USBD_StdItfReq
 .text.USBD_StdEPReq
                0x08006698      0x33a ./Middlewares/ST/STM32_USB_Device_Library/Core/Src/usbd_ctlreq.o
                0x08006698                USBD_StdEPReq
 *fill*         0x080069d2        0x2 
 .text.USBD_GetDescriptor
                0x080069d4      0x2d4 ./Middlewares/ST/STM32_USB_Device_Library/Core/Src/usbd_ctlreq.o
 .text.USBD_SetAddress
                0x08006ca8       0x88 ./Middlewares/ST/STM32_USB_Device_Library/Core/Src/usbd_ctlreq.o
 .text.USBD_SetConfig
                0x08006d30      0x154 ./Middlewares/ST/STM32_USB_Device_Library/Core/Src/usbd_ctlreq.o
 .text.USBD_GetConfig
                0x08006e84       0x6c ./Middlewares/ST/STM32_USB_Device_Library/Core/Src/usbd_ctlreq.o
 .text.USBD_GetStatus
                0x08006ef0       0x68 ./Middlewares/ST/STM32_USB_Device_Library/Core/Src/usbd_ctlreq.o
 .text.USBD_SetFeature
                0x08006f58       0x52 ./Middlewares/ST/STM32_USB_Device_Library/Core/Src/usbd_ctlreq.o
 .text.USBD_ClrFeature
                0x08006faa       0x44 ./Middlewares/ST/STM32_USB_Device_Library/Core/Src/usbd_ctlreq.o
 .text.USBD_ParseSetupRequest
                0x08006fee       0x74 ./Middlewares/ST/STM32_USB_Device_Library/Core/Src/usbd_ctlreq.o
                0x08006fee                USBD_ParseSetupRequest
 .text.USBD_CtlError
                0x08007062       0x22 ./Middlewares/ST/STM32_USB_Device_Library/Core/Src/usbd_ctlreq.o
                0x08007062                USBD_CtlError
 .text.USBD_GetString
                0x08007084       0xa4 ./Middlewares/ST/STM32_USB_Device_Library/Core/Src/usbd_ctlreq.o
                0x08007084                USBD_GetString
 .text.USBD_GetLen
                0x08007128       0x34 ./Middlewares/ST/STM32_USB_Device_Library/Core/Src/usbd_ctlreq.o
 .text.USBD_CtlSendData
                0x0800715c       0x36 ./Middlewares/ST/STM32_USB_Device_Library/Core/Src/usbd_ioreq.o
                0x0800715c                USBD_CtlSendData
 .text.USBD_CtlContinueSendData
                0x08007192       0x22 ./Middlewares/ST/STM32_USB_Device_Library/Core/Src/usbd_ioreq.o
                0x08007192                USBD_CtlContinueSendData
 .text.USBD_CtlPrepareRx
                0x080071b4       0x3a ./Middlewares/ST/STM32_USB_Device_Library/Core/Src/usbd_ioreq.o
                0x080071b4                USBD_CtlPrepareRx
 .text.USBD_CtlContinueRx
                0x080071ee       0x22 ./Middlewares/ST/STM32_USB_Device_Library/Core/Src/usbd_ioreq.o
                0x080071ee                USBD_CtlContinueRx
 .text.USBD_CtlSendStatus
                0x08007210       0x26 ./Middlewares/ST/STM32_USB_Device_Library/Core/Src/usbd_ioreq.o
                0x08007210                USBD_CtlSendStatus
 .text.USBD_CtlReceiveStatus
                0x08007236       0x26 ./Middlewares/ST/STM32_USB_Device_Library/Core/Src/usbd_ioreq.o
                0x08007236                USBD_CtlReceiveStatus
 .text.MX_USB_DEVICE_Init
                0x0800725c       0x60 ./USB_DEVICE/App/usb_device.o
                0x0800725c                MX_USB_DEVICE_Init
 .text.CDC_Init_FS
                0x080072bc       0x28 ./USB_DEVICE/App/usbd_cdc_if.o
 .text.CDC_DeInit_FS
                0x080072e4       0x10 ./USB_DEVICE/App/usbd_cdc_if.o
 .text.CDC_Control_FS
                0x080072f4       0xbc ./USB_DEVICE/App/usbd_cdc_if.o
 .text.CDC_Receive_FS
                0x080073b0       0x28 ./USB_DEVICE/App/usbd_cdc_if.o
 .text.CDC_TransmitCplt_FS
                0x080073d8       0x22 ./USB_DEVICE/App/usbd_cdc_if.o
 *fill*         0x080073fa        0x2 
 .text.USBD_FS_DeviceDescriptor
                0x080073fc       0x24 ./USB_DEVICE/App/usbd_desc.o
                0x080073fc                USBD_FS_DeviceDescriptor
 .text.USBD_FS_LangIDStrDescriptor
                0x08007420       0x24 ./USB_DEVICE/App/usbd_desc.o
                0x08007420                USBD_FS_LangIDStrDescriptor
 .text.USBD_FS_ProductStrDescriptor
                0x08007444       0x3c ./USB_DEVICE/App/usbd_desc.o
                0x08007444                USBD_FS_ProductStrDescriptor
 .text.USBD_FS_ManufacturerStrDescriptor
                0x08007480       0x28 ./USB_DEVICE/App/usbd_desc.o
                0x08007480                USBD_FS_ManufacturerStrDescriptor
 .text.USBD_FS_SerialStrDescriptor
                0x080074a8       0x24 ./USB_DEVICE/App/usbd_desc.o
                0x080074a8                USBD_FS_SerialStrDescriptor
 .text.USBD_FS_ConfigStrDescriptor
                0x080074cc       0x3c ./USB_DEVICE/App/usbd_desc.o
                0x080074cc                USBD_FS_ConfigStrDescriptor
 .text.USBD_FS_InterfaceStrDescriptor
                0x08007508       0x3c ./USB_DEVICE/App/usbd_desc.o
                0x08007508                USBD_FS_InterfaceStrDescriptor
 .text.Get_SerialNum
                0x08007544       0x58 ./USB_DEVICE/App/usbd_desc.o
 .text.IntToUnicode
                0x0800759c       0x7e ./USB_DEVICE/App/usbd_desc.o
 *fill*         0x0800761a        0x2 
 .text.HAL_PCD_MspInit
                0x0800761c       0xa8 ./USB_DEVICE/Target/usbd_conf.o
                0x0800761c                HAL_PCD_MspInit
 .text.HAL_PCD_MspDeInit
                0x080076c4       0x40 ./USB_DEVICE/Target/usbd_conf.o
                0x080076c4                HAL_PCD_MspDeInit
 .text.HAL_PCD_SetupStageCallback
                0x08007704       0x24 ./USB_DEVICE/Target/usbd_conf.o
                0x08007704                HAL_PCD_SetupStageCallback
 .text.HAL_PCD_DataOutStageCallback
                0x08007728       0x36 ./USB_DEVICE/Target/usbd_conf.o
                0x08007728                HAL_PCD_DataOutStageCallback
 .text.HAL_PCD_DataInStageCallback
                0x0800775e       0x34 ./USB_DEVICE/Target/usbd_conf.o
                0x0800775e                HAL_PCD_DataInStageCallback
 .text.HAL_PCD_SOFCallback
                0x08007792       0x1c ./USB_DEVICE/Target/usbd_conf.o
                0x08007792                HAL_PCD_SOFCallback
 .text.HAL_PCD_ResetCallback
                0x080077ae       0x3c ./USB_DEVICE/Target/usbd_conf.o
                0x080077ae                HAL_PCD_ResetCallback
 *fill*         0x080077ea        0x2 
 .text.HAL_PCD_SuspendCallback
                0x080077ec       0x4c ./USB_DEVICE/Target/usbd_conf.o
                0x080077ec                HAL_PCD_SuspendCallback
 .text.HAL_PCD_ResumeCallback
                0x08007838       0x1c ./USB_DEVICE/Target/usbd_conf.o
                0x08007838                HAL_PCD_ResumeCallback
 .text.HAL_PCD_ISOOUTIncompleteCallback
                0x08007854       0x24 ./USB_DEVICE/Target/usbd_conf.o
                0x08007854                HAL_PCD_ISOOUTIncompleteCallback
 .text.HAL_PCD_ISOINIncompleteCallback
                0x08007878       0x24 ./USB_DEVICE/Target/usbd_conf.o
                0x08007878                HAL_PCD_ISOINIncompleteCallback
 .text.HAL_PCD_ConnectCallback
                0x0800789c       0x1c ./USB_DEVICE/Target/usbd_conf.o
                0x0800789c                HAL_PCD_ConnectCallback
 .text.HAL_PCD_DisconnectCallback
                0x080078b8       0x1c ./USB_DEVICE/Target/usbd_conf.o
                0x080078b8                HAL_PCD_DisconnectCallback
 .text.USBD_LL_Init
                0x080078d4       0x98 ./USB_DEVICE/Target/usbd_conf.o
                0x080078d4                USBD_LL_Init
 .text.USBD_LL_DeInit
                0x0800796c       0x36 ./USB_DEVICE/Target/usbd_conf.o
                0x0800796c                USBD_LL_DeInit
 .text.USBD_LL_Start
                0x080079a2       0x36 ./USB_DEVICE/Target/usbd_conf.o
                0x080079a2                USBD_LL_Start
 .text.USBD_LL_Stop
                0x080079d8       0x36 ./USB_DEVICE/Target/usbd_conf.o
                0x080079d8                USBD_LL_Stop
 .text.USBD_LL_OpenEP
                0x08007a0e       0x4c ./USB_DEVICE/Target/usbd_conf.o
                0x08007a0e                USBD_LL_OpenEP
 .text.USBD_LL_CloseEP
                0x08007a5a       0x3e ./USB_DEVICE/Target/usbd_conf.o
                0x08007a5a                USBD_LL_CloseEP
 .text.USBD_LL_StallEP
                0x08007a98       0x3e ./USB_DEVICE/Target/usbd_conf.o
                0x08007a98                USBD_LL_StallEP
 .text.USBD_LL_ClearStallEP
                0x08007ad6       0x3e ./USB_DEVICE/Target/usbd_conf.o
                0x08007ad6                USBD_LL_ClearStallEP
 .text.USBD_LL_IsStallEP
                0x08007b14       0x58 ./USB_DEVICE/Target/usbd_conf.o
                0x08007b14                USBD_LL_IsStallEP
 .text.USBD_LL_SetUSBAddress
                0x08007b6c       0x3e ./USB_DEVICE/Target/usbd_conf.o
                0x08007b6c                USBD_LL_SetUSBAddress
 .text.USBD_LL_Transmit
                0x08007baa       0x42 ./USB_DEVICE/Target/usbd_conf.o
                0x08007baa                USBD_LL_Transmit
 .text.USBD_LL_PrepareReceive
                0x08007bec       0x42 ./USB_DEVICE/Target/usbd_conf.o
                0x08007bec                USBD_LL_PrepareReceive
 .text.USBD_LL_GetRxDataSize
                0x08007c2e       0x26 ./USB_DEVICE/Target/usbd_conf.o
                0x08007c2e                USBD_LL_GetRxDataSize
 .text.USBD_static_malloc
                0x08007c54       0x1c ./USB_DEVICE/Target/usbd_conf.o
                0x08007c54                USBD_static_malloc
 .text.USBD_static_free
                0x08007c70       0x14 ./USB_DEVICE/Target/usbd_conf.o
                0x08007c70                USBD_static_free
 .text.USBD_Get_USB_Status
                0x08007c84       0x58 ./USB_DEVICE/Target/usbd_conf.o
                0x08007c84                USBD_Get_USB_Status
 .text.memset   0x08007cdc       0x10 G:/stm32cubeide/Install/STM32CubeIDE_1.18.0/STM32CubeIDE/plugins/com.st.stm32cube.ide.mcu.externaltools.gnu-tools-for-stm32.13.3.rel1.win32_1.0.0.202411081344/tools/bin/../lib/gcc/arm-none-eabi/13.3.1/../../../../arm-none-eabi/lib/thumb/v7e-m+fp/hard\libc_nano.a(libc_a-memset.o)
                0x08007cdc                memset
 .text.__libc_init_array
                0x08007cec       0x48 G:/stm32cubeide/Install/STM32CubeIDE_1.18.0/STM32CubeIDE/plugins/com.st.stm32cube.ide.mcu.externaltools.gnu-tools-for-stm32.13.3.rel1.win32_1.0.0.202411081344/tools/bin/../lib/gcc/arm-none-eabi/13.3.1/../../../../arm-none-eabi/lib/thumb/v7e-m+fp/hard\libc_nano.a(libc_a-init.o)
                0x08007cec                __libc_init_array
 *(.glue_7)
 .glue_7        0x08007d34        0x0 linker stubs
 *(.glue_7t)
 .glue_7t       0x08007d34        0x0 linker stubs
 *(.eh_frame)
 .eh_frame      0x08007d34        0x0 G:/stm32cubeide/Install/STM32CubeIDE_1.18.0/STM32CubeIDE/plugins/com.st.stm32cube.ide.mcu.externaltools.gnu-tools-for-stm32.13.3.rel1.win32_1.0.0.202411081344/tools/bin/../lib/gcc/arm-none-eabi/13.3.1/thumb/v7e-m+fp/hard/crtbegin.o
 *(.init)
 .init          0x08007d34        0x4 G:/stm32cubeide/Install/STM32CubeIDE_1.18.0/STM32CubeIDE/plugins/com.st.stm32cube.ide.mcu.externaltools.gnu-tools-for-stm32.13.3.rel1.win32_1.0.0.202411081344/tools/bin/../lib/gcc/arm-none-eabi/13.3.1/thumb/v7e-m+fp/hard/crti.o
                0x08007d34                _init
 .init          0x08007d38        0x8 G:/stm32cubeide/Install/STM32CubeIDE_1.18.0/STM32CubeIDE/plugins/com.st.stm32cube.ide.mcu.externaltools.gnu-tools-for-stm32.13.3.rel1.win32_1.0.0.202411081344/tools/bin/../lib/gcc/arm-none-eabi/13.3.1/thumb/v7e-m+fp/hard/crtn.o
 *(.fini)
 .fini          0x08007d40        0x4 G:/stm32cubeide/Install/STM32CubeIDE_1.18.0/STM32CubeIDE/plugins/com.st.stm32cube.ide.mcu.externaltools.gnu-tools-for-stm32.13.3.rel1.win32_1.0.0.202411081344/tools/bin/../lib/gcc/arm-none-eabi/13.3.1/thumb/v7e-m+fp/hard/crti.o
                0x08007d40                _fini
 .fini          0x08007d44        0x8 G:/stm32cubeide/Install/STM32CubeIDE_1.18.0/STM32CubeIDE/plugins/com.st.stm32cube.ide.mcu.externaltools.gnu-tools-for-stm32.13.3.rel1.win32_1.0.0.202411081344/tools/bin/../lib/gcc/arm-none-eabi/13.3.1/thumb/v7e-m+fp/hard/crtn.o
                0x08007d4c                        . = ALIGN (0x4)
                0x08007d4c                        _etext = .

.vfp11_veneer   0x08007d4c        0x0
 .vfp11_veneer  0x08007d4c        0x0 linker stubs

.v4_bx          0x08007d4c        0x0
 .v4_bx         0x08007d4c        0x0 linker stubs

.iplt           0x08007d4c        0x0
 .iplt          0x08007d4c        0x0 G:/stm32cubeide/Install/STM32CubeIDE_1.18.0/STM32CubeIDE/plugins/com.st.stm32cube.ide.mcu.externaltools.gnu-tools-for-stm32.13.3.rel1.win32_1.0.0.202411081344/tools/bin/../lib/gcc/arm-none-eabi/13.3.1/thumb/v7e-m+fp/hard/crtbegin.o

.rodata         0x08007d4c       0x90
                0x08007d4c                        . = ALIGN (0x4)
 *(.rodata)
 .rodata        0x08007d4c       0x2d ./Core/Src/main.o
 *fill*         0x08007d79        0x3 
 .rodata        0x08007d7c       0x46 ./USB_DEVICE/App/usbd_desc.o
 *(.rodata*)
 *fill*         0x08007dc2        0x2 
 .rodata.AHBPrescTable
                0x08007dc4       0x10 ./Core/Src/system_stm32f4xx.o
                0x08007dc4                AHBPrescTable
 .rodata.APBPrescTable
                0x08007dd4        0x8 ./Core/Src/system_stm32f4xx.o
                0x08007dd4                APBPrescTable
                0x08007ddc                        . = ALIGN (0x4)

.ARM.extab      0x08007ddc        0x0
                0x08007ddc                        . = ALIGN (0x4)
 *(.ARM.extab* .gnu.linkonce.armextab.*)
                0x08007ddc                        . = ALIGN (0x4)

.ARM            0x08007ddc        0x8
                0x08007ddc                        . = ALIGN (0x4)
                0x08007ddc                        __exidx_start = .
 *(.ARM.exidx*)
 .ARM.exidx     0x08007ddc        0x8 G:/stm32cubeide/Install/STM32CubeIDE_1.18.0/STM32CubeIDE/plugins/com.st.stm32cube.ide.mcu.externaltools.gnu-tools-for-stm32.13.3.rel1.win32_1.0.0.202411081344/tools/bin/../lib/gcc/arm-none-eabi/13.3.1/thumb/v7e-m+fp/hard\libgcc.a(_udivmoddi4.o)
                0x08007de4                        __exidx_end = .
                0x08007de4                        . = ALIGN (0x4)

.preinit_array  0x08007de4        0x0
                0x08007de4                        . = ALIGN (0x4)
                0x08007de4                        PROVIDE (__preinit_array_start = .)
 *(.preinit_array*)
                0x08007de4                        PROVIDE (__preinit_array_end = .)
                0x08007de4                        . = ALIGN (0x4)

.init_array     0x08007de4        0x4
                0x08007de4                        . = ALIGN (0x4)
                0x08007de4                        PROVIDE (__init_array_start = .)
 *(SORT_BY_NAME(.init_array.*))
 *(.init_array*)
 .init_array    0x08007de4        0x4 G:/stm32cubeide/Install/STM32CubeIDE_1.18.0/STM32CubeIDE/plugins/com.st.stm32cube.ide.mcu.externaltools.gnu-tools-for-stm32.13.3.rel1.win32_1.0.0.202411081344/tools/bin/../lib/gcc/arm-none-eabi/13.3.1/thumb/v7e-m+fp/hard/crtbegin.o
                0x08007de8                        PROVIDE (__init_array_end = .)
                0x08007de8                        . = ALIGN (0x4)

.fini_array     0x08007de8        0x4
                0x08007de8                        . = ALIGN (0x4)
                [!provide]                        PROVIDE (__fini_array_start = .)
 *(SORT_BY_NAME(.fini_array.*))
 *(.fini_array*)
 .fini_array    0x08007de8        0x4 G:/stm32cubeide/Install/STM32CubeIDE_1.18.0/STM32CubeIDE/plugins/com.st.stm32cube.ide.mcu.externaltools.gnu-tools-for-stm32.13.3.rel1.win32_1.0.0.202411081344/tools/bin/../lib/gcc/arm-none-eabi/13.3.1/thumb/v7e-m+fp/hard/crtbegin.o
                [!provide]                        PROVIDE (__fini_array_end = .)
                0x08007dec                        . = ALIGN (0x4)
                0x08007dec                        _sidata = LOADADDR (.data)

.rel.dyn        0x08007dec        0x0
 .rel.iplt      0x08007dec        0x0 G:/stm32cubeide/Install/STM32CubeIDE_1.18.0/STM32CubeIDE/plugins/com.st.stm32cube.ide.mcu.externaltools.gnu-tools-for-stm32.13.3.rel1.win32_1.0.0.202411081344/tools/bin/../lib/gcc/arm-none-eabi/13.3.1/thumb/v7e-m+fp/hard/crtbegin.o

.data           0x20000000       0xfc load address 0x08007dec
                0x20000000                        . = ALIGN (0x4)
                0x20000000                        _sdata = .
 *(.data)
 *(.data*)
 .data.SystemCoreClock
                0x20000000        0x4 ./Core/Src/system_stm32f4xx.o
                0x20000000                SystemCoreClock
 .data.uwTickPrio
                0x20000004        0x4 ./Drivers/STM32F4xx_HAL_Driver/Src/stm32f4xx_hal.o
                0x20000004                uwTickPrio
 .data.uwTickFreq
                0x20000008        0x1 ./Drivers/STM32F4xx_HAL_Driver/Src/stm32f4xx_hal.o
                0x20000008                uwTickFreq
 *fill*         0x20000009        0x3 
 .data.USBD_CDC_DeviceQualifierDesc
                0x2000000c        0xa ./Middlewares/ST/STM32_USB_Device_Library/Class/CDC/Src/usbd_cdc.o
 *fill*         0x20000016        0x2 
 .data.USBD_CDC
                0x20000018       0x38 ./Middlewares/ST/STM32_USB_Device_Library/Class/CDC/Src/usbd_cdc.o
                0x20000018                USBD_CDC
 .data.USBD_CDC_CfgDesc
                0x20000050       0x43 ./Middlewares/ST/STM32_USB_Device_Library/Class/CDC/Src/usbd_cdc.o
 .data.CDCInEpAdd
                0x20000093        0x1 ./Middlewares/ST/STM32_USB_Device_Library/Class/CDC/Src/usbd_cdc.o
 .data.CDCOutEpAdd
                0x20000094        0x1 ./Middlewares/ST/STM32_USB_Device_Library/Class/CDC/Src/usbd_cdc.o
 .data.CDCCmdEpAdd
                0x20000095        0x1 ./Middlewares/ST/STM32_USB_Device_Library/Class/CDC/Src/usbd_cdc.o
 *fill*         0x20000096        0x2 
 .data.USBD_Interface_fops_FS
                0x20000098       0x14 ./USB_DEVICE/App/usbd_cdc_if.o
                0x20000098                USBD_Interface_fops_FS
 .data.FS_Desc  0x200000ac       0x1c ./USB_DEVICE/App/usbd_desc.o
                0x200000ac                FS_Desc
 .data.USBD_FS_DeviceDesc
                0x200000c8       0x12 ./USB_DEVICE/App/usbd_desc.o
                0x200000c8                USBD_FS_DeviceDesc
 *fill*         0x200000da        0x2 
 .data.USBD_LangIDDesc
                0x200000dc        0x4 ./USB_DEVICE/App/usbd_desc.o
                0x200000dc                USBD_LangIDDesc
 .data.USBD_StringSerial
                0x200000e0       0x1a ./USB_DEVICE/App/usbd_desc.o
                0x200000e0                USBD_StringSerial
 *(.RamFunc)
 *(.RamFunc*)
                0x200000fc                        . = ALIGN (0x4)
 *fill*         0x200000fa        0x2 
                0x200000fc                        _edata = .

.igot.plt       0x200000fc        0x0 load address 0x08007ee8
 .igot.plt      0x200000fc        0x0 G:/stm32cubeide/Install/STM32CubeIDE_1.18.0/STM32CubeIDE/plugins/com.st.stm32cube.ide.mcu.externaltools.gnu-tools-for-stm32.13.3.rel1.win32_1.0.0.202411081344/tools/bin/../lib/gcc/arm-none-eabi/13.3.1/thumb/v7e-m+fp/hard/crtbegin.o
                0x200000fc                        . = ALIGN (0x4)

.bss            0x200000fc     0x1c4c load address 0x08007ee8
                0x200000fc                        _sbss = .
                0x200000fc                        __bss_start__ = _sbss
 *(.bss)
 .bss           0x200000fc       0x1c G:/stm32cubeide/Install/STM32CubeIDE_1.18.0/STM32CubeIDE/plugins/com.st.stm32cube.ide.mcu.externaltools.gnu-tools-for-stm32.13.3.rel1.win32_1.0.0.202411081344/tools/bin/../lib/gcc/arm-none-eabi/13.3.1/thumb/v7e-m+fp/hard/crtbegin.o
 *(.bss*)
 .bss.huart2    0x20000118       0x48 ./Core/Src/main.o
                0x20000118                huart2
 .bss.uwTick    0x20000160        0x4 ./Drivers/STM32F4xx_HAL_Driver/Src/stm32f4xx_hal.o
                0x20000160                uwTick
 .bss.cfgidx.0  0x20000164        0x1 ./Middlewares/ST/STM32_USB_Device_Library/Core/Src/usbd_ctlreq.o
 *fill*         0x20000165        0x3 
 .bss.hUsbDeviceFS
                0x20000168      0x2dc ./USB_DEVICE/App/usb_device.o
                0x20000168                hUsbDeviceFS
 .bss.UserRxBufferFS
                0x20000444      0x800 ./USB_DEVICE/App/usbd_cdc_if.o
                0x20000444                UserRxBufferFS
 .bss.UserTxBufferFS
                0x20000c44      0x800 ./USB_DEVICE/App/usbd_cdc_if.o
                0x20000c44                UserTxBufferFS
 .bss.USBD_StrDesc
                0x20001444      0x200 ./USB_DEVICE/App/usbd_desc.o
                0x20001444                USBD_StrDesc
 .bss.hpcd_USB_OTG_FS
                0x20001644      0x4e4 ./USB_DEVICE/Target/usbd_conf.o
                0x20001644                hpcd_USB_OTG_FS
 .bss.mem.0     0x20001b28      0x220 ./USB_DEVICE/Target/usbd_conf.o
 *(COMMON)
                0x20001d48                        . = ALIGN (0x4)
                0x20001d48                        _ebss = .
                0x20001d48                        __bss_end__ = _ebss

._user_heap_stack
                0x20001d48      0x600 load address 0x08007ee8
                0x20001d48                        . = ALIGN (0x8)
                [!provide]                        PROVIDE (end = .)
                0x20001d48                        PROVIDE (_end = .)
                0x20001f48                        . = (. + _Min_Heap_Size)
 *fill*         0x20001d48      0x200 
                0x20002348                        . = (. + _Min_Stack_Size)
 *fill*         0x20001f48      0x400 
                0x20002348                        . = ALIGN (0x8)

/DISCARD/
 libc.a(*)
 libm.a(*)
 libgcc.a(*)

.ARM.attributes
                0x00000000       0x30
 *(.ARM.attributes)
 .ARM.attributes
                0x00000000       0x22 G:/stm32cubeide/Install/STM32CubeIDE_1.18.0/STM32CubeIDE/plugins/com.st.stm32cube.ide.mcu.externaltools.gnu-tools-for-stm32.13.3.rel1.win32_1.0.0.202411081344/tools/bin/../lib/gcc/arm-none-eabi/13.3.1/thumb/v7e-m+fp/hard/crti.o
 .ARM.attributes
                0x00000022       0x34 G:/stm32cubeide/Install/STM32CubeIDE_1.18.0/STM32CubeIDE/plugins/com.st.stm32cube.ide.mcu.externaltools.gnu-tools-for-stm32.13.3.rel1.win32_1.0.0.202411081344/tools/bin/../lib/gcc/arm-none-eabi/13.3.1/thumb/v7e-m+fp/hard/crtbegin.o
 .ARM.attributes
                0x00000056       0x34 ./Core/Src/main.o
 .ARM.attributes
                0x0000008a       0x34 ./Core/Src/stm32f4xx_hal_msp.o
 .ARM.attributes
                0x000000be       0x34 ./Core/Src/stm32f4xx_it.o
 .ARM.attributes
                0x000000f2       0x34 ./Core/Src/system_stm32f4xx.o
 .ARM.attributes
                0x00000126       0x21 ./Core/Startup/startup_stm32f411vetx.o
 .ARM.attributes
                0x00000147       0x34 ./Drivers/STM32F4xx_HAL_Driver/Src/stm32f4xx_hal.o
 .ARM.attributes
                0x0000017b       0x34 ./Drivers/STM32F4xx_HAL_Driver/Src/stm32f4xx_hal_cortex.o
 .ARM.attributes
                0x000001af       0x34 ./Drivers/STM32F4xx_HAL_Driver/Src/stm32f4xx_hal_gpio.o
 .ARM.attributes
                0x000001e3       0x34 ./Drivers/STM32F4xx_HAL_Driver/Src/stm32f4xx_hal_pcd.o
 .ARM.attributes
                0x00000217       0x34 ./Drivers/STM32F4xx_HAL_Driver/Src/stm32f4xx_hal_pcd_ex.o
 .ARM.attributes
                0x0000024b       0x34 ./Drivers/STM32F4xx_HAL_Driver/Src/stm32f4xx_hal_rcc.o
 .ARM.attributes
                0x0000027f       0x34 ./Drivers/STM32F4xx_HAL_Driver/Src/stm32f4xx_hal_rcc_ex.o
 .ARM.attributes
                0x000002b3       0x34 ./Drivers/STM32F4xx_HAL_Driver/Src/stm32f4xx_hal_uart.o
 .ARM.attributes
                0x000002e7       0x34 ./Drivers/STM32F4xx_HAL_Driver/Src/stm32f4xx_ll_usb.o
 .ARM.attributes
                0x0000031b       0x34 ./Middlewares/ST/STM32_USB_Device_Library/Class/CDC/Src/usbd_cdc.o
 .ARM.attributes
                0x0000034f       0x34 ./Middlewares/ST/STM32_USB_Device_Library/Core/Src/usbd_core.o
 .ARM.attributes
                0x00000383       0x34 ./Middlewares/ST/STM32_USB_Device_Library/Core/Src/usbd_ctlreq.o
 .ARM.attributes
                0x000003b7       0x34 ./Middlewares/ST/STM32_USB_Device_Library/Core/Src/usbd_ioreq.o
 .ARM.attributes
                0x000003eb       0x34 ./USB_DEVICE/App/usb_device.o
 .ARM.attributes
                0x0000041f       0x34 ./USB_DEVICE/App/usbd_cdc_if.o
 .ARM.attributes
                0x00000453       0x34 ./USB_DEVICE/App/usbd_desc.o
 .ARM.attributes
                0x00000487       0x34 ./USB_DEVICE/Target/usbd_conf.o
 .ARM.attributes
                0x000004bb       0x34 G:/stm32cubeide/Install/STM32CubeIDE_1.18.0/STM32CubeIDE/plugins/com.st.stm32cube.ide.mcu.externaltools.gnu-tools-for-stm32.13.3.rel1.win32_1.0.0.202411081344/tools/bin/../lib/gcc/arm-none-eabi/13.3.1/../../../../arm-none-eabi/lib/thumb/v7e-m+fp/hard\libc_nano.a(libc_a-memset.o)
 .ARM.attributes
                0x000004ef       0x34 G:/stm32cubeide/Install/STM32CubeIDE_1.18.0/STM32CubeIDE/plugins/com.st.stm32cube.ide.mcu.externaltools.gnu-tools-for-stm32.13.3.rel1.win32_1.0.0.202411081344/tools/bin/../lib/gcc/arm-none-eabi/13.3.1/../../../../arm-none-eabi/lib/thumb/v7e-m+fp/hard\libc_nano.a(libc_a-init.o)
 .ARM.attributes
                0x00000523       0x22 G:/stm32cubeide/Install/STM32CubeIDE_1.18.0/STM32CubeIDE/plugins/com.st.stm32cube.ide.mcu.externaltools.gnu-tools-for-stm32.13.3.rel1.win32_1.0.0.202411081344/tools/bin/../lib/gcc/arm-none-eabi/13.3.1/thumb/v7e-m+fp/hard\libgcc.a(_aeabi_uldivmod.o)
 .ARM.attributes
                0x00000545       0x34 G:/stm32cubeide/Install/STM32CubeIDE_1.18.0/STM32CubeIDE/plugins/com.st.stm32cube.ide.mcu.externaltools.gnu-tools-for-stm32.13.3.rel1.win32_1.0.0.202411081344/tools/bin/../lib/gcc/arm-none-eabi/13.3.1/thumb/v7e-m+fp/hard\libgcc.a(_udivmoddi4.o)
 .ARM.attributes
                0x00000579       0x22 G:/stm32cubeide/Install/STM32CubeIDE_1.18.0/STM32CubeIDE/plugins/com.st.stm32cube.ide.mcu.externaltools.gnu-tools-for-stm32.13.3.rel1.win32_1.0.0.202411081344/tools/bin/../lib/gcc/arm-none-eabi/13.3.1/thumb/v7e-m+fp/hard\libgcc.a(_dvmd_tls.o)
 .ARM.attributes
                0x0000059b       0x22 G:/stm32cubeide/Install/STM32CubeIDE_1.18.0/STM32CubeIDE/plugins/com.st.stm32cube.ide.mcu.externaltools.gnu-tools-for-stm32.13.3.rel1.win32_1.0.0.202411081344/tools/bin/../lib/gcc/arm-none-eabi/13.3.1/thumb/v7e-m+fp/hard/crtn.o
OUTPUT(BOOTLOADER.elf elf32-littlearm)
LOAD linker stubs
LOAD G:/stm32cubeide/Install/STM32CubeIDE_1.18.0/STM32CubeIDE/plugins/com.st.stm32cube.ide.mcu.externaltools.gnu-tools-for-stm32.13.3.rel1.win32_1.0.0.202411081344/tools/bin/../lib/gcc/arm-none-eabi/13.3.1/../../../../arm-none-eabi/lib/thumb/v7e-m+fp/hard\libc.a
LOAD G:/stm32cubeide/Install/STM32CubeIDE_1.18.0/STM32CubeIDE/plugins/com.st.stm32cube.ide.mcu.externaltools.gnu-tools-for-stm32.13.3.rel1.win32_1.0.0.202411081344/tools/bin/../lib/gcc/arm-none-eabi/13.3.1/../../../../arm-none-eabi/lib/thumb/v7e-m+fp/hard\libm.a
LOAD G:/stm32cubeide/Install/STM32CubeIDE_1.18.0/STM32CubeIDE/plugins/com.st.stm32cube.ide.mcu.externaltools.gnu-tools-for-stm32.13.3.rel1.win32_1.0.0.202411081344/tools/bin/../lib/gcc/arm-none-eabi/13.3.1/thumb/v7e-m+fp/hard\libgcc.a

.debug_info     0x00000000    0x11ad5
 .debug_info    0x00000000     0x125f ./Core/Src/main.o
 .debug_info    0x0000125f      0x91a ./Core/Src/stm32f4xx_hal_msp.o
 .debug_info    0x00001b79      0x627 ./Core/Src/stm32f4xx_it.o
 .debug_info    0x000021a0      0x53e ./Core/Src/system_stm32f4xx.o
 .debug_info    0x000026de       0x30 ./Core/Startup/startup_stm32f411vetx.o
 .debug_info    0x0000270e      0x8c4 ./Drivers/STM32F4xx_HAL_Driver/Src/stm32f4xx_hal.o
 .debug_info    0x00002fd2      0xcfc ./Drivers/STM32F4xx_HAL_Driver/Src/stm32f4xx_hal_cortex.o
 .debug_info    0x00003cce      0x6f9 ./Drivers/STM32F4xx_HAL_Driver/Src/stm32f4xx_hal_gpio.o
 .debug_info    0x000043c7     0x1577 ./Drivers/STM32F4xx_HAL_Driver/Src/stm32f4xx_hal_pcd.o
 .debug_info    0x0000593e      0x6ea ./Drivers/STM32F4xx_HAL_Driver/Src/stm32f4xx_hal_pcd_ex.o
 .debug_info    0x00006028      0x8f0 ./Drivers/STM32F4xx_HAL_Driver/Src/stm32f4xx_hal_rcc.o
 .debug_info    0x00006918      0x5a1 ./Drivers/STM32F4xx_HAL_Driver/Src/stm32f4xx_hal_rcc_ex.o
 .debug_info    0x00006eb9     0x2f56 ./Drivers/STM32F4xx_HAL_Driver/Src/stm32f4xx_hal_uart.o
 .debug_info    0x00009e0f     0x1993 ./Drivers/STM32F4xx_HAL_Driver/Src/stm32f4xx_ll_usb.o
 .debug_info    0x0000b7a2     0x12a3 ./Middlewares/ST/STM32_USB_Device_Library/Class/CDC/Src/usbd_cdc.o
 .debug_info    0x0000ca45      0xe05 ./Middlewares/ST/STM32_USB_Device_Library/Core/Src/usbd_core.o
 .debug_info    0x0000d84a      0xade ./Middlewares/ST/STM32_USB_Device_Library/Core/Src/usbd_ctlreq.o
 .debug_info    0x0000e328      0x755 ./Middlewares/ST/STM32_USB_Device_Library/Core/Src/usbd_ioreq.o
 .debug_info    0x0000ea7d      0x701 ./USB_DEVICE/App/usb_device.o
 .debug_info    0x0000f17e      0x8fa ./USB_DEVICE/App/usbd_cdc_if.o
 .debug_info    0x0000fa78      0x458 ./USB_DEVICE/App/usbd_desc.o
 .debug_info    0x0000fed0     0x1c05 ./USB_DEVICE/Target/usbd_conf.o

.debug_abbrev   0x00000000     0x3055
 .debug_abbrev  0x00000000      0x31d ./Core/Src/main.o
 .debug_abbrev  0x0000031d      0x1ac ./Core/Src/stm32f4xx_hal_msp.o
 .debug_abbrev  0x000004c9      0x1a4 ./Core/Src/stm32f4xx_it.o
 .debug_abbrev  0x0000066d      0x11a ./Core/Src/system_stm32f4xx.o
 .debug_abbrev  0x00000787       0x24 ./Core/Startup/startup_stm32f411vetx.o
 .debug_abbrev  0x000007ab      0x24b ./Drivers/STM32F4xx_HAL_Driver/Src/stm32f4xx_hal.o
 .debug_abbrev  0x000009f6      0x31d ./Drivers/STM32F4xx_HAL_Driver/Src/stm32f4xx_hal_cortex.o
 .debug_abbrev  0x00000d13      0x1d3 ./Drivers/STM32F4xx_HAL_Driver/Src/stm32f4xx_hal_gpio.o
 .debug_abbrev  0x00000ee6      0x2b6 ./Drivers/STM32F4xx_HAL_Driver/Src/stm32f4xx_hal_pcd.o
 .debug_abbrev  0x0000119c      0x1da ./Drivers/STM32F4xx_HAL_Driver/Src/stm32f4xx_hal_pcd_ex.o
 .debug_abbrev  0x00001376      0x2b6 ./Drivers/STM32F4xx_HAL_Driver/Src/stm32f4xx_hal_rcc.o
 .debug_abbrev  0x0000162c      0x1b2 ./Drivers/STM32F4xx_HAL_Driver/Src/stm32f4xx_hal_rcc_ex.o
 .debug_abbrev  0x000017de      0x31b ./Drivers/STM32F4xx_HAL_Driver/Src/stm32f4xx_hal_uart.o
 .debug_abbrev  0x00001af9      0x2b3 ./Drivers/STM32F4xx_HAL_Driver/Src/stm32f4xx_ll_usb.o
 .debug_abbrev  0x00001dac      0x2d2 ./Middlewares/ST/STM32_USB_Device_Library/Class/CDC/Src/usbd_cdc.o
 .debug_abbrev  0x0000207e      0x27c ./Middlewares/ST/STM32_USB_Device_Library/Core/Src/usbd_core.o
 .debug_abbrev  0x000022fa      0x26f ./Middlewares/ST/STM32_USB_Device_Library/Core/Src/usbd_ctlreq.o
 .debug_abbrev  0x00002569      0x19a ./Middlewares/ST/STM32_USB_Device_Library/Core/Src/usbd_ioreq.o
 .debug_abbrev  0x00002703      0x195 ./USB_DEVICE/App/usb_device.o
 .debug_abbrev  0x00002898      0x29d ./USB_DEVICE/App/usbd_cdc_if.o
 .debug_abbrev  0x00002b35      0x1e1 ./USB_DEVICE/App/usbd_desc.o
 .debug_abbrev  0x00002d16      0x33f ./USB_DEVICE/Target/usbd_conf.o

.debug_aranges  0x00000000      0xdc8
 .debug_aranges
                0x00000000       0x48 ./Core/Src/main.o
 .debug_aranges
                0x00000048       0x30 ./Core/Src/stm32f4xx_hal_msp.o
 .debug_aranges
                0x00000078       0x68 ./Core/Src/stm32f4xx_it.o
 .debug_aranges
                0x000000e0       0x28 ./Core/Src/system_stm32f4xx.o
 .debug_aranges
                0x00000108       0x28 ./Core/Startup/startup_stm32f411vetx.o
 .debug_aranges
                0x00000130       0xf0 ./Drivers/STM32F4xx_HAL_Driver/Src/stm32f4xx_hal.o
 .debug_aranges
                0x00000220      0x130 ./Drivers/STM32F4xx_HAL_Driver/Src/stm32f4xx_hal_cortex.o
 .debug_aranges
                0x00000350       0x58 ./Drivers/STM32F4xx_HAL_Driver/Src/stm32f4xx_hal_gpio.o
 .debug_aranges
                0x000003a8      0x148 ./Drivers/STM32F4xx_HAL_Driver/Src/stm32f4xx_hal_pcd.o
 .debug_aranges
                0x000004f0       0x38 ./Drivers/STM32F4xx_HAL_Driver/Src/stm32f4xx_hal_pcd_ex.o
 .debug_aranges
                0x00000528       0x88 ./Drivers/STM32F4xx_HAL_Driver/Src/stm32f4xx_hal_rcc.o
 .debug_aranges
                0x000005b0       0x50 ./Drivers/STM32F4xx_HAL_Driver/Src/stm32f4xx_hal_rcc_ex.o
 .debug_aranges
                0x00000600      0x208 ./Drivers/STM32F4xx_HAL_Driver/Src/stm32f4xx_hal_uart.o
 .debug_aranges
                0x00000808      0x1a0 ./Drivers/STM32F4xx_HAL_Driver/Src/stm32f4xx_ll_usb.o
 .debug_aranges
                0x000009a8       0x90 ./Middlewares/ST/STM32_USB_Device_Library/Class/CDC/Src/usbd_cdc.o
 .debug_aranges
                0x00000a38       0xd8 ./Middlewares/ST/STM32_USB_Device_Library/Core/Src/usbd_core.o
 .debug_aranges
                0x00000b10       0x90 ./Middlewares/ST/STM32_USB_Device_Library/Core/Src/usbd_ctlreq.o
 .debug_aranges
                0x00000ba0       0x50 ./Middlewares/ST/STM32_USB_Device_Library/Core/Src/usbd_ioreq.o
 .debug_aranges
                0x00000bf0       0x20 ./USB_DEVICE/App/usb_device.o
 .debug_aranges
                0x00000c10       0x48 ./USB_DEVICE/App/usbd_cdc_if.o
 .debug_aranges
                0x00000c58       0x60 ./USB_DEVICE/App/usbd_desc.o
 .debug_aranges
                0x00000cb8      0x110 ./USB_DEVICE/Target/usbd_conf.o

.debug_rnglists
                0x00000000      0xa66
 .debug_rnglists
                0x00000000       0x34 ./Core/Src/main.o
 .debug_rnglists
                0x00000034       0x20 ./Core/Src/stm32f4xx_hal_msp.o
 .debug_rnglists
                0x00000054       0x49 ./Core/Src/stm32f4xx_it.o
 .debug_rnglists
                0x0000009d       0x1a ./Core/Src/system_stm32f4xx.o
 .debug_rnglists
                0x000000b7       0x19 ./Core/Startup/startup_stm32f411vetx.o
 .debug_rnglists
                0x000000d0       0xaf ./Drivers/STM32F4xx_HAL_Driver/Src/stm32f4xx_hal.o
 .debug_rnglists
                0x0000017f       0xe0 ./Drivers/STM32F4xx_HAL_Driver/Src/stm32f4xx_hal_cortex.o
 .debug_rnglists
                0x0000025f       0x3f ./Drivers/STM32F4xx_HAL_Driver/Src/stm32f4xx_hal_gpio.o
 .debug_rnglists
                0x0000029e       0xfa ./Drivers/STM32F4xx_HAL_Driver/Src/stm32f4xx_hal_pcd.o
 .debug_rnglists
                0x00000398       0x26 ./Drivers/STM32F4xx_HAL_Driver/Src/stm32f4xx_hal_pcd_ex.o
 .debug_rnglists
                0x000003be       0x66 ./Drivers/STM32F4xx_HAL_Driver/Src/stm32f4xx_hal_rcc.o
 .debug_rnglists
                0x00000424       0x3c ./Drivers/STM32F4xx_HAL_Driver/Src/stm32f4xx_hal_rcc_ex.o
 .debug_rnglists
                0x00000460      0x1bc ./Drivers/STM32F4xx_HAL_Driver/Src/stm32f4xx_hal_uart.o
 .debug_rnglists
                0x0000061c      0x147 ./Drivers/STM32F4xx_HAL_Driver/Src/stm32f4xx_ll_usb.o
 .debug_rnglists
                0x00000763       0x6c ./Middlewares/ST/STM32_USB_Device_Library/Class/CDC/Src/usbd_cdc.o
 .debug_rnglists
                0x000007cf       0xa1 ./Middlewares/ST/STM32_USB_Device_Library/Core/Src/usbd_core.o
 .debug_rnglists
                0x00000870       0x6e ./Middlewares/ST/STM32_USB_Device_Library/Core/Src/usbd_ctlreq.o
 .debug_rnglists
                0x000008de       0x37 ./Middlewares/ST/STM32_USB_Device_Library/Core/Src/usbd_ioreq.o
 .debug_rnglists
                0x00000915       0x13 ./USB_DEVICE/App/usb_device.o
 .debug_rnglists
                0x00000928       0x32 ./USB_DEVICE/App/usbd_cdc_if.o
 .debug_rnglists
                0x0000095a       0x43 ./USB_DEVICE/App/usbd_desc.o
 .debug_rnglists
                0x0000099d       0xc9 ./USB_DEVICE/Target/usbd_conf.o

.debug_macro    0x00000000    0x18393
 .debug_macro   0x00000000      0x3a0 ./Core/Src/main.o
 .debug_macro   0x000003a0      0xad8 ./Core/Src/main.o
 .debug_macro   0x00000e78      0x29b ./Core/Src/main.o
 .debug_macro   0x00001113       0x2e ./Core/Src/main.o
 .debug_macro   0x00001141       0x28 ./Core/Src/main.o
 .debug_macro   0x00001169       0x22 ./Core/Src/main.o
 .debug_macro   0x0000118b       0x8e ./Core/Src/main.o
 .debug_macro   0x00001219       0x51 ./Core/Src/main.o
 .debug_macro   0x0000126a      0x103 ./Core/Src/main.o
 .debug_macro   0x0000136d       0x6a ./Core/Src/main.o
 .debug_macro   0x000013d7      0x1df ./Core/Src/main.o
 .debug_macro   0x000015b6       0x1c ./Core/Src/main.o
 .debug_macro   0x000015d2       0x22 ./Core/Src/main.o
 .debug_macro   0x000015f4       0xfb ./Core/Src/main.o
 .debug_macro   0x000016ef     0x1011 ./Core/Src/main.o
 .debug_macro   0x00002700      0x11f ./Core/Src/main.o
 .debug_macro   0x0000281f     0xb953 ./Core/Src/main.o
 .debug_macro   0x0000e172       0x6d ./Core/Src/main.o
 .debug_macro   0x0000e1df     0x369a ./Core/Src/main.o
 .debug_macro   0x00011879      0x190 ./Core/Src/main.o
 .debug_macro   0x00011a09       0x5c ./Core/Src/main.o
 .debug_macro   0x00011a65      0x45c ./Core/Src/main.o
 .debug_macro   0x00011ec1      0x9e9 ./Core/Src/main.o
 .debug_macro   0x000128aa      0x115 ./Core/Src/main.o
 .debug_macro   0x000129bf      0x11b ./Core/Src/main.o
 .debug_macro   0x00012ada       0xa5 ./Core/Src/main.o
 .debug_macro   0x00012b7f      0x15f ./Core/Src/main.o
 .debug_macro   0x00012cde      0x287 ./Core/Src/main.o
 .debug_macro   0x00012f65       0x5f ./Core/Src/main.o
 .debug_macro   0x00012fc4      0x236 ./Core/Src/main.o
 .debug_macro   0x000131fa      0x132 ./Core/Src/main.o
 .debug_macro   0x0001332c      0x264 ./Core/Src/main.o
 .debug_macro   0x00013590       0x2e ./Core/Src/main.o
 .debug_macro   0x000135be      0x127 ./Core/Src/main.o
 .debug_macro   0x000136e5       0x85 ./Core/Src/main.o
 .debug_macro   0x0001376a       0x89 ./Core/Src/main.o
 .debug_macro   0x000137f3      0x2aa ./Core/Src/main.o
 .debug_macro   0x00013a9d      0x293 ./Core/Src/main.o
 .debug_macro   0x00013d30       0xba ./Core/Src/main.o
 .debug_macro   0x00013dea      0x126 ./Core/Src/main.o
 .debug_macro   0x00013f10       0x61 ./Core/Src/main.o
 .debug_macro   0x00013f71       0x2a ./Core/Src/main.o
 .debug_macro   0x00013f9b       0x43 ./Core/Src/main.o
 .debug_macro   0x00013fde       0x34 ./Core/Src/main.o
 .debug_macro   0x00014012       0x16 ./Core/Src/main.o
 .debug_macro   0x00014028       0x3c ./Core/Src/main.o
 .debug_macro   0x00014064      0x370 ./Core/Src/main.o
 .debug_macro   0x000143d4       0x10 ./Core/Src/main.o
 .debug_macro   0x000143e4       0x16 ./Core/Src/main.o
 .debug_macro   0x000143fa       0x4a ./Core/Src/main.o
 .debug_macro   0x00014444       0x34 ./Core/Src/main.o
 .debug_macro   0x00014478       0x10 ./Core/Src/main.o
 .debug_macro   0x00014488       0x58 ./Core/Src/main.o
 .debug_macro   0x000144e0       0x8e ./Core/Src/main.o
 .debug_macro   0x0001456e       0x1c ./Core/Src/main.o
 .debug_macro   0x0001458a      0x185 ./Core/Src/main.o
 .debug_macro   0x0001470f       0x16 ./Core/Src/main.o
 .debug_macro   0x00014725       0x16 ./Core/Src/main.o
 .debug_macro   0x0001473b      0x146 ./Core/Src/main.o
 .debug_macro   0x00014881       0x16 ./Core/Src/main.o
 .debug_macro   0x00014897       0x16 ./Core/Src/main.o
 .debug_macro   0x000148ad       0x29 ./Core/Src/main.o
 .debug_macro   0x000148d6       0x16 ./Core/Src/main.o
 .debug_macro   0x000148ec       0x20 ./Core/Src/main.o
 .debug_macro   0x0001490c       0x65 ./Core/Src/main.o
 .debug_macro   0x00014971      0x20f ./Core/Src/main.o
 .debug_macro   0x00014b80       0x95 ./Core/Src/main.o
 .debug_macro   0x00014c15       0x10 ./Core/Src/main.o
 .debug_macro   0x00014c25      0x1e8 ./Core/Src/stm32f4xx_hal_msp.o
 .debug_macro   0x00014e0d      0x1f2 ./Core/Src/stm32f4xx_it.o
 .debug_macro   0x00014fff      0x1de ./Core/Src/system_stm32f4xx.o
 .debug_macro   0x000151dd      0x23e ./Drivers/STM32F4xx_HAL_Driver/Src/stm32f4xx_hal.o
 .debug_macro   0x0001541b      0x1de ./Drivers/STM32F4xx_HAL_Driver/Src/stm32f4xx_hal_cortex.o
 .debug_macro   0x000155f9      0x1e4 ./Drivers/STM32F4xx_HAL_Driver/Src/stm32f4xx_hal_gpio.o
 .debug_macro   0x000157dd      0x1ea ./Drivers/STM32F4xx_HAL_Driver/Src/stm32f4xx_hal_pcd.o
 .debug_macro   0x000159c7      0x1de ./Drivers/STM32F4xx_HAL_Driver/Src/stm32f4xx_hal_pcd_ex.o
 .debug_macro   0x00015ba5      0x202 ./Drivers/STM32F4xx_HAL_Driver/Src/stm32f4xx_hal_rcc.o
 .debug_macro   0x00015da7      0x1de ./Drivers/STM32F4xx_HAL_Driver/Src/stm32f4xx_hal_rcc_ex.o
 .debug_macro   0x00015f85      0x1df ./Drivers/STM32F4xx_HAL_Driver/Src/stm32f4xx_hal_uart.o
 .debug_macro   0x00016164      0x1de ./Drivers/STM32F4xx_HAL_Driver/Src/stm32f4xx_ll_usb.o
 .debug_macro   0x00016342      0x377 ./Middlewares/ST/STM32_USB_Device_Library/Class/CDC/Src/usbd_cdc.o
 .debug_macro   0x000166b9       0x9e ./Middlewares/ST/STM32_USB_Device_Library/Class/CDC/Src/usbd_cdc.o
 .debug_macro   0x00016757      0x112 ./Middlewares/ST/STM32_USB_Device_Library/Class/CDC/Src/usbd_cdc.o
 .debug_macro   0x00016869       0x56 ./Middlewares/ST/STM32_USB_Device_Library/Class/CDC/Src/usbd_cdc.o
 .debug_macro   0x000168bf      0x35e ./Middlewares/ST/STM32_USB_Device_Library/Core/Src/usbd_core.o
 .debug_macro   0x00016c1d      0x215 ./Middlewares/ST/STM32_USB_Device_Library/Core/Src/usbd_core.o
 .debug_macro   0x00016e32      0x368 ./Middlewares/ST/STM32_USB_Device_Library/Core/Src/usbd_ctlreq.o
 .debug_macro   0x0001719a      0x364 ./Middlewares/ST/STM32_USB_Device_Library/Core/Src/usbd_ioreq.o
 .debug_macro   0x000174fe      0x39d ./USB_DEVICE/App/usb_device.o
 .debug_macro   0x0001789b       0x22 ./USB_DEVICE/App/usb_device.o
 .debug_macro   0x000178bd       0x16 ./USB_DEVICE/App/usb_device.o
 .debug_macro   0x000178d3      0x382 ./USB_DEVICE/App/usbd_cdc_if.o
 .debug_macro   0x00017c55      0x3a1 ./USB_DEVICE/App/usbd_desc.o
 .debug_macro   0x00017ff6       0x1c ./USB_DEVICE/App/usbd_desc.o
 .debug_macro   0x00018012      0x381 ./USB_DEVICE/Target/usbd_conf.o

.debug_line     0x00000000    0x13cc3
 .debug_line    0x00000000      0xce9 ./Core/Src/main.o
 .debug_line    0x00000ce9      0x84c ./Core/Src/stm32f4xx_hal_msp.o
 .debug_line    0x00001535      0x8c6 ./Core/Src/stm32f4xx_it.o
 .debug_line    0x00001dfb      0x884 ./Core/Src/system_stm32f4xx.o
 .debug_line    0x0000267f       0x7a ./Core/Startup/startup_stm32f411vetx.o
 .debug_line    0x000026f9      0xaf1 ./Drivers/STM32F4xx_HAL_Driver/Src/stm32f4xx_hal.o
 .debug_line    0x000031ea      0xdc1 ./Drivers/STM32F4xx_HAL_Driver/Src/stm32f4xx_hal_cortex.o
 .debug_line    0x00003fab      0xc0d ./Drivers/STM32F4xx_HAL_Driver/Src/stm32f4xx_hal_gpio.o
 .debug_line    0x00004bb8     0x1536 ./Drivers/STM32F4xx_HAL_Driver/Src/stm32f4xx_hal_pcd.o
 .debug_line    0x000060ee      0x8ba ./Drivers/STM32F4xx_HAL_Driver/Src/stm32f4xx_hal_pcd_ex.o
 .debug_line    0x000069a8      0xf00 ./Drivers/STM32F4xx_HAL_Driver/Src/stm32f4xx_hal_rcc.o
 .debug_line    0x000078a8      0xba8 ./Drivers/STM32F4xx_HAL_Driver/Src/stm32f4xx_hal_rcc_ex.o
 .debug_line    0x00008450     0x2600 ./Drivers/STM32F4xx_HAL_Driver/Src/stm32f4xx_hal_uart.o
 .debug_line    0x0000aa50     0x1dbc ./Drivers/STM32F4xx_HAL_Driver/Src/stm32f4xx_ll_usb.o
 .debug_line    0x0000c80c     0x105f ./Middlewares/ST/STM32_USB_Device_Library/Class/CDC/Src/usbd_cdc.o
 .debug_line    0x0000d86b     0x1102 ./Middlewares/ST/STM32_USB_Device_Library/Core/Src/usbd_core.o
 .debug_line    0x0000e96d     0x12df ./Middlewares/ST/STM32_USB_Device_Library/Core/Src/usbd_ctlreq.o
 .debug_line    0x0000fc4c      0xc18 ./Middlewares/ST/STM32_USB_Device_Library/Core/Src/usbd_ioreq.o
 .debug_line    0x00010864      0xbe4 ./USB_DEVICE/App/usb_device.o
 .debug_line    0x00011448      0xc37 ./USB_DEVICE/App/usbd_cdc_if.o
 .debug_line    0x0001207f      0xc8d ./USB_DEVICE/App/usbd_desc.o
 .debug_line    0x00012d0c      0xfb7 ./USB_DEVICE/Target/usbd_conf.o

.debug_str      0x00000000    0x89ac2
 .debug_str     0x00000000    0x89ac2 ./Core/Src/main.o
                              0x86604 (size before relaxing)
 .debug_str     0x00089ac2    0x81875 ./Core/Src/stm32f4xx_hal_msp.o
 .debug_str     0x00089ac2    0x816fd ./Core/Src/stm32f4xx_it.o
 .debug_str     0x00089ac2    0x81406 ./Core/Src/system_stm32f4xx.o
 .debug_str     0x00089ac2       0x7a ./Core/Startup/startup_stm32f411vetx.o
 .debug_str     0x00089ac2    0x81e32 ./Drivers/STM32F4xx_HAL_Driver/Src/stm32f4xx_hal.o
 .debug_str     0x00089ac2    0x81b9c ./Drivers/STM32F4xx_HAL_Driver/Src/stm32f4xx_hal_cortex.o
 .debug_str     0x00089ac2    0x81581 ./Drivers/STM32F4xx_HAL_Driver/Src/stm32f4xx_hal_gpio.o
 .debug_str     0x00089ac2    0x81ed2 ./Drivers/STM32F4xx_HAL_Driver/Src/stm32f4xx_hal_pcd.o
 .debug_str     0x00089ac2    0x817c2 ./Drivers/STM32F4xx_HAL_Driver/Src/stm32f4xx_hal_pcd_ex.o
 .debug_str     0x00089ac2    0x8183a ./Drivers/STM32F4xx_HAL_Driver/Src/stm32f4xx_hal_rcc.o
 .debug_str     0x00089ac2    0x8158e ./Drivers/STM32F4xx_HAL_Driver/Src/stm32f4xx_hal_rcc_ex.o
 .debug_str     0x00089ac2    0x81e09 ./Drivers/STM32F4xx_HAL_Driver/Src/stm32f4xx_hal_uart.o
 .debug_str     0x00089ac2    0x81dad ./Drivers/STM32F4xx_HAL_Driver/Src/stm32f4xx_ll_usb.o
 .debug_str     0x00089ac2    0x86468 ./Middlewares/ST/STM32_USB_Device_Library/Class/CDC/Src/usbd_cdc.o
 .debug_str     0x00089ac2    0x85dc1 ./Middlewares/ST/STM32_USB_Device_Library/Core/Src/usbd_core.o
 .debug_str     0x00089ac2    0x85bec ./Middlewares/ST/STM32_USB_Device_Library/Core/Src/usbd_ctlreq.o
 .debug_str     0x00089ac2    0x85ac1 ./Middlewares/ST/STM32_USB_Device_Library/Core/Src/usbd_ioreq.o
 .debug_str     0x00089ac2    0x85e74 ./USB_DEVICE/App/usb_device.o
 .debug_str     0x00089ac2    0x85eb4 ./USB_DEVICE/App/usbd_cdc_if.o
 .debug_str     0x00089ac2    0x859c1 ./USB_DEVICE/App/usbd_desc.o
 .debug_str     0x00089ac2    0x86b70 ./USB_DEVICE/Target/usbd_conf.o

.comment        0x00000000       0x43
 .comment       0x00000000       0x43 ./Core/Src/main.o
                                 0x44 (size before relaxing)
 .comment       0x00000043       0x44 ./Core/Src/stm32f4xx_hal_msp.o
 .comment       0x00000043       0x44 ./Core/Src/stm32f4xx_it.o
 .comment       0x00000043       0x44 ./Core/Src/system_stm32f4xx.o
 .comment       0x00000043       0x44 ./Drivers/STM32F4xx_HAL_Driver/Src/stm32f4xx_hal.o
 .comment       0x00000043       0x44 ./Drivers/STM32F4xx_HAL_Driver/Src/stm32f4xx_hal_cortex.o
 .comment       0x00000043       0x44 ./Drivers/STM32F4xx_HAL_Driver/Src/stm32f4xx_hal_gpio.o
 .comment       0x00000043       0x44 ./Drivers/STM32F4xx_HAL_Driver/Src/stm32f4xx_hal_pcd.o
 .comment       0x00000043       0x44 ./Drivers/STM32F4xx_HAL_Driver/Src/stm32f4xx_hal_pcd_ex.o
 .comment       0x00000043       0x44 ./Drivers/STM32F4xx_HAL_Driver/Src/stm32f4xx_hal_rcc.o
 .comment       0x00000043       0x44 ./Drivers/STM32F4xx_HAL_Driver/Src/stm32f4xx_hal_rcc_ex.o
 .comment       0x00000043       0x44 ./Drivers/STM32F4xx_HAL_Driver/Src/stm32f4xx_hal_uart.o
 .comment       0x00000043       0x44 ./Drivers/STM32F4xx_HAL_Driver/Src/stm32f4xx_ll_usb.o
 .comment       0x00000043       0x44 ./Middlewares/ST/STM32_USB_Device_Library/Class/CDC/Src/usbd_cdc.o
 .comment       0x00000043       0x44 ./Middlewares/ST/STM32_USB_Device_Library/Core/Src/usbd_core.o
 .comment       0x00000043       0x44 ./Middlewares/ST/STM32_USB_Device_Library/Core/Src/usbd_ctlreq.o
 .comment       0x00000043       0x44 ./Middlewares/ST/STM32_USB_Device_Library/Core/Src/usbd_ioreq.o
 .comment       0x00000043       0x44 ./USB_DEVICE/App/usb_device.o
 .comment       0x00000043       0x44 ./USB_DEVICE/App/usbd_cdc_if.o
 .comment       0x00000043       0x44 ./USB_DEVICE/App/usbd_desc.o
 .comment       0x00000043       0x44 ./USB_DEVICE/Target/usbd_conf.o

.debug_frame    0x00000000     0x37cc
 .debug_frame   0x00000000       0xd8 ./Core/Src/main.o
 .debug_frame   0x000000d8       0x80 ./Core/Src/stm32f4xx_hal_msp.o
 .debug_frame   0x00000158      0x120 ./Core/Src/stm32f4xx_it.o
 .debug_frame   0x00000278       0x58 ./Core/Src/system_stm32f4xx.o
 .debug_frame   0x000002d0      0x374 ./Drivers/STM32F4xx_HAL_Driver/Src/stm32f4xx_hal.o
 .debug_frame   0x00000644      0x508 ./Drivers/STM32F4xx_HAL_Driver/Src/stm32f4xx_hal_cortex.o
 .debug_frame   0x00000b4c      0x14c ./Drivers/STM32F4xx_HAL_Driver/Src/stm32f4xx_hal_gpio.o
 .debug_frame   0x00000c98      0x5b8 ./Drivers/STM32F4xx_HAL_Driver/Src/stm32f4xx_hal_pcd.o
 .debug_frame   0x00001250       0xb0 ./Drivers/STM32F4xx_HAL_Driver/Src/stm32f4xx_hal_pcd_ex.o
 .debug_frame   0x00001300      0x1f4 ./Drivers/STM32F4xx_HAL_Driver/Src/stm32f4xx_hal_rcc.o
 .debug_frame   0x000014f4      0x118 ./Drivers/STM32F4xx_HAL_Driver/Src/stm32f4xx_hal_rcc_ex.o
 .debug_frame   0x0000160c      0x954 ./Drivers/STM32F4xx_HAL_Driver/Src/stm32f4xx_hal_uart.o
 .debug_frame   0x00001f60      0x7c0 ./Drivers/STM32F4xx_HAL_Driver/Src/stm32f4xx_ll_usb.o
 .debug_frame   0x00002720      0x23c ./Middlewares/ST/STM32_USB_Device_Library/Class/CDC/Src/usbd_cdc.o
 .debug_frame   0x0000295c      0x390 ./Middlewares/ST/STM32_USB_Device_Library/Core/Src/usbd_core.o
 .debug_frame   0x00002cec      0x23c ./Middlewares/ST/STM32_USB_Device_Library/Core/Src/usbd_ctlreq.o
 .debug_frame   0x00002f28      0x10c ./Middlewares/ST/STM32_USB_Device_Library/Core/Src/usbd_ioreq.o
 .debug_frame   0x00003034       0x2c ./USB_DEVICE/App/usb_device.o
 .debug_frame   0x00003060       0xe4 ./USB_DEVICE/App/usbd_cdc_if.o
 .debug_frame   0x00003144      0x160 ./USB_DEVICE/App/usbd_desc.o
 .debug_frame   0x000032a4      0x47c ./USB_DEVICE/Target/usbd_conf.o
 .debug_frame   0x00003720       0x20 G:/stm32cubeide/Install/STM32CubeIDE_1.18.0/STM32CubeIDE/plugins/com.st.stm32cube.ide.mcu.externaltools.gnu-tools-for-stm32.13.3.rel1.win32_1.0.0.202411081344/tools/bin/../lib/gcc/arm-none-eabi/13.3.1/../../../../arm-none-eabi/lib/thumb/v7e-m+fp/hard\libc_nano.a(libc_a-memset.o)
 .debug_frame   0x00003740       0x2c G:/stm32cubeide/Install/STM32CubeIDE_1.18.0/STM32CubeIDE/plugins/com.st.stm32cube.ide.mcu.externaltools.gnu-tools-for-stm32.13.3.rel1.win32_1.0.0.202411081344/tools/bin/../lib/gcc/arm-none-eabi/13.3.1/../../../../arm-none-eabi/lib/thumb/v7e-m+fp/hard\libc_nano.a(libc_a-init.o)
 .debug_frame   0x0000376c       0x2c G:/stm32cubeide/Install/STM32CubeIDE_1.18.0/STM32CubeIDE/plugins/com.st.stm32cube.ide.mcu.externaltools.gnu-tools-for-stm32.13.3.rel1.win32_1.0.0.202411081344/tools/bin/../lib/gcc/arm-none-eabi/13.3.1/thumb/v7e-m+fp/hard\libgcc.a(_aeabi_uldivmod.o)
 .debug_frame   0x00003798       0x34 G:/stm32cubeide/Install/STM32CubeIDE_1.18.0/STM32CubeIDE/plugins/com.st.stm32cube.ide.mcu.externaltools.gnu-tools-for-stm32.13.3.rel1.win32_1.0.0.202411081344/tools/bin/../lib/gcc/arm-none-eabi/13.3.1/thumb/v7e-m+fp/hard\libgcc.a(_udivmoddi4.o)

.debug_line_str
                0x00000000       0x5e
 .debug_line_str
                0x00000000       0x5e ./Core/Startup/startup_stm32f411vetx.o
