2025-05-02 08:27:06,931 [INFO] Activator:176 - 


2025-05-02 08:27:06,935 [INFO] Activator:177 - !SESSION log4j initialized
2025-05-02 08:27:17,408 [INFO] LogOutputStream:77 - [STDOUT_REDIRECT] 
2025-05-02 08:27:25,001 [INFO] ApplicationProperties:184 - Using Application install path: G:\stm32cubeide\Install\STM32CubeIDE_1.18.0\STM32CubeIDE\plugins\com.st.stm32cube.common.mx_6.14.0.202502271554
2025-05-02 08:27:25,017 [INFO] DbMcusXml:78 - Set database path to: G:\stm32cubeide\Install\STM32CubeIDE_1.18.0\STM32CubeIDE\plugins\com.st.stm32cube.common.mx_6.14.0.202502271554\\db\/mcu/
2025-05-02 08:27:25,018 [INFO] ApiDb:274 - Set plugin database path to: G:\stm32cubeide\Install\STM32CubeIDE_1.18.0\STM32CubeIDE\plugins\com.st.stm32cube.common.mx_6.14.0.202502271554\\db\/plugins/boardmanager/
2025-05-02 08:27:25,018 [WARN] ApiDb:259 - Overriding images path with different value:  => G:\stm32cubeide\Install\STM32CubeIDE_1.18.0\STM32CubeIDE\plugins\com.st.stm32cube.common.mx_6.14.0.202502271554\\db\/plugins/mcufinder/images/
2025-05-02 08:27:25,032 [INFO] ApiDb:250 - Set database path to: C:\Users\Nghia\.stmcufinder\plugins\mcufinder//mcu/
2025-05-02 08:27:25,033 [INFO] DbMcusAds:125 - Set database path to: C:\Users\Nghia\.stmcufinder\plugins\mcufinder//mcu/
2025-05-02 08:27:25,035 [INFO] CrossReferenceDbSqlite:203 - Set database path to: C:\Users\Nghia\.stmcufinder\plugins\mcufinder//mcu/cs/
2025-05-02 08:27:25,140 [INFO] RulesReader:64 - Compatibility file has been processed (301 Rules)
2025-05-02 08:27:25,217 [INFO] DbMcusXml:78 - Set database path to: G:\stm32cubeide\Install\STM32CubeIDE_1.18.0\STM32CubeIDE\plugins\com.st.stm32cube.common.mx_6.14.0.202502271554\\db\/mcu/
2025-05-02 08:27:25,217 [INFO] ApiDb:274 - Set plugin database path to: G:\stm32cubeide\Install\STM32CubeIDE_1.18.0\STM32CubeIDE\plugins\com.st.stm32cube.common.mx_6.14.0.202502271554\\db\/plugins/boardmanager/
2025-05-02 08:27:25,218 [INFO] ApiDb:261 - Set plugin images path to: G:\stm32cubeide\Install\STM32CubeIDE_1.18.0\STM32CubeIDE\plugins\com.st.stm32cube.common.mx_6.14.0.202502271554\\db\/plugins/mcufinder/images/
2025-05-02 08:27:25,218 [WARN] DbFile:41 - Overriding database path with different value: C:\Users\Nghia\.stmcufinder\plugins\mcufinder/ => C:\Users\Nghia\.stmcufinder\plugins\mcufinder
2025-05-02 08:27:25,218 [INFO] ApiDb:250 - Set database path to: C:\Users\Nghia\.stmcufinder\plugins\mcufinder//mcu/
2025-05-02 08:27:25,218 [WARN] DbFile:41 - Overriding database path with different value: C:\Users\Nghia\.stmcufinder\plugins\mcufinder/ => C:\Users\Nghia\.stmcufinder\plugins\mcufinder
2025-05-02 08:27:25,218 [INFO] DbMcusAds:125 - Set database path to: C:\Users\Nghia\.stmcufinder\plugins\mcufinder//mcu/
2025-05-02 08:27:25,218 [WARN] DbFile:41 - Overriding database path with different value: C:\Users\Nghia\.stmcufinder\plugins\mcufinder/ => C:\Users\Nghia\.stmcufinder\plugins\mcufinder
2025-05-02 08:27:25,218 [WARN] DbFile:41 - Overriding database path with different value: C:\Users\Nghia\.stmcufinder\plugins\mcufinder/ => C:\Users\Nghia\.stmcufinder\plugins\mcufinder
2025-05-02 08:27:25,218 [INFO] CrossReferenceDbSqlite:203 - Set database path to: C:\Users\Nghia\.stmcufinder\plugins\mcufinder//mcu/cs/
2025-05-02 08:27:25,295 [INFO] MainPanel:272 - HeapMemory: 268435456
2025-05-02 08:27:25,401 [INFO] DbMcusXml:78 - Set database path to: G:\stm32cubeide\Install\STM32CubeIDE_1.18.0\STM32CubeIDE\plugins\com.st.stm32cube.common.mx_6.14.0.202502271554\\db\/mcu/
2025-05-02 08:27:25,401 [INFO] ApiDb:274 - Set plugin database path to: G:\stm32cubeide\Install\STM32CubeIDE_1.18.0\STM32CubeIDE\plugins\com.st.stm32cube.common.mx_6.14.0.202502271554\\db\/plugins/boardmanager/
2025-05-02 08:27:25,401 [INFO] ApiDb:261 - Set plugin images path to: G:\stm32cubeide\Install\STM32CubeIDE_1.18.0\STM32CubeIDE\plugins\com.st.stm32cube.common.mx_6.14.0.202502271554\\db\/plugins/mcufinder/images/
2025-05-02 08:27:25,401 [WARN] DbFile:41 - Overriding database path with different value: C:\Users\Nghia\.stmcufinder\plugins\mcufinder/ => C:\Users\Nghia\.stmcufinder\plugins\mcufinder
2025-05-02 08:27:25,401 [INFO] ApiDb:250 - Set database path to: C:\Users\Nghia\.stmcufinder\plugins\mcufinder//mcu/
2025-05-02 08:27:25,401 [WARN] DbFile:41 - Overriding database path with different value: C:\Users\Nghia\.stmcufinder\plugins\mcufinder/ => C:\Users\Nghia\.stmcufinder\plugins\mcufinder
2025-05-02 08:27:25,401 [INFO] DbMcusAds:125 - Set database path to: C:\Users\Nghia\.stmcufinder\plugins\mcufinder//mcu/
2025-05-02 08:27:25,401 [WARN] DbFile:41 - Overriding database path with different value: C:\Users\Nghia\.stmcufinder\plugins\mcufinder/ => C:\Users\Nghia\.stmcufinder\plugins\mcufinder
2025-05-02 08:27:25,401 [WARN] DbFile:41 - Overriding database path with different value: C:\Users\Nghia\.stmcufinder\plugins\mcufinder/ => C:\Users\Nghia\.stmcufinder\plugins\mcufinder
2025-05-02 08:27:25,401 [INFO] CrossReferenceDbSqlite:203 - Set database path to: C:\Users\Nghia\.stmcufinder\plugins\mcufinder//mcu/cs/
2025-05-02 08:27:25,420 [INFO] ApplicationProperties:184 - Using Application install path: G:\stm32cubeide\Install\STM32CubeIDE_1.18.0\STM32CubeIDE\plugins\com.st.stm32cube.common.mx_6.14.0.202502271554
2025-05-02 08:27:25,421 [INFO] PluginManage:196 - Search for loadable plugins [exclusion list=, ]
2025-05-02 08:27:25,423 [INFO] PluginManage:310 - Check plugin analytics
2025-05-02 08:27:30,488 [INFO] AnalyticsPlugin:253 - Accepted Software Licenses: STM32CubeMX.6.8.0,STM32CubeMX.6.1.1
2025-05-02 08:27:30,489 [INFO] AnalyticsPlugin:255 - Accepted CMSIS Pack Licenses: 
2025-05-02 08:27:30,489 [INFO] AnalyticsPlugin:257 - Accepted Firmware Licenses: FW.F4.1.27.0,FW.F4.1.28.0
2025-05-02 08:27:30,492 [INFO] PluginManage:359 - Loaded plugin analytics (category:tool,tabindex:-1)
2025-05-02 08:27:30,492 [INFO] PluginManage:310 - Check plugin cadmodel
2025-05-02 08:27:30,511 [INFO] CADModel:105 - Init CAD model plugin
2025-05-02 08:27:30,511 [INFO] PluginManage:359 - Loaded plugin cadmodel (category:power,tabindex:5)
2025-05-02 08:27:30,511 [INFO] PluginManage:310 - Check plugin clock
2025-05-02 08:27:30,533 [INFO] PluginManage:359 - Loaded plugin clock (category:base,tabindex:2)
2025-05-02 08:27:30,533 [INFO] PluginManage:310 - Check plugin ddr
2025-05-02 08:27:30,536 [INFO] PluginManage:359 - Loaded plugin ddr (category:tool,tabindex:6)
2025-05-02 08:27:30,536 [INFO] PluginManage:310 - Check plugin filemanager
2025-05-02 08:27:30,671 [INFO] PluginManage:359 - Loaded plugin filemanager (category:base,tabindex:10)
2025-05-02 08:27:30,671 [INFO] PluginManage:310 - Check plugin ipmanager
2025-05-02 08:27:30,679 [INFO] PluginManage:359 - Loaded plugin ipmanager (category:base,tabindex:5)
2025-05-02 08:27:30,679 [INFO] PluginManage:310 - Check plugin lpbam
2025-05-02 08:27:30,700 [INFO] PluginManage:359 - Loaded plugin lpbam (category:base,tabindex:0)
2025-05-02 08:27:30,700 [INFO] PluginManage:310 - Check plugin memorymap
2025-05-02 08:27:30,727 [INFO] PluginManage:359 - Loaded plugin memorymap (category:base,tabindex:4)
2025-05-02 08:27:30,728 [INFO] PluginManage:310 - Check plugin pinoutandconfiguration
2025-05-02 08:27:30,747 [INFO] PluginManage:359 - Loaded plugin pinoutandconfiguration (category:base,tabindex:1)
2025-05-02 08:27:30,747 [INFO] PluginManage:310 - Check plugin pinoutconfig
2025-05-02 08:27:30,837 [WARN] SupportedApi:132 - Cannot load RTOS API schema: s4s-elt-must-match.1: The content of 'definitions' must match (annotation?, (simpleType | complexType)?, (unique | key | keyref)*)). A problem was found starting at: attribute.
2025-05-02 08:27:30,976 [INFO] PluginManage:359 - Loaded plugin pinoutconfig (category:base,tabindex:0)
2025-05-02 08:27:30,976 [INFO] PluginManage:310 - Check plugin power
2025-05-02 08:27:31,001 [INFO] PluginManage:359 - Loaded plugin power (category:power,tabindex:4)
2025-05-02 08:27:31,001 [INFO] PluginManage:310 - Check plugin projectmanager
2025-05-02 08:27:31,028 [INFO] PluginManage:359 - Loaded plugin projectmanager (category:projectmanager,tabindex:4)
2025-05-02 08:27:31,028 [INFO] PluginManage:310 - Check plugin rif
2025-05-02 08:27:31,046 [INFO] PluginManage:359 - Loaded plugin rif (category:base,tabindex:3)
2025-05-02 08:27:31,046 [INFO] PluginManage:310 - Check plugin thirdparty
2025-05-02 08:27:31,349 [INFO] PluginManage:359 - Loaded plugin thirdparty (category:base,tabindex:-1)
2025-05-02 08:27:31,349 [WARN] IntegrityCheckThread:84 - waiting for thirdparty lock release [integrity check]
2025-05-02 08:27:31,349 [INFO] PluginManage:310 - Check plugin tools
2025-05-02 08:27:31,349 [INFO] IntegrityCheckThread:86 - entering critical section [integrity check]
2025-05-02 08:27:31,349 [INFO] ThirdPartyUpdaterWithRetryManager:70 - Updater plugin not ready yet. [1/15]
2025-05-02 08:27:31,395 [INFO] PluginManage:359 - Loaded plugin tools (category:base,tabindex:7)
2025-05-02 08:27:31,395 [INFO] PluginManage:310 - Check plugin tutovideos
2025-05-02 08:27:31,576 [INFO] PluginManage:359 - Loaded plugin tutovideos (category:base,tabindex:-1)
2025-05-02 08:27:31,576 [INFO] PluginManage:310 - Check plugin updater
2025-05-02 08:27:31,599 [INFO] PluginManage:359 - Loaded plugin updater (category:base,tabindex:12)
2025-05-02 08:27:31,599 [INFO] PluginManage:310 - Check plugin userauth
2025-05-02 08:27:31,606 [INFO] UserAuth:118 - Init User Auth plugin
2025-05-02 08:27:31,607 [INFO] PluginManage:359 - Loaded plugin userauth (category:base,tabindex:14)
2025-05-02 08:27:31,608 [INFO] PluginManage:283 - PluginManage : Loaded plugins [18]
2025-05-02 08:27:31,854 [INFO] PinOutPanel:1589 - setPackage(No Configuration,No Configuration)
2025-05-02 08:27:31,965 [INFO] CADModel:165 - CPN selected for project level
2025-05-02 08:27:31,965 [INFO] CADModel:114 - Register for checkConnection events
2025-05-02 08:27:31,996 [INFO] IPUIPlugin:80 - create IPUIPlugin
2025-05-02 08:27:31,996 [INFO] PluginManager:220 - loadIPPluginJar : add adc
2025-05-02 08:27:32,053 [INFO] IPUIPlugin:80 - create IPUIPlugin
2025-05-02 08:27:32,053 [INFO] PluginManager:220 - loadIPPluginJar : add aes
2025-05-02 08:27:32,142 [INFO] IPUIPlugin:80 - create IPUIPlugin
2025-05-02 08:27:32,142 [INFO] PluginManager:220 - loadIPPluginJar : add can
2025-05-02 08:27:32,187 [INFO] IPUIPlugin:80 - create IPUIPlugin
2025-05-02 08:27:32,187 [INFO] PluginManager:220 - loadIPPluginJar : add comp
2025-05-02 08:27:32,264 [INFO] IPUIPlugin:80 - create IPUIPlugin
2025-05-02 08:27:32,265 [INFO] PluginManager:220 - loadIPPluginJar : add cryp
2025-05-02 08:27:32,279 [INFO] IPUIPlugin:80 - create IPUIPlugin
2025-05-02 08:27:32,279 [INFO] PluginManager:220 - loadIPPluginJar : add ddr_ctrl_phy
2025-05-02 08:27:32,317 [INFO] IPUIPlugin:80 - create IPUIPlugin
2025-05-02 08:27:32,317 [INFO] PluginManager:220 - loadIPPluginJar : add dfsdm
2025-05-02 08:27:32,333 [INFO] IPUIPlugin:80 - create IPUIPlugin
2025-05-02 08:27:32,334 [INFO] PluginManager:220 - loadIPPluginJar : add dma
2025-05-02 08:27:32,381 [INFO] IPUIPlugin:80 - create IPUIPlugin
2025-05-02 08:27:32,381 [INFO] PluginManager:220 - loadIPPluginJar : add dma3
2025-05-02 08:27:32,437 [INFO] IPUIPlugin:80 - create IPUIPlugin
2025-05-02 08:27:32,437 [INFO] PluginManager:220 - loadIPPluginJar : add extmemmanager
2025-05-02 08:27:32,462 [INFO] IPUIPlugin:80 - create IPUIPlugin
2025-05-02 08:27:32,462 [INFO] PluginManager:220 - loadIPPluginJar : add fatfs
2025-05-02 08:27:32,520 [INFO] IPUIPlugin:80 - create IPUIPlugin
2025-05-02 08:27:32,520 [INFO] PluginManager:220 - loadIPPluginJar : add fmc
2025-05-02 08:27:32,536 [INFO] IPUIPlugin:80 - create IPUIPlugin
2025-05-02 08:27:32,536 [INFO] PluginManager:220 - loadIPPluginJar : add freertos
2025-05-02 08:27:32,565 [INFO] IPUIPlugin:80 - create IPUIPlugin
2025-05-02 08:27:32,566 [INFO] PluginManager:220 - loadIPPluginJar : add genericplugin
2025-05-02 08:27:32,690 [INFO] IPUIPlugin:80 - create IPUIPlugin
2025-05-02 08:27:32,690 [INFO] PluginManager:220 - loadIPPluginJar : add gfxmmu
2025-05-02 08:27:32,848 [INFO] IPUIPlugin:80 - create IPUIPlugin
2025-05-02 08:27:32,848 [INFO] PluginManager:220 - loadIPPluginJar : add gic
2025-05-02 08:27:32,864 [INFO] IPUIPlugin:80 - create IPUIPlugin
2025-05-02 08:27:32,864 [INFO] PluginManager:220 - loadIPPluginJar : add gpio
2025-05-02 08:27:32,972 [INFO] IPUIPlugin:80 - create IPUIPlugin
2025-05-02 08:27:32,973 [INFO] PluginManager:220 - loadIPPluginJar : add gtzc
2025-05-02 08:27:33,016 [INFO] IPUIPlugin:80 - create IPUIPlugin
2025-05-02 08:27:33,016 [INFO] PluginManager:220 - loadIPPluginJar : add hash
2025-05-02 08:27:33,080 [INFO] IPUIPlugin:80 - create IPUIPlugin
2025-05-02 08:27:33,080 [INFO] PluginManager:220 - loadIPPluginJar : add i2c
2025-05-02 08:27:33,129 [INFO] IPUIPlugin:80 - create IPUIPlugin
2025-05-02 08:27:33,129 [INFO] PluginManager:220 - loadIPPluginJar : add i2s
2025-05-02 08:27:33,180 [INFO] IPUIPlugin:80 - create IPUIPlugin
2025-05-02 08:27:33,181 [INFO] PluginManager:220 - loadIPPluginJar : add i3c
2025-05-02 08:27:33,299 [INFO] IPUIPlugin:80 - create IPUIPlugin
2025-05-02 08:27:33,299 [INFO] PluginManager:220 - loadIPPluginJar : add ipddr
2025-05-02 08:27:33,416 [INFO] IPUIPlugin:80 - create IPUIPlugin
2025-05-02 08:27:33,417 [INFO] PluginManager:220 - loadIPPluginJar : add linkedlist
2025-05-02 08:27:33,469 [INFO] IPUIPlugin:80 - create IPUIPlugin
2025-05-02 08:27:33,470 [INFO] PluginManager:220 - loadIPPluginJar : add lorawan
2025-05-02 08:27:33,516 [INFO] IPUIPlugin:80 - create IPUIPlugin
2025-05-02 08:27:33,516 [INFO] PluginManager:220 - loadIPPluginJar : add ltdc
2025-05-02 08:27:33,531 [INFO] IPUIPlugin:80 - create IPUIPlugin
2025-05-02 08:27:33,531 [INFO] PluginManager:220 - loadIPPluginJar : add mdma
2025-05-02 08:27:33,544 [INFO] IPUIPlugin:80 - create IPUIPlugin
2025-05-02 08:27:33,545 [INFO] PluginManager:220 - loadIPPluginJar : add nvic
2025-05-02 08:27:33,596 [INFO] IPUIPlugin:80 - create IPUIPlugin
2025-05-02 08:27:33,596 [INFO] PluginManager:220 - loadIPPluginJar : add opamp
2025-05-02 08:27:33,678 [INFO] IPUIPlugin:80 - create IPUIPlugin
2025-05-02 08:27:33,678 [INFO] PluginManager:220 - loadIPPluginJar : add openamp
2025-05-02 08:27:33,736 [INFO] IPUIPlugin:80 - create IPUIPlugin
2025-05-02 08:27:33,736 [INFO] PluginManager:220 - loadIPPluginJar : add pdm2pcm
2025-05-02 08:27:33,750 [INFO] IPUIPlugin:80 - create IPUIPlugin
2025-05-02 08:27:33,752 [INFO] PluginManager:220 - loadIPPluginJar : add plateformsettings
2025-05-02 08:27:33,784 [INFO] IPUIPlugin:80 - create IPUIPlugin
2025-05-02 08:27:33,784 [INFO] PluginManager:220 - loadIPPluginJar : add quadspi
2025-05-02 08:27:33,817 [INFO] IPUIPlugin:80 - create IPUIPlugin
2025-05-02 08:27:33,818 [INFO] PluginManager:220 - loadIPPluginJar : add radio
2025-05-02 08:27:33,837 [INFO] IPUIPlugin:80 - create IPUIPlugin
2025-05-02 08:27:33,837 [INFO] PluginManager:220 - loadIPPluginJar : add resmgrutility
2025-05-02 08:27:33,901 [INFO] IPUIPlugin:80 - create IPUIPlugin
2025-05-02 08:27:33,902 [INFO] PluginManager:220 - loadIPPluginJar : add sai
2025-05-02 08:27:33,959 [INFO] IPUIPlugin:80 - create IPUIPlugin
2025-05-02 08:27:33,959 [INFO] PluginManager:220 - loadIPPluginJar : add spi
2025-05-02 08:27:34,051 [INFO] IPUIPlugin:80 - create IPUIPlugin
2025-05-02 08:27:34,051 [INFO] PluginManager:220 - loadIPPluginJar : add stm32_wpan
2025-05-02 08:27:34,081 [INFO] IPUIPlugin:80 - create IPUIPlugin
2025-05-02 08:27:34,081 [INFO] PluginManager:220 - loadIPPluginJar : add tim
2025-05-02 08:27:34,154 [INFO] IPUIPlugin:80 - create IPUIPlugin
2025-05-02 08:27:34,154 [INFO] PluginManager:220 - loadIPPluginJar : add touchsensing
2025-05-02 08:27:34,186 [INFO] IPUIPlugin:80 - create IPUIPlugin
2025-05-02 08:27:34,186 [INFO] PluginManager:220 - loadIPPluginJar : add tracer_emb
2025-05-02 08:27:34,224 [INFO] IPUIPlugin:80 - create IPUIPlugin
2025-05-02 08:27:34,224 [INFO] PluginManager:220 - loadIPPluginJar : add ts
2025-05-02 08:27:34,257 [INFO] IPUIPlugin:80 - create IPUIPlugin
2025-05-02 08:27:34,257 [INFO] PluginManager:220 - loadIPPluginJar : add tsc
2025-05-02 08:27:34,285 [INFO] IPUIPlugin:80 - create IPUIPlugin
2025-05-02 08:27:34,286 [INFO] PluginManager:220 - loadIPPluginJar : add ucpd
2025-05-02 08:27:34,348 [INFO] IPUIPlugin:80 - create IPUIPlugin
2025-05-02 08:27:34,348 [INFO] PluginManager:220 - loadIPPluginJar : add usart
2025-05-02 08:27:34,351 [INFO] ThirdPartyUpdaterWithRetryManager:70 - Updater plugin not ready yet. [2/15]
2025-05-02 08:27:34,413 [INFO] IPUIPlugin:80 - create IPUIPlugin
2025-05-02 08:27:34,413 [INFO] PluginManager:220 - loadIPPluginJar : add usbx
2025-05-02 08:27:34,544 [FATAL] Updater:351 - Updater called before beeing initialized
2025-05-02 08:27:34,566 [INFO] RulesReader:64 - Compatibility file has been processed (301 Rules)
2025-05-02 08:27:34,576 [INFO] RulesReader:64 - Compatibility file has been processed (301 Rules)
2025-05-02 08:27:34,584 [INFO] CADModel:165 - CPN selected for project level
2025-05-02 08:27:34,584 [INFO] CADModel:114 - Register for checkConnection events
2025-05-02 08:27:34,585 [FATAL] Updater:351 - Updater called before beeing initialized
2025-05-02 08:27:34,585 [ERROR] CADModel:125 - Updater not yet initialized, retry later 
2025-05-02 08:27:34,750 [FATAL] Updater:351 - Updater called before beeing initialized
2025-05-02 08:27:34,752 [INFO] CADModel:165 - CPN selected for project level
2025-05-02 08:27:34,752 [INFO] CADModel:114 - Register for checkConnection events
2025-05-02 08:27:34,752 [FATAL] Updater:351 - Updater called before beeing initialized
2025-05-02 08:27:34,752 [ERROR] CADModel:125 - Updater not yet initialized, retry later 
2025-05-02 08:27:34,757 [FATAL] Updater:351 - Updater called before beeing initialized
2025-05-02 08:27:34,875 [FATAL] Updater:351 - Updater called before beeing initialized
2025-05-02 08:27:34,886 [INFO] DbMcusAds:53 - JSON generation date=Thu Mar 06 21:54:22 ICT 2025 (1741272862078)
2025-05-02 08:27:34,886 [FATAL] Updater:351 - Updater called before beeing initialized
2025-05-02 08:27:34,985 [WARN] DetailPanel:346 - Failed to get advertising image, set to default
2025-05-02 08:27:35,251 [FATAL] Updater:351 - Updater called before beeing initialized
2025-05-02 08:27:35,253 [FATAL] Updater:351 - Updater called before beeing initialized
2025-05-02 08:27:35,253 [FATAL] Updater:351 - Updater called before beeing initialized
2025-05-02 08:27:35,254 [WARN] DetailPanel:346 - Failed to get advertising image, set to default
2025-05-02 08:27:35,254 [FATAL] Updater:351 - Updater called before beeing initialized
2025-05-02 08:27:35,343 [ERROR] Updater:1198 - MainUpdater not yet initialized. External WinMGr cannot be set.
2025-05-02 08:27:35,354 [INFO] Updater:1134 - Updater Version found : 6.14.0
2025-05-02 08:27:35,407 [INFO] ApplicationProperties:184 - Using Application install path: G:\stm32cubeide\Install\STM32CubeIDE_1.18.0\STM32CubeIDE\plugins\com.st.stm32cube.common.mx_6.14.0.202502271554
2025-05-02 08:27:36,137 [INFO] MainUpdater:2872 - connection check result : 10
2025-05-02 08:27:36,138 [INFO] MainUpdater:289 - Updater Check For Update Now.
2025-05-02 08:27:36,138 [INFO] MicroXplorer:498 - Change Database Version : DB.6.0.140
2025-05-02 08:27:36,164 [INFO] McuFinderGlobals:63 - Set McuFinder mode to 2 (CubeIDE integrated)
2025-05-02 08:27:36,185 [INFO] UserAuth:486 - Internet connection configuration mode: 1
2025-05-02 08:27:36,244 [INFO] JxBrowserEngine:152 - Initiate JxBrowser Engine with user profile folder
2025-05-02 08:27:36,438 [INFO] CheckServerUpdateThread:120 - End of CheckServer Thread
2025-05-02 08:27:37,746 [INFO] WebApp:169 - Instantiating new browser for Auth
2025-05-02 08:27:38,049 [WARN] PackLoader:240 - Cannot read IP mode file for STMicroelectronics.FP-SNS-MOTENVWB1.1.4.0
2025-05-02 08:27:38,098 [WARN] PackLoader:240 - Cannot read IP mode file for STMicroelectronics.FP-ATR-ASTRA1.2.0.2
2025-05-02 08:27:38,140 [WARN] PackLoader:240 - Cannot read IP mode file for STMicroelectronics.X-CUBE-SMBUS.2.1.0
2025-05-02 08:27:38,179 [WARN] PackLoader:240 - Cannot read IP mode file for STMicroelectronics.X-CUBE-WB05N.1.1.0
2025-05-02 08:27:38,296 [WARN] PackLoader:240 - Cannot read IP mode file for STMicroelectronics.X-CUBE-AZRTOS-F7.1.1.0
2025-05-02 08:27:38,323 [WARN] PackLoader:240 - Cannot read IP mode file for STMicroelectronics.FP-SNS-FLIGHT1.5.0.2
2025-05-02 08:27:38,379 [WARN] PackLoader:240 - Cannot read IP mode file for STMicroelectronics.X-CUBE-DISPLAY.3.0.0
2025-05-02 08:27:38,428 [WARN] PackLoader:240 - Cannot read IP mode file for STMicroelectronics.X-CUBE-BLE1.7.0.0
2025-05-02 08:27:38,459 [WARN] PackLoader:240 - Cannot read IP mode file for STMicroelectronics.X-CUBE-NFC10.1.0.0
2025-05-02 08:27:38,523 [WARN] PackLoader:240 - Cannot read IP mode file for STMicroelectronics.X-CUBE-BLEMGR.4.0.0
2025-05-02 08:27:38,557 [WARN] PackLoader:240 - Cannot read IP mode file for emotas.I-CUBE-CANOPEN.1.3.0
2025-05-02 08:27:38,583 [WARN] ConditionMgr:438 - getConditionDescription Invalid condition id : Cortex-A Device cause : null
2025-05-02 08:27:38,625 [WARN] ConditionMgr:1044 - genDependencies : Invalid condition id : Cortex-A Device cause : null
2025-05-02 08:27:38,625 [WARN] ConditionMgr:1044 - genDependencies : Invalid condition id : Cortex-A Device cause : null
2025-05-02 08:27:38,626 [WARN] ConditionMgr:1044 - genDependencies : Invalid condition id : Cortex-A Device cause : null
2025-05-02 08:27:38,654 [WARN] PackLoader:240 - Cannot read IP mode file for STMicroelectronics.X-CUBE-BLEMGR.3.1.0
2025-05-02 08:27:38,691 [WARN] PackLoader:240 - Cannot read IP mode file for STMicroelectronics.X-CUBE-AI.10.0.0
2025-05-02 08:27:38,725 [WARN] PackLoader:240 - Cannot read IP mode file for STMicroelectronics.FP-SNS-SMARTAG2.1.2.0
2025-05-02 08:27:38,753 [WARN] PackLoader:240 - Cannot read IP mode file for STMicroelectronics.FP-SNS-FLIGHT1.5.1.0
2025-05-02 08:27:38,860 [WARN] PackLoader:240 - Cannot read IP mode file for STMicroelectronics.X-CUBE-MEMS1.11.1.0
2025-05-02 08:27:39,346 [INFO] WebApp:463 - Apply proxy settings
2025-05-02 08:27:39,347 [INFO] WebApp:548 - Chromium requires no authentication
2025-05-02 08:27:39,369 [INFO] WebApp:491 - Direct internet connection detected
2025-05-02 08:27:39,400 [INFO] LogOutputStream:77 - [STDOUT_REDIRECT] 1 : Invalid condition id : UX_CORESTACK_Condition cause : null
2025-05-02 08:27:39,401 [INFO] LogOutputStream:77 - [STDOUT_REDIRECT] 1 : Invalid condition id : UX_CORESTACK_Condition cause : null
2025-05-02 08:27:39,402 [INFO] LogOutputStream:77 - [STDOUT_REDIRECT] 1 : Invalid condition id : UX_CORESTACK_Condition cause : null
2025-05-02 08:27:39,405 [INFO] LogOutputStream:77 - [STDOUT_REDIRECT] 1 : Invalid condition id : UX_CORESTACK_Condition cause : null
2025-05-02 08:27:39,408 [INFO] LogOutputStream:77 - [STDOUT_REDIRECT] 1 : Invalid condition id : UX_CORESTACK_Condition cause : null
2025-05-02 08:27:39,413 [WARN] PackLoader:240 - Cannot read IP mode file for STMicroelectronics.X-CUBE-AZRTOS-WL.2.0.0
2025-05-02 08:27:39,414 [INFO] WebApp:894 - Register for checkConnection events
2025-05-02 08:27:39,414 [INFO] WebApp:463 - Apply proxy settings
2025-05-02 08:27:39,414 [INFO] WebApp:548 - Chromium requires no authentication
2025-05-02 08:27:39,416 [INFO] WebApp:491 - Direct internet connection detected
2025-05-02 08:27:39,449 [WARN] PackLoader:240 - Cannot read IP mode file for STMicroelectronics.FP-SNS-MOTENV1.5.0.0
2025-05-02 08:27:39,476 [WARN] PackLoader:240 - Cannot read IP mode file for wolfSSL.I-CUBE-wolfMQTT.1.19.0
2025-05-02 08:27:39,510 [WARN] PackLoader:240 - Cannot read IP mode file for WES.I-CUBE-Cesium.1.3.0
2025-05-02 08:27:39,531 [WARN] PackLoader:240 - Cannot read IP mode file for STMicroelectronics.X-CUBE-BLE2.3.3.0
2025-05-02 08:27:39,561 [WARN] PackLoader:240 - Cannot read IP mode file for STMicroelectronics.X-CUBE-NFC9.1.0.0
2025-05-02 08:27:39,588 [WARN] PackLoader:240 - Cannot read IP mode file for STMicroelectronics.X-CUBE-BLE1.7.1.0
2025-05-02 08:27:39,616 [WARN] PackLoader:240 - Cannot read IP mode file for STMicroelectronics.X-CUBE-TCPP.4.1.0
2025-05-02 08:27:39,717 [WARN] PackLoader:240 - Cannot read IP mode file for STMicroelectronics.X-CUBE-MEMS1.11.2.0
2025-05-02 08:27:39,763 [INFO] WebApp:225 - Starting web application
2025-05-02 08:27:39,763 [INFO] WebApp:593 - Web application path used G:\stm32cubeide\Install\STM32CubeIDE_1.18.0\STM32CubeIDE\plugins\com.st.stm32cube.common.mx_6.14.0.202502271554\db\plugins\mcufinder\reactClient1\index.html
2025-05-02 08:27:39,987 [INFO] WebApp:191 - Connection restablished
2025-05-02 08:27:39,988 [WARN] PackLoader:240 - Cannot read IP mode file for STMicroelectronics.X-CUBE-AZRTOS-G0.1.1.0
2025-05-02 08:27:40,050 [WARN] PackLoader:240 - Cannot read IP mode file for STMicroelectronics.X-CUBE-SAFEA1.1.2.2
2025-05-02 08:27:40,073 [INFO] UserAuth:486 - Internet connection configuration mode: 1
2025-05-02 08:27:40,115 [WARN] PackLoader:240 - Cannot read IP mode file for STMicroelectronics.X-CUBE-NFC4.3.0.0
2025-05-02 08:27:40,211 [WARN] PackLoader:240 - Cannot read IP mode file for EmbeddedOffice.I-CUBE-FS-RTOS.1.0.1
2025-05-02 08:27:40,280 [WARN] PackLoader:240 - Cannot read IP mode file for STMicroelectronics.X-CUBE-WB05N.2.0.0
2025-05-02 08:27:40,394 [WARN] PackLoader:240 - Cannot read IP mode file for STMicroelectronics.X-CUBE-TCPP.4.2.0
2025-05-02 08:27:40,448 [WARN] PackLoader:240 - Cannot read IP mode file for RealThread.X-CUBE-RT-Thread_Nano.4.1.1
2025-05-02 08:27:40,491 [WARN] PackLoader:240 - Cannot read IP mode file for STMicroelectronics.FP-ATR-SIGFOX1.3.2.0
2025-05-02 08:27:40,544 [WARN] PackLoader:240 - Cannot read IP mode file for wolfSSL.I-CUBE-wolfSSL.5.7.2
2025-05-02 08:27:40,593 [WARN] PackLoader:240 - Cannot read IP mode file for STMicroelectronics.X-CUBE-EEPRMA1.5.1.0
2025-05-02 08:27:40,636 [WARN] PackLoader:240 - Cannot read IP mode file for ITTIA_DB.I-CUBE-ITTIADB.8.9.0
2025-05-02 08:27:40,747 [WARN] PackLoader:240 - Cannot read IP mode file for SEGGER.I-CUBE-embOS.1.3.1
2025-05-02 08:27:40,888 [WARN] PackLoader:240 - Cannot read IP mode file for STMicroelectronics.X-CUBE-ALGOBUILD.1.4.0
2025-05-02 08:27:40,935 [WARN] PackLoader:240 - Cannot read IP mode file for STMicroelectronics.X-CUBE-GNSS1.6.0.0
2025-05-02 08:27:40,989 [WARN] PackLoader:240 - Cannot read IP mode file for STMicroelectronics.X-CUBE-AZRTOS-F4.1.1.0
2025-05-02 08:27:41,026 [WARN] PackLoader:240 - Cannot read IP mode file for Avnet-IotConnect.X-CUBE-IoTC-DA16k-PMOD.1.0.0
2025-05-02 08:27:41,066 [WARN] PackLoader:240 - Cannot read IP mode file for STMicroelectronics.X-CUBE-ISPU.2.1.0
2025-05-02 08:27:41,116 [WARN] PackLoader:240 - Cannot read IP mode file for STMicroelectronics.X-CUBE-FREERTOS.1.2.0
2025-05-02 08:27:41,190 [WARN] PackLoader:240 - Cannot read IP mode file for STMicroelectronics.X-CUBE-AZRTOS-L5.2.0.0
2025-05-02 08:27:41,225 [WARN] PackLoader:240 - Cannot read IP mode file for STMicroelectronics.X-CUBE-NFC6.3.1.0
2025-05-02 08:27:41,283 [WARN] PackLoader:240 - Cannot read IP mode file for STMicroelectronics.X-CUBE-DPower.1.2.0
2025-05-02 08:27:41,371 [WARN] PackLoader:240 - Cannot read IP mode file for STMicroelectronics.X-CUBE-AI.9.0.0
2025-05-02 08:27:41,400 [WARN] PackLoader:240 - Cannot read IP mode file for STMicroelectronics.X-CUBE-FREERTOS.1.3.0
2025-05-02 08:27:41,428 [WARN] PackLoader:240 - Cannot read IP mode file for STMicroelectronics.X-CUBE-NFC7.1.0.1
2025-05-02 08:27:41,457 [WARN] PackLoader:240 - Cannot read IP mode file for wolfSSL.I-CUBE-wolfTPM.3.2.0
2025-05-02 08:27:41,487 [WARN] PackLoader:240 - Cannot read IP mode file for STMicroelectronics.X-CUBE-DPower.1.3.0
2025-05-02 08:27:41,534 [WARN] ConditionMgr:438 - getConditionDescription Invalid condition id : LAN8742 Phy interface Condition cause : null
2025-05-02 08:27:41,534 [WARN] PackLoader:240 - Cannot read IP mode file for STMicroelectronics.X-CUBE-AZRTOS-L4.2.0.0
2025-05-02 08:27:41,538 [WARN] ConditionMgr:1044 - genDependencies : Invalid condition id : LAN8742 Phy interface Condition cause : null
2025-05-02 08:27:41,539 [WARN] ConditionMgr:1044 - genDependencies : Invalid condition id : LAN8742 Phy interface Condition cause : null
2025-05-02 08:27:41,540 [WARN] ConditionMgr:1044 - genDependencies : Invalid condition id : LAN8742 Phy interface Condition cause : null
2025-05-02 08:27:41,585 [WARN] PackLoader:240 - Cannot read IP mode file for STMicroelectronics.X-CUBE-SFXS2LP1.4.0.0
2025-05-02 08:27:41,636 [WARN] PackLoader:240 - Cannot read IP mode file for STMicroelectronics.X-CUBE-AZRTOS-H7.3.3.0
2025-05-02 08:27:41,677 [WARN] ConditionMgr:438 - getConditionDescription Invalid condition id : UX DEVICE CLASS RTOS Condition cause : null
2025-05-02 08:27:41,677 [WARN] ConditionMgr:438 - getConditionDescription Invalid condition id : UX DEVICE CLASS RTOS Condition cause : null
2025-05-02 08:27:41,679 [WARN] PackLoader:240 - Cannot read IP mode file for STMicroelectronics.X-CUBE-AZRTOS-WB.2.0.0
2025-05-02 08:27:41,680 [WARN] ConditionMgr:1044 - genDependencies : Invalid condition id : UX DEVICE CLASS RTOS Condition cause : null
2025-05-02 08:27:41,680 [WARN] ConditionMgr:1044 - genDependencies : Invalid condition id : UX DEVICE CLASS RTOS Condition cause : null
2025-05-02 08:27:41,681 [WARN] ConditionMgr:1044 - genDependencies : Invalid condition id : UX DEVICE CLASS RTOS Condition cause : null
2025-05-02 08:27:41,682 [WARN] ConditionMgr:1044 - genDependencies : Invalid condition id : UX DEVICE CLASS RTOS Condition cause : null
2025-05-02 08:27:41,682 [WARN] ConditionMgr:1044 - genDependencies : Invalid condition id : UX DEVICE CLASS RTOS Condition cause : null
2025-05-02 08:27:41,700 [WARN] PackLoader:240 - Cannot read IP mode file for STMicroelectronics.X-CUBE-GNSS1.7.0.1
2025-05-02 08:27:41,721 [WARN] PackLoader:240 - Cannot read IP mode file for STMicroelectronics.X-CUBE-TOUCHGFX.4.25.0
2025-05-02 08:27:41,748 [WARN] PackLoader:240 - Cannot read IP mode file for STMicroelectronics.FP-SNS-STBOX1.2.0.0
2025-05-02 08:27:41,771 [WARN] PackLoader:240 - Cannot read IP mode file for STMicroelectronics.X-CUBE-SUBG2.5.0.0
2025-05-02 08:27:41,961 [WARN] PackLoader:240 - Cannot read IP mode file for STMicroelectronics.X-CUBE-AZRTOS-H7RS.1.1.0
2025-05-02 08:27:41,984 [WARN] PackLoader:240 - Cannot read IP mode file for Cesanta.I-CUBE-Mongoose.7.13.0
2025-05-02 08:27:42,024 [WARN] PackLoader:240 - Cannot read IP mode file for STMicroelectronics.X-CUBE-AZRTOS-G4.2.0.0
2025-05-02 08:27:42,053 [WARN] PackLoader:240 - Cannot read IP mode file for STMicroelectronics.X-CUBE-ISPU.2.0.0
2025-05-02 08:27:42,091 [WARN] PackLoader:240 - Cannot read IP mode file for STMicroelectronics.X-CUBE-IPS.3.1.0
2025-05-02 08:27:42,120 [WARN] PackLoader:240 - Cannot read IP mode file for STMicroelectronics.X-CUBE-ALS.1.0.2
2025-05-02 08:27:42,180 [WARN] PackLoader:240 - Cannot read IP mode file for STMicroelectronics.X-CUBE-MEMS1.10.0.0
2025-05-02 08:27:42,255 [WARN] PackLoader:240 - Cannot read IP mode file for STMicroelectronics.X-CUBE-TOUCHGFX.4.24.0
2025-05-02 08:27:42,270 [WARN] PackLoader:240 - Cannot read IP mode file for portGmbH.I-Cube-SoM-uGOAL.1.1.0
2025-05-02 08:27:42,295 [WARN] PackLoader:240 - Cannot read IP mode file for STMicroelectronics.X-CUBE-AZRTOS-H7RS.1.0.0
2025-05-02 08:27:42,315 [WARN] PackLoader:240 - Cannot read IP mode file for STMicroelectronics.FP-ATR-ASTRA1.2.0.0
2025-05-02 08:27:42,335 [WARN] PackLoader:240 - Cannot read IP mode file for STMicroelectronics.X-CUBE-TOF1.3.4.2
2025-05-02 08:27:42,358 [WARN] PackLoader:240 - Cannot read IP mode file for STMicroelectronics.X-CUBE-TOF1.3.4.3
2025-05-02 08:27:42,399 [WARN] PackLoader:240 - Cannot read IP mode file for STMicroelectronics.X-CUBE-TOF1.3.4.1
2025-05-02 08:27:42,449 [WARN] PackLoader:240 - Cannot read IP mode file for STMicroelectronics.X-CUBE-AZRTOS-H7.3.2.0
2025-05-02 08:27:42,491 [WARN] PackLoader:240 - Cannot read IP mode file for Infineon.AIROC-Wi-Fi-Bluetooth-STM32.1.6.0
2025-05-02 08:27:42,521 [WARN] PackLoader:240 - Cannot read IP mode file for wolfSSL.I-CUBE-wolfSSH.1.4.17
2025-05-02 08:27:42,523 [INFO] ThirdParty:978 - Integrity check success = true
2025-05-02 08:27:42,523 [INFO] IntegrityCheckThread:100 - exiting critical section [integrity check]
2025-05-02 08:27:42,523 [INFO] IntegrityCheckThread:103 - End integrity checks thread
