15:58:25 **** Incremental Build of configuration Debug for project APPLICATION ****
make -j8 all 
arm-none-eabi-gcc "../Core/Src/system_stm32f4xx.c" -mcpu=cortex-m4 -std=gnu11 -g3 -DDEBUG -DUSE_HAL_DRIVER -DSTM32F411xE -c -I../Core/Inc -I../Drivers/STM32F4xx_HAL_Driver/Inc -I../Drivers/STM32F4xx_HAL_Driver/Inc/Legacy -I../Drivers/CMSIS/Device/ST/STM32F4xx/Include -I../Drivers/CMSIS/Include -I../USB_DEVICE/App -I../USB_DEVICE/Target -I../Middlewares/ST/STM32_USB_Device_Library/Core/Inc -I../Middlewares/ST/STM32_USB_Device_Library/Class/CDC/Inc -O0 -ffunction-sections -fdata-sections -Wall -fstack-usage -fcyclomatic-complexity -MMD -MP -MF"Core/Src/system_stm32f4xx.d" -MT"Core/Src/system_stm32f4xx.o" --specs=nano.specs -mfpu=fpv4-sp-d16 -mfloat-abi=hard -mthumb -o "Core/Src/system_stm32f4xx.o"
arm-none-eabi-gcc -o "APPLICATION.elf" @"objects.list"   -mcpu=cortex-m4 -T"G:\stm32cubeide\workspace\BootLoader\APPLICATION\STM32F411VETX_FLASH.ld" --specs=nosys.specs -Wl,-Map="APPLICATION.map" -Wl,--gc-sections -static --specs=nano.specs -mfpu=fpv4-sp-d16 -mfloat-abi=hard -mthumb -Wl,--start-group -lc -lm -Wl,--end-group
Finished building target: APPLICATION.elf
 
arm-none-eabi-size  APPLICATION.elf 
arm-none-eabi-objdump -h -S APPLICATION.elf  > "APPLICATION.list"
arm-none-eabi-objcopy  -O binary APPLICATION.elf  "APPLICATION.bin"
   text	   data	    bss	    dec	    hex	filename
  30264	    252	   8780	  39296	   9980	APPLICATION.elf
Finished building: default.size.stdout
 
Finished building: APPLICATION.bin
 
Finished building: APPLICATION.list
 

15:58:27 Build Finished. 0 errors, 0 warnings. (took 1s.892ms)

