16:01:51 **** Incremental Build of configuration Debug for project BOOTLOADER ****
make -j8 all 
arm-none-eabi-gcc "../Core/Src/main.c" -mcpu=cortex-m4 -std=gnu11 -g3 -DDEBUG -DUSE_HAL_DRIVER -DSTM32F411xE -c -I../Core/Inc -I../Drivers/STM32F4xx_HAL_Driver/Inc -I../Drivers/STM32F4xx_HAL_Driver/Inc/Legacy -I../Drivers/CMSIS/Device/ST/STM32F4xx/Include -I../Drivers/CMSIS/Include -I../USB_DEVICE/App -I../USB_DEVICE/Target -I../Middlewares/ST/STM32_USB_Device_Library/Core/Inc -I../Middlewares/ST/STM32_USB_Device_Library/Class/CDC/Inc -O0 -ffunction-sections -fdata-sections -Wall -fstack-usage -fcyclomatic-complexity -MMD -MP -MF"Core/Src/main.d" -MT"Core/Src/main.o" --specs=nano.specs -mfpu=fpv4-sp-d16 -mfloat-abi=hard -mthumb -o "Core/Src/main.o"
arm-none-eabi-gcc -o "BOOTLOADER.elf" @"objects.list"   -mcpu=cortex-m4 -T"G:\stm32cubeide\workspace\BootLoader\BOOTLOADER\STM32F411VETX_FLASH.ld" --specs=nosys.specs -Wl,-Map="BOOTLOADER.map" -Wl,--gc-sections -static --specs=nano.specs -mfpu=fpv4-sp-d16 -mfloat-abi=hard -mthumb -Wl,--start-group -lc -lm -Wl,--end-group
Finished building target: BOOTLOADER.elf
 
arm-none-eabi-size  BOOTLOADER.elf 
arm-none-eabi-objdump -h -S BOOTLOADER.elf  > "BOOTLOADER.list"
arm-none-eabi-objcopy  -O binary BOOTLOADER.elf  "BOOTLOADER.bin"
   text	   data	    bss	    dec	    hex	filename
  32236	    252	   8780	  41268	   a134	BOOTLOADER.elf
Finished building: default.size.stdout
 
Finished building: BOOTLOADER.bin
 
Finished building: BOOTLOADER.list
 
16:01:57 **** Incremental Build of configuration Debug for project BOOTLOADER ****
make -j8 all 
arm-none-eabi-size  BOOTLOADER.elf 
   text	   data	    bss	    dec	    hex	filename
  32236	    252	   8780	  41268	   a134	BOOTLOADER.elf
Finished building: default.size.stdout
 
